Component: Arm Compiler for Embedded 6.24 Tool: armlink [5f371500]

==============================================================================

Section Cross References

    main.o(.text.main) refers to zf_common_clock.o(.text.clock_init) for clock_init
    main.o(.text.main) refers to zf_common_debug.o(.text.debug_init) for debug_init
    main.o(.text.main) refers to zf_device_ips200.o(.text.ips200_set_dir) for ips200_set_dir
    main.o(.text.main) refers to zf_device_ips200.o(.text.ips200_set_font) for ips200_set_font
    main.o(.text.main) refers to zf_device_ips200.o(.text.ips200_set_color) for ips200_set_color
    main.o(.text.main) refers to zf_device_ips200.o(.text.ips200_init) for ips200_init
    main.o(.text.main) refers to zf_device_ips200.o(.text.ips200_clear) for ips200_clear
    main.o(.text.main) refers to zf_device_mt9v03x.o(.text.mt9v03x_init) for mt9v03x_init
    main.o(.text.main) refers to zf_driver_delay.o(.text.system_delay_ms) for system_delay_ms
    main.o(.text.main) refers to zf_device_key.o(.text.key_init) for key_init
    main.o(.text.main) refers to zf_common_clock.o(.data.system_clock) for system_clock
    main.o(.text.main) refers to zf_driver_pit.o(.text.pit_init) for pit_init
    main.o(.text.main) refers to mymenu.o(.text.menu_init) for menu_init
    main.o(.text.main) refers to motor.o(.text.motor_init) for motor_init
    main.o(.text.main) refers to mpu6050.o(.text.mpu6050_module_init) for mpu6050_module_init
    main.o(.text.main) refers to zf_common_interrupt.o(.text.interrupt_set_priority) for interrupt_set_priority
    main.o(.text.main) refers to servo.o(.text.servo_init) for servo_init
    main.o(.text.main) refers to control.o(.text.control_init) for control_init
    main.o(.text.main) refers to mymenu.o(.text.menu_show) for menu_show
    main.o(.text.main) refers to zf_device_mt9v03x.o(.bss.mt9v03x_finish_flag) for mt9v03x_finish_flag
    main.o(.text.main) refers to vision.o(.text.vis_deal) for vis_deal
    main.o(.text.main) refers to control.o(.bss.car_run) for car_run
    main.o(.text.main) refers to control.o(.text.control_update) for control_update
    main.o(.text.main) refers to vision.o(.bss.vis_frame_ready) for vis_frame_ready
    main.o(.text.main) refers to motor.o(.text.motor_stop) for motor_stop
    main.o(.text.main) refers to mymenu.o(.text.menu) for menu
    main.o(.ARM.exidx.text.main) refers to main.o(.text.main) for [Anonymous Symbol]
    isr.o(.ARM.exidx.text.TIM1_UP_IRQHandler) refers to isr.o(.text.TIM1_UP_IRQHandler) for [Anonymous Symbol]
    isr.o(.ARM.exidx.text.TIM2_IRQHandler) refers to isr.o(.text.TIM2_IRQHandler) for [Anonymous Symbol]
    isr.o(.ARM.exidx.text.TIM3_IRQHandler) refers to isr.o(.text.TIM3_IRQHandler) for [Anonymous Symbol]
    isr.o(.text.TIM4_IRQHandler) refers to zf_device_key.o(.text.key_get_state) for key_get_state
    isr.o(.text.TIM4_IRQHandler) refers to zf_device_key.o(.text.key_scanner) for key_scanner
    isr.o(.ARM.exidx.text.TIM4_IRQHandler) refers to isr.o(.text.TIM4_IRQHandler) for [Anonymous Symbol]
    isr.o(.ARM.exidx.text.TIM5_IRQHandler) refers to isr.o(.text.TIM5_IRQHandler) for [Anonymous Symbol]
    isr.o(.text.TIM6_IRQHandler) refers to encoder.o(.text.encoder_pit_callback) for encoder_pit_callback
    isr.o(.ARM.exidx.text.TIM6_IRQHandler) refers to isr.o(.text.TIM6_IRQHandler) for [Anonymous Symbol]
    isr.o(.ARM.exidx.text.TIM7_IRQHandler) refers to isr.o(.text.TIM7_IRQHandler) for [Anonymous Symbol]
    isr.o(.text.TIM8_UP_IRQHandler) refers to zf_device_tsl1401.o(.text.tsl1401_collect_pit_handler) for tsl1401_collect_pit_handler
    isr.o(.ARM.exidx.text.TIM8_UP_IRQHandler) refers to isr.o(.text.TIM8_UP_IRQHandler) for [Anonymous Symbol]
    isr.o(.ARM.exidx.text.UART1_IRQHandler) refers to isr.o(.text.UART1_IRQHandler) for [Anonymous Symbol]
    isr.o(.text.UART2_IRQHandler) refers to zf_device_gps_tau1201.o(.text.gps_uart_callback) for gps_uart_callback
    isr.o(.ARM.exidx.text.UART2_IRQHandler) refers to isr.o(.text.UART2_IRQHandler) for [Anonymous Symbol]
    isr.o(.ARM.exidx.text.UART3_IRQHandler) refers to isr.o(.text.UART3_IRQHandler) for [Anonymous Symbol]
    isr.o(.ARM.exidx.text.UART4_IRQHandler) refers to isr.o(.text.UART4_IRQHandler) for [Anonymous Symbol]
    isr.o(.ARM.exidx.text.UART5_IRQHandler) refers to isr.o(.text.UART5_IRQHandler) for [Anonymous Symbol]
    isr.o(.text.UART6_IRQHandler) refers to zf_device_type.o(.data.wireless_module_uart_handler) for wireless_module_uart_handler
    isr.o(.ARM.exidx.text.UART6_IRQHandler) refers to isr.o(.text.UART6_IRQHandler) for [Anonymous Symbol]
    isr.o(.ARM.exidx.text.UART7_IRQHandler) refers to isr.o(.text.UART7_IRQHandler) for [Anonymous Symbol]
    isr.o(.text.UART8_IRQHandler) refers to zf_device_type.o(.data.camera_uart_handler) for camera_uart_handler
    isr.o(.ARM.exidx.text.UART8_IRQHandler) refers to isr.o(.text.UART8_IRQHandler) for [Anonymous Symbol]
[...]
    [Anonymous Symbol]                       0x2000c000   Section        0  zf_device_mt9v03x.o(.bss.mt9v03x_version)
    scanner_period                           0x2000c0f4   Data           4  zf_device_key.o(.bss.scanner_period)
    [Anonymous Symbol]                       0x2000c0f4   Section        0  zf_device_key.o(.bss.scanner_period)
    servo_last_angle                         0x2000c100   Data           4  control.o(.bss.servo_last_angle)
    [Anonymous Symbol]                       0x2000c100   Section        0  control.o(.bss.servo_last_angle)
    servo_last_err                           0x2000c104   Data           4  control.o(.bss.servo_last_err)
    [Anonymous Symbol]                       0x2000c104   Section        0  control.o(.bss.servo_last_err)
    timer_function_state                     0x2000c10d   Data           8  zf_driver_timer.o(.bss.timer_function_state)
    [Anonymous Symbol]                       0x2000c10d   Section        0  zf_driver_timer.o(.bss.timer_function_state)
    timer_mode_state                         0x2000c115   Data           8  zf_driver_timer.o(.bss.timer_mode_state)
    [Anonymous Symbol]                       0x2000c115   Section        0  zf_driver_timer.o(.bss.timer_mode_state)
    tsl1401_init_state                       0x2000c31f   Data           1  zf_device_tsl1401.o(.bss.tsl1401_init_state)
    [Anonymous Symbol]                       0x2000c31f   Section        0  zf_device_tsl1401.o(.bss.tsl1401_init_state)
    uart_interrupt_state                     0x2000c320   Data           8  zf_driver_uart.o(.bss.uart_interrupt_state)
    [Anonymous Symbol]                       0x2000c320   Section        0  zf_driver_uart.o(.bss.uart_interrupt_state)
    vis_deal.frame_since_otsu                0x2000c328   Data           4  vision.o(.bss.vis_deal.frame_since_otsu)
    [Anonymous Symbol]                       0x2000c328   Section        0  vision.o(.bss.vis_deal.frame_since_otsu)
    zf_debug_init_flag                       0x2000c32d   Data           1  zf_common_debug.o(.bss.zf_debug_init_flag)
    [Anonymous Symbol]                       0x2000c32d   Section        0  zf_common_debug.o(.bss.zf_debug_init_flag)

    Global Symbols

    Symbol Name                              Value     Ov Type        Size  Object(Section)

    BuildAttributes$$THM_ISAv4$P$D$K$B$S$PE$A:L22UL41UL21$X:L11$S22US41US21$IEEE1$IW$~IW$USESV6$~STKCKD$USESV7$~SHL$OTIME$ROPI$IEEEX$EBA8$MICROLIB$REQ8$PRES8$EABIv2 0x00000000   Number         0  anon$$obj.o ABSOLUTE
    __cpp_initialize__aeabi_                  - Undefined Weak Reference
    __cxa_finalize                            - Undefined Weak Reference
    _clock_init                               - Undefined Weak Reference
    _microlib_exit                            - Undefined Weak Reference
    __Vectors_Size                           0x00000190   Number         0  startup_mm32f3277g.o ABSOLUTE
    __Vectors                                0x08000000   Data           4  startup_mm32f3277g.o(RESET)
    __Vectors_End                            0x08000190   Data           0  startup_mm32f3277g.o(RESET)
    __main                                   0x08000401   Thumb Code     0  entry.o(.ARM.Collect$$$$00000000)
    _main_stk                                0x08000401   Thumb Code     0  entry4.o(.ARM.Collect$$$$00000003)
    _main_scatterload                        0x08000405   Thumb Code     0  entry5.o(.ARM.Collect$$$$00000004)
    __main_after_scatterload                 0x08000409   Thumb Code     0  entry5.o(.ARM.Collect$$$$00000004)
    _main_clock                              0x08000409   Thumb Code     0  entry7b.o(.ARM.Collect$$$$00000008)
    _main_cpp_init                           0x08000409   Thumb Code     0  entry8b.o(.ARM.Collect$$$$0000000A)
    _main_init                               0x08000409   Thumb Code     0  entry9a.o(.ARM.Collect$$$$0000000B)
    __rt_final_cpp                           0x08000411   Thumb Code     0  entry10a.o(.ARM.Collect$$$$0000000D)
    __rt_final_exit                          0x08000411   Thumb Code     0  entry11a.o(.ARM.Collect$$$$0000000F)
    Reset_Handler                            0x08000415   Thumb Code     8  startup_mm32f3277g.o(.text)
    NMI_Handler                              0x0800041d   Thumb Code     2  startup_mm32f3277g.o(.text)
    HardFault_Handler                        0x0800041f   Thumb Code     2  startup_mm32f3277g.o(.text)
    MemManage_Handler                        0x08000421   Thumb Code     2  startup_mm32f3277g.o(.text)
    BusFault_Handler                         0x08000423   Thumb Code     2  startup_mm32f3277g.o(.text)
    UsageFault_Handler                       0x08000425   Thumb Code     2  startup_mm32f3277g.o(.text)
    SVC_Handler                              0x08000427   Thumb Code     2  startup_mm32f3277g.o(.text)
    DebugMon_Handler                         0x08000429   Thumb Code     2  startup_mm32f3277g.o(.text)
    PendSV_Handler                           0x0800042b   Thumb Code     2  startup_mm32f3277g.o(.text)
    SysTick_Handler                          0x0800042d   Thumb Code     2  startup_mm32f3277g.o(.text)
    ADC1_2_IRQHandler                        0x0800042f   Thumb Code     0  startup_mm32f3277g.o(.text)
    ADC3_IRQHandler                          0x0800042f   Thumb Code     0  startup_mm32f3277g.o(.text)
    CAN1_RX_IRQHandler                       0x0800042f   Thumb Code     0  startup_mm32f3277g.o(.text)
    COMP1_2_IRQHandler                       0x0800042f   Thumb Code     0  startup_mm32f3277g.o(.text)
    ETH_IRQHandler                           0x0800042f   Thumb Code     0  startup_mm32f3277g.o(.text)
    FLASH_IRQHandler                         0x0800042f   Thumb Code     0  startup_mm32f3277g.o(.text)
    FlashCache_IRQHandler                    0x0800042f   Thumb Code     0  startup_mm32f3277g.o(.text)
    I2C1_IRQHandler                          0x0800042f   Thumb Code     0  startup_mm32f3277g.o(.text)
    I2C2_IRQHandler                          0x0800042f   Thumb Code     0  startup_mm32f3277g.o(.text)
    OTG_FS_IRQHandler                        0x0800042f   Thumb Code     0  startup_mm32f3277g.o(.text)
    OTG_FS_WKUP_IRQHandler                   0x0800042f   Thumb Code     0  startup_mm32f3277g.o(.text)
    PVD_IRQHandler                           0x0800042f   Thumb Code     0  startup_mm32f3277g.o(.text)
    RCC_CRS_IRQHandler                       0x0800042f   Thumb Code     0  startup_mm32f3277g.o(.text)
    RTCAlarm_IRQHandler                      0x0800042f   Thumb Code     0  startup_mm32f3277g.o(.text)
    RTC_IRQHandler                           0x0800042f   Thumb Code     0  startup_mm32f3277g.o(.text)
    SDIO_IRQHandler                          0x0800042f   Thumb Code     0  startup_mm32f3277g.o(.text)
    SPI1_IRQHandler                          0x0800042f   Thumb Code     0  startup_mm32f3277g.o(.text)
    SPI2_IRQHandler                          0x0800042f   Thumb Code     0  startup_mm32f3277g.o(.text)
    SPI3_IRQHandler                          0x0800042f   Thumb Code     0  startup_mm32f3277g.o(.text)
    TAMPER_IRQHandler                        0x0800042f   Thumb Code     0  startup_mm32f3277g.o(.text)
    TIM1_BRK_IRQHandler                      0x0800042f   Thumb Code     0  startup_mm32f3277g.o(.text)
    TIM1_CC_IRQHandler                       0x0800042f   Thumb Code     0  startup_mm32f3277g.o(.text)
    TIM1_TRG_COM_IRQHandler                  0x0800042f   Thumb Code     0  startup_mm32f3277g.o(.text)
    TIM8_BRK_IRQHandler                      0x0800042f   Thumb Code     0  startup_mm32f3277g.o(.text)
    TIM8_CC_IRQHandler                       0x0800042f   Thumb Code     0  startup_mm32f3277g.o(.text)
    TIM8_TRG_COM_IRQHandler                  0x0800042f   Thumb Code     0  startup_mm32f3277g.o(.text)
    WWDG_IRQHandler                          0x0800042f   Thumb Code     0  startup_mm32f3277g.o(.text)
    __aeabi_memcpy                           0x08000439   Thumb Code    36  memcpya.o(.text)
    __aeabi_memcpy4                          0x08000439   Thumb Code     0  memcpya.o(.text)
    __aeabi_memcpy8                          0x08000439   Thumb Code     0  memcpya.o(.text)
    __aeabi_memset                           0x0800045d   Thumb Code    14  memseta.o(.text)
    __aeabi_memset4                          0x0800045d   Thumb Code     0  memseta.o(.text)
    __aeabi_memset8                          0x0800045d   Thumb Code     0  memseta.o(.text)
    __aeabi_memclr                           0x0800046b   Thumb Code     4  memseta.o(.text)
    __aeabi_memclr4                          0x0800046b   Thumb Code     0  memseta.o(.text)
    __aeabi_memclr8                          0x0800046b   Thumb Code     0  memseta.o(.text)
    _memset$wrapper                          0x0800046f   Thumb Code    18  memseta.o(.text)
    strlen                                   0x08000481   Thumb Code    14  strlen.o(.text)
    strncmp                                  0x0800048f   Thumb Code    30  strncmp.o(.text)
    __aeabi_fadd                             0x080004ad   Thumb Code   164  fadd.o(.text)
    __aeabi_fsub                             0x08000551   Thumb Code     6  fadd.o(.text)
    __aeabi_frsub                            0x08000557   Thumb Code     6  fadd.o(.text)
    __aeabi_fmul                             0x0800055d   Thumb Code   100  fmul.o(.text)
    __aeabi_fdiv                             0x080005c1   Thumb Code   124  fdiv.o(.text)
    __aeabi_dadd                             0x0800063d   Thumb Code   322  dadd.o(.text)
    __aeabi_dsub                             0x0800077f   Thumb Code     6  dadd.o(.text)
    __aeabi_drsub                            0x08000785   Thumb Code     6  dadd.o(.text)
    __aeabi_dmul                             0x0800078b   Thumb Code   228  dmul.o(.text)
    __aeabi_ddiv                             0x0800086f   Thumb Code   222  ddiv.o(.text)
    __aeabi_fcmple                           0x0800094d   Thumb Code    28  fcmple.o(.text)
    __aeabi_fcmpge                           0x08000969   Thumb Code    28  fcmpge.o(.text)
    __aeabi_fcmpgt                           0x08000985   Thumb Code    28  fcmpgt.o(.text)
    __aeabi_fcmpeq                           0x080009a1   Thumb Code    28  fcmpeq.o(.text)
    __aeabi_dcmpeq                           0x080009bd   Thumb Code    56  dcmpeq.o(.text)
    __aeabi_i2f                              0x080009f5   Thumb Code    18  fflti.o(.text)
    __aeabi_ui2f                             0x08000a07   Thumb Code    10  ffltui.o(.text)
    __aeabi_f2iz                             0x08000a11   Thumb Code    50  ffixi.o(.text)
    __aeabi_f2uiz                            0x08000a43   Thumb Code    40  ffixui.o(.text)
    __aeabi_d2iz                             0x08000a6b   Thumb Code    62  dfixi.o(.text)
    __aeabi_f2d                              0x08000aa9   Thumb Code    38  f2d.o(.text)
    __aeabi_uidiv                            0x08000acf   Thumb Code     0  uidiv.o(.text)
    __aeabi_uidivmod                         0x08000acf   Thumb Code    44  uidiv.o(.text)
    __aeabi_uldivmod                         0x08000afb   Thumb Code    98  uldiv.o(.text)
    __aeabi_llsl                             0x08000b5d   Thumb Code    30  llshl.o(.text)
    _ll_shift_l                              0x08000b5d   Thumb Code     0  llshl.o(.text)
    __aeabi_llsr                             0x08000b7b   Thumb Code    32  llushr.o(.text)
    _ll_ushift_r                             0x08000b7b   Thumb Code     0  llushr.o(.text)
    __aeabi_lasr                             0x08000b9b   Thumb Code    36  llsshr.o(.text)
    _ll_sshift_r                             0x08000b9b   Thumb Code     0  llsshr.o(.text)
    __I$use$fp                               0x08000bbf   Thumb Code     0  iusefp.o(.text)
    _float_round                             0x08000bbf   Thumb Code    18  fepilogue.o(.text)
    _float_epilogue                          0x08000bd1   Thumb Code    92  fepilogue.o(.text)
    _double_round                            0x08000c2d   Thumb Code    30  depilogue.o(.text)
    _double_epilogue                         0x08000c4b   Thumb Code   156  depilogue.o(.text)
    __aeabi_d2ulz                            0x08000ce7   Thumb Code    48  dfixul.o(.text)
    __aeabi_cdrcmple                         0x08000d19   Thumb Code    48  cdrcmple.o(.text)
    __scatterload                            0x08000d49   Thumb Code    38  init.o(.text)
    __scatterload_rt2                        0x08000d49   Thumb Code     0  init.o(.text)
    __decompress                             0x08000d79   Thumb Code     0  __dczerorl2.o(.text)
    __decompress1                            0x08000d79   Thumb Code    86  __dczerorl2.o(.text)
    DMA1_Channel1_IRQHandler                 0x08000e85   Thumb Code    32  isr.o(.text.DMA1_Channel1_IRQHandler)
    DMA1_Channel2_IRQHandler                 0x08000ea5   Thumb Code    34  isr.o(.text.DMA1_Channel2_IRQHandler)
    DMA1_Channel3_IRQHandler                 0x08000ec9   Thumb Code    34  isr.o(.text.DMA1_Channel3_IRQHandler)
    DMA1_Channel4_IRQHandler                 0x08000eed   Thumb Code    48  isr.o(.text.DMA1_Channel4_IRQHandler)
    DMA1_Channel5_IRQHandler                 0x08000f1d   Thumb Code    34  isr.o(.text.DMA1_Channel5_IRQHandler)
    DMA1_Channel6_IRQHandler                 0x08000f41   Thumb Code    34  isr.o(.text.DMA1_Channel6_IRQHandler)
    DMA1_Channel7_IRQHandler                 0x08000f65   Thumb Code    34  isr.o(.text.DMA1_Channel7_IRQHandler)
    DMA2_Channel1_IRQHandler                 0x08000f89   Thumb Code    36  isr.o(.text.DMA2_Channel1_IRQHandler)
    DMA2_Channel2_IRQHandler                 0x08000fad   Thumb Code    38  isr.o(.text.DMA2_Channel2_IRQHandler)
    DMA2_Channel3_IRQHandler                 0x08000fd5   Thumb Code    38  isr.o(.text.DMA2_Channel3_IRQHandler)
    DMA2_Channel4_IRQHandler                 0x08000ffd   Thumb Code    38  isr.o(.text.DMA2_Channel4_IRQHandler)
    DMA2_Channel5_IRQHandler                 0x08001025   Thumb Code    38  isr.o(.text.DMA2_Channel5_IRQHandler)
    EXTI0_IRQHandler                         0x0800104d   Thumb Code    18  isr.o(.text.EXTI0_IRQHandler)
    EXTI15_10_IRQHandler                     0x08001061   Thumb Code   228  isr.o(.text.EXTI15_10_IRQHandler)
    EXTI1_IRQHandler                         0x08001145   Thumb Code    18  isr.o(.text.EXTI1_IRQHandler)
    EXTI2_IRQHandler                         0x08001159   Thumb Code    18  isr.o(.text.EXTI2_IRQHandler)
    EXTI3_IRQHandler                         0x0800116d   Thumb Code    18  isr.o(.text.EXTI3_IRQHandler)
    EXTI4_IRQHandler                         0x08001181   Thumb Code    18  isr.o(.text.EXTI4_IRQHandler)
    EXTI9_5_IRQHandler                       0x08001195   Thumb Code   196  isr.o(.text.EXTI9_5_IRQHandler)
    Menu_Set_Limit                           0x08001289   Thumb Code    38  menu.o(.text.Menu_Set_Limit)
    SystemInit                               0x080012b1   Thumb Code    16  system_mm32f3277g.o(.text.SystemInit)
    TIM1_UP_IRQHandler                       0x080012c1   Thumb Code    18  isr.o(.text.TIM1_UP_IRQHandler)
    TIM2_IRQHandler                          0x080012d5   Thumb Code    16  isr.o(.text.TIM2_IRQHandler)
    TIM3_IRQHandler                          0x080012e5   Thumb Code    18  isr.o(.text.TIM3_IRQHandler)
    TIM4_IRQHandler                          0x080012f9   Thumb Code    74  isr.o(.text.TIM4_IRQHandler)
    TIM5_IRQHandler                          0x08001345   Thumb Code    18  isr.o(.text.TIM5_IRQHandler)
    TIM6_IRQHandler                          0x08001359   Thumb Code    24  isr.o(.text.TIM6_IRQHandler)
    TIM7_IRQHandler                          0x08001371   Thumb Code    18  isr.o(.text.TIM7_IRQHandler)
    TIM8_UP_IRQHandler                       0x08001385   Thumb Code    24  isr.o(.text.TIM8_UP_IRQHandler)
    UART1_IRQHandler                         0x0800139d   Thumb Code    72  isr.o(.text.UART1_IRQHandler)
    UART2_IRQHandler                         0x080013e5   Thumb Code    78  isr.o(.text.UART2_IRQHandler)
    UART3_IRQHandler                         0x08001435   Thumb Code    72  isr.o(.text.UART3_IRQHandler)
    UART4_IRQHandler                         0x0800147d   Thumb Code    72  isr.o(.text.UART4_IRQHandler)
    UART5_IRQHandler                         0x080014c5   Thumb Code    72  isr.o(.text.UART5_IRQHandler)
    UART6_IRQHandler                         0x0800150d   Thumb Code    86  isr.o(.text.UART6_IRQHandler)
    UART7_IRQHandler                         0x08001565   Thumb Code    72  isr.o(.text.UART7_IRQHandler)
    UART8_IRQHandler                         0x080015ad   Thumb Code    86  isr.o(.text.UART8_IRQHandler)
    adc_convert                              0x080016ed   Thumb Code   150  zf_driver_adc.o(.text.adc_convert)
    afio_init                                0x08001785   Thumb Code   384  zf_driver_gpio.o(.text.afio_init)
    camera_fifo_init                         0x08001a69   Thumb Code    28  zf_device_camera.o(.text.camera_fifo_init)
    camera_init                              0x08001a85   Thumb Code   202  zf_device_camera.o(.text.camera_init)
    clock_init                               0x08001c01   Thumb Code    36  zf_common_clock.o(.text.clock_init)
    control_init                             0x080020c1   Thumb Code    30  control.o(.text.control_init)
    control_update                           0x080020e1   Thumb Code    12  control.o(.text.control_update)
    debug_assert_handler                     0x080020ed   Thumb Code   108  zf_common_debug.o(.text.debug_assert_handler)
    debug_init                               0x08002199   Thumb Code    50  zf_common_debug.o(.text.debug_init)
    debug_log_handler                        0x080021cd   Thumb Code    66  zf_common_debug.o(.text.debug_log_handler)
    debug_output_init                        0x080025c1   Thumb Code    76  zf_common_debug.o(.text.debug_output_init)
    debug_output_struct_init                 0x0800260d   Thumb Code    48  zf_common_debug.o(.text.debug_output_struct_init)
    dm1xa_light_callback                     0x08002745   Thumb Code    58  zf_device_dm1xa.o(.text.dm1xa_light_callback)
    dm1xa_sound_callback                     0x08002781   Thumb Code   256  zf_device_dm1xa.o(.text.dm1xa_sound_callback)
    dma_camera_init                          0x08002881   Thumb Code   338  zf_driver_dma.o(.text.dma_camera_init)
    dma_disable                              0x080029d5   Thumb Code    50  zf_driver_dma.o(.text.dma_disable)
    dma_enable                               0x08002a09   Thumb Code    50  zf_driver_dma.o(.text.dma_enable)
    dma_set_count                            0x08002a3d   Thumb Code    52  zf_driver_dma.o(.text.dma_set_count)
    dynamicCreate_Menu_Folder                0x08002a71   Thumb Code    90  menu.o(.text.dynamicCreate_Menu_Folder)
    dynamicCreate_Menu_Number                0x08002acd   Thumb Code   100  menu.o(.text.dynamicCreate_Menu_Number)
    encoder_clear_count                      0x08002b31   Thumb Code   144  zf_driver_encoder.o(.text.encoder_clear_count)
    encoder_get_count                        0x08002bc1   Thumb Code   222  zf_driver_encoder.o(.text.encoder_get_count)
    encoder_pit_callback                     0x08002ca1   Thumb Code    60  encoder.o(.text.encoder_pit_callback)
    exti_init                                0x08002cdd   Thumb Code   672  zf_driver_exti.o(.text.exti_init)
    fifo_clear                               0x08002f7d   Thumb Code   168  zf_common_fifo.o(.text.fifo_clear)
    fifo_init                                0x08003085   Thumb Code   110  zf_common_fifo.o(.text.fifo_init)
    fifo_read_buffer                         0x080030f5   Thumb Code   496  zf_common_fifo.o(.text.fifo_read_buffer)
    fifo_used                                0x080032e5   Thumb Code    40  zf_common_fifo.o(.text.fifo_used)
    fifo_write_buffer                        0x0800330d   Thumb Code   506  zf_common_fifo.o(.text.fifo_write_buffer)
    fifo_write_element                       0x08003509   Thumb Code   190  zf_common_fifo.o(.text.fifo_write_element)
    func_float_to_str                        0x0800371d   Thumb Code   588  zf_common_function.o(.text.func_float_to_str)
    func_get_greatest_common_divisor         0x08003969   Thumb Code    66  zf_common_function.o(.text.func_get_greatest_common_divisor)
    func_int_to_str                          0x080039ad   Thumb Code   242  zf_common_function.o(.text.func_int_to_str)
    gpio_get_level                           0x08003aa1   Thumb Code    46  zf_driver_gpio.o(.text.gpio_get_level)
    gpio_init                                0x08003ad1   Thumb Code   488  zf_driver_gpio.o(.text.gpio_init)
    gpio_set_level                           0x08003cb9   Thumb Code    98  zf_driver_gpio.o(.text.gpio_set_level)
    gps_uart_callback                        0x08003d1d   Thumb Code   314  zf_device_gps_tau1201.o(.text.gps_uart_callback)
    interrupt_disable                        0x08003e59   Thumb Code    20  zf_common_interrupt.o(.text.interrupt_disable)
    interrupt_enable                         0x08003e6d   Thumb Code    20  zf_common_interrupt.o(.text.interrupt_enable)
    interrupt_global_disable                 0x08003e81   Thumb Code    36  zf_common_interrupt.o(.text.interrupt_global_disable)
    interrupt_init                           0x08003ea5   Thumb Code    10  zf_common_interrupt.o(.text.interrupt_init)
    interrupt_set_priority                   0x08003eb1   Thumb Code    28  zf_common_interrupt.o(.text.interrupt_set_priority)
    ips200_clear                             0x08003ecd   Thumb Code   270  zf_device_ips200.o(.text.ips200_clear)
    ips200_draw_point                        0x08004069   Thumb Code   234  zf_device_ips200.o(.text.ips200_draw_point)
    ips200_init                              0x08004155   Thumb Code  1138  zf_device_ips200.o(.text.ips200_init)
    ips200_set_color                         0x080045c9   Thumb Code    42  zf_device_ips200.o(.text.ips200_set_color)
    ips200_set_dir                           0x080045f5   Thumb Code   102  zf_device_ips200.o(.text.ips200_set_dir)
    ips200_set_font                          0x0800465d   Thumb Code    24  zf_device_ips200.o(.text.ips200_set_font)
    ips200_show_char                         0x08004739   Thumb Code   734  zf_device_ips200.o(.text.ips200_show_char)
    ips200_show_float                        0x08004a19   Thumb Code   350  zf_device_ips200.o(.text.ips200_show_float)
    ips200_show_gray_image                   0x08004b79   Thumb Code   532  zf_device_ips200.o(.text.ips200_show_gray_image)
    ips200_show_int                          0x08004d8d   Thumb Code   256  zf_device_ips200.o(.text.ips200_show_int)
    ips200_show_string                       0x08004e8d   Thumb Code   220  zf_device_ips200.o(.text.ips200_show_string)
    is_straight                              0x080051dd   Thumb Code   214  vision.o(.text.is_straight)
    key_clear_state                          0x08005ac5   Thumb Code    26  zf_device_key.o(.text.key_clear_state)
    key_get_state                            0x08005ae1   Thumb Code    24  zf_device_key.o(.text.key_get_state)
    key_init                                 0x08005af9   Thumb Code   122  zf_device_key.o(.text.key_init)
    key_scanner                              0x08005b75   Thumb Code   256  zf_device_key.o(.text.key_scanner)
    main                                     0x08005c75   Thumb Code   328  main.o(.text.main)
    menu                                     0x08005dbd   Thumb Code   404  mymenu.o(.text.menu)
    menu_init                                0x08005f51   Thumb Code  1064  mymenu.o(.text.menu_init)
    menu_show                                0x08006379   Thumb Code    86  mymenu.o(.text.menu_show)
    motor_init                               0x080063d1   Thumb Code    76  motor.o(.text.motor_init)
    motor_set_both                           0x0800641d   Thumb Code    32  motor.o(.text.motor_set_both)
    motor_set_left                           0x0800643d   Thumb Code   122  motor.o(.text.motor_set_left)
    motor_set_right                          0x080064b9   Thumb Code   122  motor.o(.text.motor_set_right)
    motor_stop                               0x08006535   Thumb Code    22  motor.o(.text.motor_stop)
    mpu6050_get_gyro                         0x080067a9   Thumb Code    94  zf_device_mpu6050.o(.text.mpu6050_get_gyro)
    mpu6050_init                             0x08006809   Thumb Code   306  zf_device_mpu6050.o(.text.mpu6050_init)
    mpu6050_module_init                      0x0800693d   Thumb Code    74  mpu6050.o(.text.mpu6050_module_init)
    mt9v03x_get_version                      0x08006b39   Thumb Code   160  zf_device_mt9v03x.o(.text.mt9v03x_get_version)
    mt9v03x_init                             0x08006bd9   Thumb Code   420  zf_device_mt9v03x.o(.text.mt9v03x_init)
    mt9v03x_set_config_sccb                  0x08006eb1   Thumb Code  2478  zf_device_config.o(.text.mt9v03x_set_config_sccb)
    pit_init                                 0x08007c55   Thumb Code   306  zf_driver_pit.o(.text.pit_init)
    pwm_init                                 0x08007d89   Thumb Code   598  zf_driver_pwm.o(.text.pwm_init)
    pwm_set_duty                             0x08007fe1   Thumb Code   302  zf_driver_pwm.o(.text.pwm_set_duty)
    servo_init                               0x08008111   Thumb Code    20  servo.o(.text.servo_init)
    servo_set_angle                          0x08008125   Thumb Code   102  servo.o(.text.servo_set_angle)
    set_camera_type                          0x080084d5   Thumb Code   138  zf_device_type.o(.text.set_camera_type)
    soft_iic_init                            0x08008721   Thumb Code   142  zf_driver_soft_iic.o(.text.soft_iic_init)
    soft_iic_read_8bit_register              0x080087b1   Thumb Code   114  zf_driver_soft_iic.o(.text.soft_iic_read_8bit_register)
    soft_iic_read_8bit_registers             0x08008825   Thumb Code   152  zf_driver_soft_iic.o(.text.soft_iic_read_8bit_registers)
    soft_iic_sccb_read_register              0x08008a21   Thumb Code   120  zf_driver_soft_iic.o(.text.soft_iic_sccb_read_register)
    soft_iic_sccb_write_register             0x08008a99   Thumb Code    86  zf_driver_soft_iic.o(.text.soft_iic_sccb_write_register)
    soft_iic_write_8bit_register             0x08008fe5   Thumb Code    86  zf_driver_soft_iic.o(.text.soft_iic_write_8bit_register)
    spi_init                                 0x0800903d   Thumb Code   870  zf_driver_spi.o(.text.spi_init)
    spi_write_16bit                          0x080093a5   Thumb Code   184  zf_driver_spi.o(.text.spi_write_16bit)
    spi_write_8bit                           0x0800945d   Thumb Code   134  zf_driver_spi.o(.text.spi_write_8bit)
    system_delay_ms                          0x08009bb5   Thumb Code   154  zf_driver_delay.o(.text.system_delay_ms)
    timer_clear                              0x08009c51   Thumb Code   178  zf_driver_timer.o(.text.timer_clear)
    timer_clock_enable                       0x08009d05   Thumb Code   182  zf_driver_timer.o(.text.timer_clock_enable)
    timer_etr_init                           0x08009dbd   Thumb Code   298  zf_driver_timer.o(.text.timer_etr_init)
    timer_funciton_check                     0x08009ee9   Thumb Code   104  zf_driver_timer.o(.text.timer_funciton_check)
    timer_get                                0x08009f51   Thumb Code   182  zf_driver_timer.o(.text.timer_get)
    tsl1401_collect_pit_handler              0x0800a009   Thumb Code   224  zf_device_tsl1401.o(.text.tsl1401_collect_pit_handler)
    uart_init                                0x0800a0ed   Thumb Code   652  zf_driver_uart.o(.text.uart_init)
    uart_query_byte                          0x0800a379   Thumb Code   102  zf_driver_uart.o(.text.uart_query_byte)
    uart_rx_interrupt                        0x0800a3e1   Thumb Code   160  zf_driver_uart.o(.text.uart_rx_interrupt)
    uart_write_buffer                        0x0800a481   Thumb Code   108  zf_driver_uart.o(.text.uart_write_buffer)
    uart_write_byte                          0x0800a4ed   Thumb Code    64  zf_driver_uart.o(.text.uart_write_byte)
    uart_write_string                        0x0800a52d   Thumb Code    64  zf_driver_uart.o(.text.uart_write_string)
    vis_bin_draw                             0x0800a56d   Thumb Code    38  vision.o(.text.vis_bin_draw)
    vis_deal                                 0x0800a595   Thumb Code  2418  vision.o(.text.vis_deal)
    vis_draw                                 0x0800af09   Thumb Code   388  vision.o(.text.vis_draw)
    __0sprintf                               0x0800b08d   Thumb Code    34  printfa.o(i.__0sprintf)
    __1sprintf                               0x0800b08d   Thumb Code     0  printfa.o(i.__0sprintf)
    __2sprintf                               0x0800b08d   Thumb Code     0  printfa.o(i.__0sprintf)
    __c89sprintf                             0x0800b08d   Thumb Code     0  printfa.o(i.__0sprintf)
    sprintf                                  0x0800b08d   Thumb Code     0  printfa.o(i.__0sprintf)
    __scatterload_copy                       0x0800b0b5   Thumb Code    14  handlers.o(i.__scatterload_copy)
    __scatterload_null                       0x0800b0c3   Thumb Code     2  handlers.o(i.__scatterload_null)
    __scatterload_zeroinit                   0x0800b0c5   Thumb Code    14  handlers.o(i.__scatterload_zeroinit)
    ascii_font_6x8                           0x0800ba3c   Data         552  zf_common_font.o(.rodata.ascii_font_6x8)
    ascii_font_8x16                          0x0800bc64   Data        1520  zf_common_font.o(.rodata.ascii_font_8x16)
    Region$$Table$$Base                      0x0800c628   Number         0  anon$$obj.o(Region$$Table)
    Region$$Table$$Limit                     0x0800c648   Number         0  anon$$obj.o(Region$$Table)
    angle_kd                                 0x20000008   Data           4  attitude.o(.data.angle_kd)
    asc_far                                  0x2000000c   Data           1  vision.o(.data.asc_far)
    camera_dma_handler                       0x20000010   Data           4  zf_device_type.o(.data.camera_dma_handler)
    camera_uart_handler                      0x20000014   Data           4  zf_device_type.o(.data.camera_uart_handler)
    camera_vsync_handler                     0x20000018   Data           4  zf_device_type.o(.data.camera_vsync_handler)
    gpio_group                               0x20000030   Data          32  zf_driver_gpio.o(.data.gpio_group)
    gyro_kd                                  0x20000050   Data           4  control.o(.data.gyro_kd)
    gyro_kd_curve                            0x20000054   Data           4  control.o(.data.gyro_kd_curve)
    motor_base_duty                          0x20000068   Data           4  control.o(.data.motor_base_duty)
    motor_curve_duty                         0x2000006c   Data           4  control.o(.data.motor_curve_duty)
    motor_diff_max                           0x20000070   Data           4  control.o(.data.motor_diff_max)
    motor_max_duty                           0x20000074   Data           4  control.o(.data.motor_max_duty)
    servo_center                             0x200000cc   Data           4  control.o(.data.servo_center)
    servo_dead                               0x200000d0   Data           4  control.o(.data.servo_dead)
    servo_dir                                0x200000d4   Data           4  control.o(.data.servo_dir)
    servo_kd_str                             0x200000d8   Data           4  control.o(.data.servo_kd_str)
    servo_kp1                                0x200000dc   Data           4  control.o(.data.servo_kp1)
    servo_kp2                                0x200000e0   Data           4  control.o(.data.servo_kp2)
    servo_max_add                            0x200000e4   Data           4  control.o(.data.servo_max_add)
    servo_max_cha                            0x200000e8   Data           4  control.o(.data.servo_max_cha)
    straight_far                             0x200000f4   Data           1  vision.o(.data.straight_far)
    system_clock                             0x200000f8   Data           4  zf_common_clock.o(.data.system_clock)
    wireless_module_uart_handler             0x20000128   Data           4  zf_device_type.o(.data.wireless_module_uart_handler)
    Image_Used                               0x20000130   Data       22560  vision.o(.bss.Image_Used)
    angle_kp_a                               0x20005954   Data           4  attitude.o(.bss.angle_kp_a)
    angle_pid_out                            0x20005958   Data           4  attitude.o(.bss.angle_pid_out)
    asc_range_dbg                            0x2000595c   Data           2  vision.o(.bss.asc_range_dbg)
    atti_yaw                                 0x20005960   Data           4  attitude.o(.bss.atti_yaw)
    camera_receiver_buffer                   0x20005964   Data           8  zf_device_camera.o(.bss.camera_receiver_buffer)
    camera_receiver_fifo                     0x2000596c   Data          24  zf_device_camera.o(.bss.camera_receiver_fifo)
    camera_type                              0x20005984   Data           1  zf_device_type.o(.bss.camera_type)
    car_run                                  0x20005985   Data           1  control.o(.bss.car_run)
    center_line                              0x20005986   Data         120  vision.o(.bss.center_line)
    encoder_left_speed                       0x20005a1e   Data           2  encoder.o(.bss.encoder_left_speed)
    encoder_right_speed                      0x20005a20   Data           2  encoder.o(.bss.encoder_right_speed)
    err                                      0x20005a24   Data           4  vision.o(.bss.err)
    gps_gga_state                            0x20005aa8   Data           1  zf_device_gps_tau1201.o(.bss.gps_gga_state)
    gps_rmc_state                            0x20005b29   Data           1  zf_device_gps_tau1201.o(.bss.gps_rmc_state)
    gps_tau1201_flag                         0x20005b2a   Data           1  zf_device_gps_tau1201.o(.bss.gps_tau1201_flag)
    gyro_z_dbg                               0x20005b48   Data           4  control.o(.bss.gyro_z_dbg)
    l_border                                 0x20005b98   Data         120  vision.o(.bss.l_border)
    l_border_exist                           0x20005c10   Data         120  vision.o(.bss.l_border_exist)
    motor_kd                                 0x2000678c   Data           4  control.o(.bss.motor_kd)
    motor_kp                                 0x20006790   Data           4  control.o(.bss.motor_kp)
    mpu6050_gyro_x                           0x20006798   Data           2  zf_device_mpu6050.o(.bss.mpu6050_gyro_x)
    mpu6050_gyro_y                           0x2000679a   Data           2  zf_device_mpu6050.o(.bss.mpu6050_gyro_y)
    mpu6050_gyro_z                           0x2000679c   Data           2  zf_device_mpu6050.o(.bss.mpu6050_gyro_z)
    mpu6050_gyro_z_offset                    0x2000679e   Data           2  zf_device_mpu6050.o(.bss.mpu6050_gyro_z_offset)
    mt9v03x_finish_flag                      0x200067b0   Data           1  zf_device_mt9v03x.o(.bss.mt9v03x_finish_flag)
    mt9v03x_image                            0x200067c8   Data       22560  zf_device_mt9v03x.o(.bss.mt9v03x_image)
    r_border                                 0x2000c002   Data         120  vision.o(.bss.r_border)
    r_border_exist                           0x2000c07a   Data         120  vision.o(.bss.r_border_exist)
    servo_fusion_alpha                       0x2000c0f8   Data           4  attitude.o(.bss.servo_fusion_alpha)
    servo_kd                                 0x2000c0fc   Data           4  control.o(.bss.servo_kd)
    steer_dbg                                0x2000c108   Data           4  control.o(.bss.steer_dbg)
    straight_dbg                             0x2000c10c   Data           1  vision.o(.bss.straight_dbg)
    tsl1401_data                             0x2000c11e   Data         512  zf_device_tsl1401.o(.bss.tsl1401_data)
    tsl1401_finish_flag                      0x2000c31e   Data           1  zf_device_tsl1401.o(.bss.tsl1401_finish_flag)
    vis_frame_ready                          0x2000c32c   Data           1  vision.o(.bss.vis_frame_ready)
    Image$$ARM_LIB_STACK$$ZI$$Limit          0x20020000   Number         0  anon$$obj.o ABSOLUTE



==============================================================================

Memory Map of the image

  Image Entry point : 0x08000401

  Load Region LR_m_text (Base: 0x08000000, Size: 0x0000c778, Max: 0x00080000, ABSOLUTE, COMPRESSED[0x0000c714])

    Execution Region VECTOR_ROM (Exec base: 0x08000000, Load base: 0x08000000, Size: 0x00000190, Max: 0x00000400, ABSOLUTE)

    Exec Addr    Load Addr    Size         Type   Attr      Idx    E Section Name        Object

    0x08000000   0x08000000   0x00000190   Data   RO         1511    RESET               startup_mm32f3277g.o


    Execution Region ER_m_text (Exec base: 0x08000400, Load base: 0x08000400, Size: 0x0000c248, Max: 0x0007fc00, ABSOLUTE, FIXED)

    Exec Addr    Load Addr    Size         Type   Attr      Idx    E Section Name        Object

    0x08000400   0x08000400   0x00000000   Code   RO         2710  * .ARM.Collect$$$$00000000  mc_w.l(entry.o)
    0x08000400   0x08000400   0x00000004   Code   RO         2844    .ARM.Collect$$$$00000003  mc_w.l(entry4.o)
    0x08000404   0x08000404   0x00000004   Code   RO         2847    .ARM.Collect$$$$00000004  mc_w.l(entry5.o)
    0x08000408   0x08000408   0x00000000   Code   RO         2849    .ARM.Collect$$$$00000008  mc_w.l(entry7b.o)
    0x08000408   0x08000408   0x00000000   Code   RO         2851    .ARM.Collect$$$$0000000A  mc_w.l(entry8b.o)
    0x08000408   0x08000408   0x00000008   Code   RO         2852    .ARM.Collect$$$$0000000B  mc_w.l(entry9a.o)
    0x08000410   0x08000410   0x00000000   Code   RO         2854    .ARM.Collect$$$$0000000D  mc_w.l(entry10a.o)
    0x08000410   0x08000410   0x00000000   Code   RO         2856    .ARM.Collect$$$$0000000F  mc_w.l(entry11a.o)
    0x08000410   0x08000410   0x00000004   Code   RO         2845    .ARM.Collect$$$$00002714  mc_w.l(entry4.o)
    0x08000414   0x08000414   0x00000024   Code   RO         1512    .text               startup_mm32f3277g.o
    0x08000438   0x08000438   0x00000024   Code   RO         2713    .text               mc_w.l(memcpya.o)
    0x0800045c   0x0800045c   0x00000024   Code   RO         2715    .text               mc_w.l(memseta.o)
    0x08000480   0x08000480   0x0000000e   Code   RO         2723    .text               mc_w.l(strlen.o)
    0x0800048e   0x0800048e   0x0000001e   Code   RO         2727    .text               mc_w.l(strncmp.o)
    0x080004ac   0x080004ac   0x000000b0   Code   RO         2761    .text               mf_w.l(fadd.o)
    0x0800055c   0x0800055c   0x00000064   Code   RO         2763    .text               mf_w.l(fmul.o)
    0x080005c0   0x080005c0   0x0000007c   Code   RO         2765    .text               mf_w.l(fdiv.o)
    0x0800063c   0x0800063c   0x0000014e   Code   RO         2767    .text               mf_w.l(dadd.o)
    0x0800078a   0x0800078a   0x000000e4   Code   RO         2769    .text               mf_w.l(dmul.o)
    0x0800086e   0x0800086e   0x000000de   Code   RO         2771    .text               mf_w.l(ddiv.o)
    0x0800094c   0x0800094c   0x0000001c   Code   RO         2773    .text               mf_w.l(fcmple.o)
    0x08000968   0x08000968   0x0000001c   Code   RO         2775    .text               mf_w.l(fcmpge.o)
    0x08000984   0x08000984   0x0000001c   Code   RO         2777    .text               mf_w.l(fcmpgt.o)
    0x080009a0   0x080009a0   0x0000001c   Code   RO         2779    .text               mf_w.l(fcmpeq.o)
    0x080009bc   0x080009bc   0x00000038   Code   RO         2787    .text               mf_w.l(dcmpeq.o)
    0x080009f4   0x080009f4   0x00000012   Code   RO         2789    .text               mf_w.l(fflti.o)
    0x08000a06   0x08000a06   0x0000000a   Code   RO         2791    .text               mf_w.l(ffltui.o)
    0x08000a10   0x08000a10   0x00000032   Code   RO         2797    .text               mf_w.l(ffixi.o)
    0x08000a42   0x08000a42   0x00000028   Code   RO         2799    .text               mf_w.l(ffixui.o)
    0x08000a6a   0x08000a6a   0x0000003e   Code   RO         2801    .text               mf_w.l(dfixi.o)
    0x08000aa8   0x08000aa8   0x00000026   Code   RO         2805    .text               mf_w.l(f2d.o)
    0x08000ace   0x08000ace   0x0000002c   Code   RO         2868    .text               mc_w.l(uidiv.o)
    0x08000afa   0x08000afa   0x00000062   Code   RO         2870    .text               mc_w.l(uldiv.o)
    0x08000b5c   0x08000b5c   0x0000001e   Code   RO         2872    .text               mc_w.l(llshl.o)
    0x08000b7a   0x08000b7a   0x00000020   Code   RO         2874    .text               mc_w.l(llushr.o)
    0x08000b9a   0x08000b9a   0x00000024   Code   RO         2876    .text               mc_w.l(llsshr.o)
    0x08000bbe   0x08000bbe   0x00000000   Code   RO         2885    .text               mc_w.l(iusefp.o)
    0x08000bbe   0x08000bbe   0x0000006e   Code   RO         2886    .text               mf_w.l(fepilogue.o)
    0x08000c2c   0x08000c2c   0x000000ba   Code   RO         2888    .text               mf_w.l(depilogue.o)
    0x08000ce6   0x08000ce6   0x00000030   Code   RO         2894    .text               mf_w.l(dfixul.o)
    0x08000d16   0x08000d16   0x00000002   PAD
    0x08000d18   0x08000d18   0x00000030   Code   RO         2898    .text               mf_w.l(cdrcmple.o)
    0x08000d48   0x08000d48   0x00000030   Code   RO         2900    .text               mc_w.l(init.o)
    0x08000d78   0x08000d78   0x00000056   Code   RO         2910    .text               mc_w.l(__dczerorl2.o)
    0x08000dce   0x08000dce   0x00000002   PAD
    0x08000dd0   0x08000dd0   0x000000b4   Code   RO         2444    .text.Create_Menu_Item  menu.o
    0x08000e84   0x08000e84   0x00000020   Code   RO           59    .text.DMA1_Channel1_IRQHandler  isr.o
    0x08000ea4   0x08000ea4   0x00000022   Code   RO           61    .text.DMA1_Channel2_IRQHandler  isr.o
    0x08000ec6   0x08000ec6   0x00000002   PAD
    0x08000ec8   0x08000ec8   0x00000022   Code   RO           63    .text.DMA1_Channel3_IRQHandler  isr.o
    0x08000eea   0x08000eea   0x00000002   PAD
    0x08000eec   0x08000eec   0x00000030   Code   RO           65    .text.DMA1_Channel4_IRQHandler  isr.o
    0x08000f1c   0x08000f1c   0x00000022   Code   RO           67    .text.DMA1_Channel5_IRQHandler  isr.o
    0x08000f3e   0x08000f3e   0x00000002   PAD
    0x08000f40   0x08000f40   0x00000022   Code   RO           69    .text.DMA1_Channel6_IRQHandler  isr.o
    0x08000f62   0x08000f62   0x00000002   PAD
    0x08000f64   0x08000f64   0x00000022   Code   RO           71    .text.DMA1_Channel7_IRQHandler  isr.o
    0x08000f86   0x08000f86   0x00000002   PAD
    0x08000f88   0x08000f88   0x00000024   Code   RO           73    .text.DMA2_Channel1_IRQHandler  isr.o
    0x08000fac   0x08000fac   0x00000026   Code   RO           75    .text.DMA2_Channel2_IRQHandler  isr.o
    0x08000fd2   0x08000fd2   0x00000002   PAD
    0x08000fd4   0x08000fd4   0x00000026   Code   RO           77    .text.DMA2_Channel3_IRQHandler  isr.o
    0x08000ffa   0x08000ffa   0x00000002   PAD
    0x08000ffc   0x08000ffc   0x00000026   Code   RO           79    .text.DMA2_Channel4_IRQHandler  isr.o
    0x08001022   0x08001022   0x00000002   PAD
    0x08001024   0x08001024   0x00000026   Code   RO           81    .text.DMA2_Channel5_IRQHandler  isr.o
    0x0800104a   0x0800104a   0x00000002   PAD
    0x0800104c   0x0800104c   0x00000012   Code   RO           45    .text.EXTI0_IRQHandler  isr.o
    0x0800105e   0x0800105e   0x00000002   PAD
    0x08001060   0x08001060   0x000000e4   Code   RO           57    .text.EXTI15_10_IRQHandler  isr.o
    0x08001144   0x08001144   0x00000012   Code   RO           47    .text.EXTI1_IRQHandler  isr.o
    0x08001156   0x08001156   0x00000002   PAD
    0x08001158   0x08001158   0x00000012   Code   RO           49    .text.EXTI2_IRQHandler  isr.o
    0x0800116a   0x0800116a   0x00000002   PAD
    0x0800116c   0x0800116c   0x00000012   Code   RO           51    .text.EXTI3_IRQHandler  isr.o
    0x0800117e   0x0800117e   0x00000002   PAD
    0x08001180   0x08001180   0x00000012   Code   RO           53    .text.EXTI4_IRQHandler  isr.o
    0x08001192   0x08001192   0x00000002   PAD
    0x08001194   0x08001194   0x000000c4   Code   RO           55    .text.EXTI9_5_IRQHandler  isr.o
    0x08001258   0x08001258   0x00000030   Code   RO         2483    .text.K4_back       mymenu.o
    0x08001288   0x08001288   0x00000026   Code   RO         2452    .text.Menu_Set_Limit  menu.o
    0x080012ae   0x080012ae   0x00000002   PAD
    0x080012b0   0x080012b0   0x00000010   Code   RO         1504    .text.SystemInit    system_mm32f3277g.o
    0x080012c0   0x080012c0   0x00000012   Code   RO           13    .text.TIM1_UP_IRQHandler  isr.o
    0x080012d2   0x080012d2   0x00000002   PAD
    0x080012d4   0x080012d4   0x00000010   Code   RO           15    .text.TIM2_IRQHandler  isr.o
    0x080012e4   0x080012e4   0x00000012   Code   RO           17    .text.TIM3_IRQHandler  isr.o
    0x080012f6   0x080012f6   0x00000002   PAD
    0x080012f8   0x080012f8   0x0000004a   Code   RO           19    .text.TIM4_IRQHandler  isr.o
    0x08001342   0x08001342   0x00000002   PAD
    0x08001344   0x08001344   0x00000012   Code   RO           21    .text.TIM5_IRQHandler  isr.o
    0x08001356   0x08001356   0x00000002   PAD
    0x08001358   0x08001358   0x00000018   Code   RO           23    .text.TIM6_IRQHandler  isr.o
    0x08001370   0x08001370   0x00000012   Code   RO           25    .text.TIM7_IRQHandler  isr.o
    0x08001382   0x08001382   0x00000002   PAD
    0x08001384   0x08001384   0x00000018   Code   RO           27    .text.TIM8_UP_IRQHandler  isr.o
    0x0800139c   0x0800139c   0x00000048   Code   RO           29    .text.UART1_IRQHandler  isr.o
    0x080013e4   0x080013e4   0x0000004e   Code   RO           31    .text.UART2_IRQHandler  isr.o
    0x08001432   0x08001432   0x00000002   PAD
    0x08001434   0x08001434   0x00000048   Code   RO           33    .text.UART3_IRQHandler  isr.o
    0x0800147c   0x0800147c   0x00000048   Code   RO           35    .text.UART4_IRQHandler  isr.o
    0x080014c4   0x080014c4   0x00000048   Code   RO           37    .text.UART5_IRQHandler  isr.o
    0x0800150c   0x0800150c   0x00000056   Code   RO           39    .text.UART6_IRQHandler  isr.o
    0x08001562   0x08001562   0x00000002   PAD
    0x08001564   0x08001564   0x00000048   Code   RO           41    .text.UART7_IRQHandler  isr.o
    0x080015ac   0x080015ac   0x00000056   Code   RO           43    .text.UART8_IRQHandler  isr.o
    0x08001602   0x08001602   0x00000002   PAD
    0x08001604   0x08001604   0x00000038   Code   RO          232    .text.__NVIC_DisableIRQ  zf_common_interrupt.o
    0x0800163c   0x0800163c   0x00000030   Code   RO          228    .text.__NVIC_EnableIRQ  zf_common_interrupt.o
    0x0800166c   0x0800166c   0x00000042   Code   RO          236    .text.__NVIC_SetPriority  zf_common_interrupt.o
    0x080016ae   0x080016ae   0x00000002   PAD
    0x080016b0   0x080016b0   0x0000003c   Code   RO          240    .text.__NVIC_SetPriorityGrouping  zf_common_interrupt.o
    0x080016ec   0x080016ec   0x00000096   Code   RO          250    .text.adc_convert   zf_driver_adc.o
    0x08001782   0x08001782   0x00000002   PAD
    0x08001784   0x08001784   0x00000180   Code   RO          357    .text.afio_init     zf_driver_gpio.o
    0x08001904   0x08001904   0x000000c0   Code   RO         2584    .text.border_smooth  vision.o
    0x080019c4   0x080019c4   0x000000a4   Code   RO         2586    .text.calc_adaptive_far  vision.o
    0x08001a68   0x08001a68   0x0000001c   Code   RO          739    .text.camera_fifo_init  zf_device_camera.o
    0x08001a84   0x08001a84   0x000000ca   Code   RO          741    .text.camera_init   zf_device_camera.o
    0x08001b4e   0x08001b4e   0x00000002   PAD
    0x08001b50   0x08001b50   0x000000ae   Code   RO         2572    .text.camera_is_covered  vision.o
    0x08001bfe   0x08001bfe   0x00000002   PAD
    0x08001c00   0x08001c00   0x00000024   Code   RO           90    .text.clock_init    zf_common_clock.o
    0x08001c24   0x08001c24   0x00000098   Code   RO           92    .text.clock_reset   zf_common_clock.o
    0x08001cbc   0x08001cbc   0x00000260   Code   RO           94    .text.clock_set_freq  zf_common_clock.o
    0x08001f1c   0x08001f1c   0x000001a4   Code   RO         2570    .text.compute_otsu  vision.o
    0x080020c0   0x080020c0   0x0000001e   Code   RO         2611    .text.control_init  control.o
    0x080020de   0x080020de   0x00000002   PAD
    0x080020e0   0x080020e0   0x0000000c   Code   RO         2613    .text.control_update  control.o
    0x080020ec   0x080020ec   0x0000006c   Code   RO          112    .text.debug_assert_handler  zf_common_debug.o
    0x08002158   0x08002158   0x00000040   Code   RO          118    .text.debug_delay   zf_common_debug.o
    0x08002198   0x08002198   0x00000032   Code   RO          126    .text.debug_init    zf_common_debug.o
    0x080021ca   0x080021ca   0x00000002   PAD
    0x080021cc   0x080021cc   0x00000042   Code   RO          120    .text.debug_log_handler  zf_common_debug.o
    0x0800220e   0x0800220e   0x00000002   PAD
    0x08002210   0x08002210   0x000003ae   Code   RO          116    .text.debug_output  zf_common_debug.o
    0x080025be   0x080025be   0x00000002   PAD
    0x080025c0   0x080025c0   0x0000004c   Code   RO          124    .text.debug_output_init  zf_common_debug.o
    0x0800260c   0x0800260c   0x00000030   Code   RO          122    .text.debug_output_struct_init  zf_common_debug.o
    0x0800263c   0x0800263c   0x000000f2   Code   RO          114    .text.debug_protective_handler  zf_common_debug.o
    0x0800272e   0x0800272e   0x00000002   PAD
    0x08002730   0x08002730   0x00000012   Code   RO          128    .text.debug_uart_str_output  zf_common_debug.o
    0x08002742   0x08002742   0x00000002   PAD
    0x08002744   0x08002744   0x0000003a   Code   RO          797    .text.dm1xa_light_callback  zf_device_dm1xa.o
    0x0800277e   0x0800277e   0x00000002   PAD
    0x08002780   0x08002780   0x00000100   Code   RO          795    .text.dm1xa_sound_callback  zf_device_dm1xa.o
    0x08002880   0x08002880   0x00000152   Code   RO          284    .text.dma_camera_init  zf_driver_dma.o
    0x080029d2   0x080029d2   0x00000002   PAD
    0x080029d4   0x080029d4   0x00000032   Code   RO          282    .text.dma_disable   zf_driver_dma.o
    0x08002a06   0x08002a06   0x00000002   PAD
    0x08002a08   0x08002a08   0x00000032   Code   RO          280    .text.dma_enable    zf_driver_dma.o
    0x08002a3a   0x08002a3a   0x00000002   PAD
    0x08002a3c   0x08002a3c   0x00000034   Code   RO          278    .text.dma_set_count  zf_driver_dma.o
    0x08002a70   0x08002a70   0x0000005a   Code   RO         2448    .text.dynamicCreate_Menu_Folder  menu.o
    0x08002aca   0x08002aca   0x00000002   PAD
    0x08002acc   0x08002acc   0x00000064   Code   RO         2450    .text.dynamicCreate_Menu_Number  menu.o
    0x08002b30   0x08002b30   0x00000090   Code   RO          296    .text.encoder_clear_count  zf_driver_encoder.o
    0x08002bc0   0x08002bc0   0x000000de   Code   RO          294    .text.encoder_get_count  zf_driver_encoder.o
    0x08002c9e   0x08002c9e   0x00000002   PAD
    0x08002ca0   0x08002ca0   0x0000003c   Code   RO         2521    .text.encoder_pit_callback  encoder.o
    0x08002cdc   0x08002cdc   0x000002a0   Code   RO          315    .text.exti_init     zf_driver_exti.o
    0x08002f7c   0x08002f7c   0x000000a8   Code   RO          143    .text.fifo_clear    zf_common_fifo.o
    0x08003024   0x08003024   0x0000002e   Code   RO          155    .text.fifo_end_offset  zf_common_fifo.o
    0x08003052   0x08003052   0x00000002   PAD
    0x08003054   0x08003054   0x0000002e   Code   RO          149    .text.fifo_head_offset  zf_common_fifo.o
    0x08003082   0x08003082   0x00000002   PAD
    0x08003084   0x08003084   0x0000006e   Code   RO          161    .text.fifo_init     zf_common_fifo.o
    0x080030f2   0x080030f2   0x00000002   PAD
    0x080030f4   0x080030f4   0x000001f0   Code   RO          157    .text.fifo_read_buffer  zf_common_fifo.o
    0x080032e4   0x080032e4   0x00000028   Code   RO          145    .text.fifo_used     zf_common_fifo.o
    0x0800330c   0x0800330c   0x000001fa   Code   RO          151    .text.fifo_write_buffer  zf_common_fifo.o
    0x08003506   0x08003506   0x00000002   PAD
    0x08003508   0x08003508   0x000000be   Code   RO          147    .text.fifo_write_element  zf_common_fifo.o
    0x080035c6   0x080035c6   0x00000002   PAD
    0x080035c8   0x080035c8   0x00000152   Code   RO         2574    .text.filter_bottom_connected  vision.o
    0x0800371a   0x0800371a   0x00000002   PAD
    0x0800371c   0x0800371c   0x0000024c   Code   RO          197    .text.func_float_to_str  zf_common_function.o
    0x08003968   0x08003968   0x00000042   Code   RO          183    .text.func_get_greatest_common_divisor  zf_common_function.o
    0x080039aa   0x080039aa   0x00000002   PAD
    0x080039ac   0x080039ac   0x000000f2   Code   RO          189    .text.func_int_to_str  zf_common_function.o
    0x08003a9e   0x08003a9e   0x00000002   PAD
    0x08003aa0   0x08003aa0   0x0000002e   Code   RO          349    .text.gpio_get_level  zf_driver_gpio.o
    0x08003ace   0x08003ace   0x00000002   PAD
    0x08003ad0   0x08003ad0   0x000001e8   Code   RO          355    .text.gpio_init     zf_driver_gpio.o
    0x08003cb8   0x08003cb8   0x00000062   Code   RO          347    .text.gpio_set_level  zf_driver_gpio.o
    0x08003d1a   0x08003d1a   0x00000002   PAD
    0x08003d1c   0x08003d1c   0x0000013a   Code   RO          826    .text.gps_uart_callback  zf_device_gps_tau1201.o
    0x08003e56   0x08003e56   0x00000002   PAD
    0x08003e58   0x08003e58   0x00000014   Code   RO          230    .text.interrupt_disable  zf_common_interrupt.o
    0x08003e6c   0x08003e6c   0x00000014   Code   RO          226    .text.interrupt_enable  zf_common_interrupt.o
    0x08003e80   0x08003e80   0x00000024   Code   RO          224    .text.interrupt_global_disable  zf_common_interrupt.o
    0x08003ea4   0x08003ea4   0x0000000a   Code   RO          238    .text.interrupt_init  zf_common_interrupt.o
    0x08003eae   0x08003eae   0x00000002   PAD
    0x08003eb0   0x08003eb0   0x0000001c   Code   RO          234    .text.interrupt_set_priority  zf_common_interrupt.o
    0x08003ecc   0x08003ecc   0x0000010e   Code   RO         1028    .text.ips200_clear  zf_device_ips200.o
    0x08003fda   0x08003fda   0x00000002   PAD
    0x08003fdc   0x08003fdc   0x0000008a   Code   RO         1072    .text.ips200_debug_init  zf_device_ips200.o
    0x08004066   0x08004066   0x00000002   PAD
    0x08004068   0x08004068   0x000000ea   Code   RO         1042    .text.ips200_draw_point  zf_device_ips200.o
    0x08004152   0x08004152   0x00000002   PAD
    0x08004154   0x08004154   0x00000472   Code   RO         1066    .text.ips200_init   zf_device_ips200.o
    0x080045c6   0x080045c6   0x00000002   PAD
    0x080045c8   0x080045c8   0x0000002a   Code   RO         1040    .text.ips200_set_color  zf_device_ips200.o
    0x080045f2   0x080045f2   0x00000002   PAD
    0x080045f4   0x080045f4   0x00000066   Code   RO         1036    .text.ips200_set_dir  zf_device_ips200.o
    0x0800465a   0x0800465a   0x00000002   PAD
    0x0800465c   0x0800465c   0x00000018   Code   RO         1038    .text.ips200_set_font  zf_device_ips200.o
    0x08004674   0x08004674   0x000000c4   Code   RO         1030    .text.ips200_set_region  zf_device_ips200.o
    0x08004738   0x08004738   0x000002de   Code   RO         1046    .text.ips200_show_char  zf_device_ips200.o
    0x08004a16   0x08004a16   0x00000002   PAD
    0x08004a18   0x08004a18   0x0000015e   Code   RO         1054    .text.ips200_show_float  zf_device_ips200.o
    0x08004b76   0x08004b76   0x00000002   PAD
    0x08004b78   0x08004b78   0x00000214   Code   RO         1058    .text.ips200_show_gray_image  zf_device_ips200.o
    0x08004d8c   0x08004d8c   0x00000100   Code   RO         1050    .text.ips200_show_int  zf_device_ips200.o
    0x08004e8c   0x08004e8c   0x000000dc   Code   RO         1048    .text.ips200_show_string  zf_device_ips200.o
    0x08004f68   0x08004f68   0x000000d6   Code   RO         1032    .text.ips200_write_16bit_data  zf_device_ips200.o
    0x0800503e   0x0800503e   0x00000002   PAD
    0x08005040   0x08005040   0x000000ae   Code   RO         1070    .text.ips200_write_8bit_data  zf_device_ips200.o
    0x080050ee   0x080050ee   0x00000002   PAD
    0x080050f0   0x080050f0   0x000000ea   Code   RO         1068    .text.ips200_write_command  zf_device_ips200.o
    0x080051da   0x080051da   0x00000002   PAD
    0x080051dc   0x080051dc   0x000000d6   Code   RO         2566    .text.is_straight   vision.o
    0x080052b2   0x080052b2   0x00000002   PAD
    0x080052b4   0x080052b4   0x0000036a   Code   RO         2475    .text.k1_handle     mymenu.o
    0x0800561e   0x0800561e   0x00000002   PAD
    0x08005620   0x08005620   0x00000358   Code   RO         2477    .text.k2_handle     mymenu.o
    0x08005978   0x08005978   0x0000001a   Code   RO         2479    .text.k3_handle     mymenu.o
    0x08005992   0x08005992   0x00000002   PAD
    0x08005994   0x08005994   0x000000f2   Code   RO         2473    .text.k3_long_handle  mymenu.o
    0x08005a86   0x08005a86   0x00000002   PAD
    0x08005a88   0x08005a88   0x0000003a   Code   RO         2481    .text.k4_handle     mymenu.o
    0x08005ac2   0x08005ac2   0x00000002   PAD
    0x08005ac4   0x08005ac4   0x0000001a   Code   RO         1096    .text.key_clear_state  zf_device_key.o
    0x08005ade   0x08005ade   0x00000002   PAD
    0x08005ae0   0x08005ae0   0x00000018   Code   RO         1094    .text.key_get_state  zf_device_key.o
    0x08005af8   0x08005af8   0x0000007a   Code   RO         1100    .text.key_init      zf_device_key.o
    0x08005b72   0x08005b72   0x00000002   PAD
    0x08005b74   0x08005b74   0x00000100   Code   RO         1092    .text.key_scanner   zf_device_key.o
    0x08005c74   0x08005c74   0x00000148   Code   RO            4    .text.main          main.o
    0x08005dbc   0x08005dbc   0x00000194   Code   RO         2471    .text.menu          mymenu.o
    0x08005f50   0x08005f50   0x00000428   Code   RO         2463    .text.menu_init     mymenu.o
    0x08006378   0x08006378   0x00000056   Code   RO         2465    .text.menu_show     mymenu.o
    0x080063ce   0x080063ce   0x00000002   PAD
    0x080063d0   0x080063d0   0x0000004c   Code   RO         2498    .text.motor_init    motor.o
    0x0800641c   0x0800641c   0x00000020   Code   RO         2504    .text.motor_set_both  motor.o
    0x0800643c   0x0800643c   0x0000007a   Code   RO         2502    .text.motor_set_left  motor.o
    0x080064b6   0x080064b6   0x00000002   PAD
    0x080064b8   0x080064b8   0x0000007a   Code   RO         2500    .text.motor_set_right  motor.o
    0x08006532   0x08006532   0x00000002   PAD
    0x08006534   0x08006534   0x00000016   Code   RO         2506    .text.motor_stop    motor.o
    0x0800654a   0x0800654a   0x00000002   PAD
    0x0800654c   0x0800654c   0x0000025c   Code   RO         2617    .text.motor_update  control.o
    0x080067a8   0x080067a8   0x0000005e   Code   RO         1116    .text.mpu6050_get_gyro  zf_device_mpu6050.o
    0x08006806   0x08006806   0x00000002   PAD
    0x08006808   0x08006808   0x00000132   Code   RO         1122    .text.mpu6050_init  zf_device_mpu6050.o
    0x0800693a   0x0800693a   0x00000002   PAD
    0x0800693c   0x0800693c   0x0000004a   Code   RO         2532    .text.mpu6050_module_init  mpu6050.o
    0x08006986   0x08006986   0x00000002   PAD
    0x08006988   0x08006988   0x00000074   Code   RO         1124    .text.mpu6050_self1_check  zf_device_mpu6050.o
    0x080069fc   0x080069fc   0x00000016   Code   RO         1148    .text.mt9v03x_dma_handler  zf_device_mt9v03x.o
    0x08006a12   0x08006a12   0x00000002   PAD
    0x08006a14   0x08006a14   0x00000122   Code   RO         1158    .text.mt9v03x_get_config  zf_device_mt9v03x.o
    0x08006b36   0x08006b36   0x00000002   PAD
    0x08006b38   0x08006b38   0x000000a0   Code   RO         1142    .text.mt9v03x_get_version  zf_device_mt9v03x.o
    0x08006bd8   0x08006bd8   0x000001a4   Code   RO         1154    .text.mt9v03x_init  zf_device_mt9v03x.o
    0x08006d7c   0x08006d7c   0x0000003c   Code   RO         2665    .text.mt9v03x_read_word_sccb  zf_device_config.lib(zf_device_config.o)
    0x08006db8   0x08006db8   0x000000f8   Code   RO         1156    .text.mt9v03x_set_config  zf_device_mt9v03x.o
    0x08006eb0   0x08006eb0   0x000009ae   Code   RO         2661    .text.mt9v03x_set_config_sccb  zf_device_config.lib(zf_device_config.o)
    0x0800785e   0x0800785e   0x00000002   PAD
    0x08007860   0x08007860   0x00000040   Code   RO         1150    .text.mt9v03x_uart_handler  zf_device_mt9v03x.o
    0x080078a0   0x080078a0   0x00000036   Code   RO         1146    .text.mt9v03x_vsync_handler  zf_device_mt9v03x.o
    0x080078d6   0x080078d6   0x00000002   PAD
    0x080078d8   0x080078d8   0x00000032   Code   RO         2663    .text.mt9v03x_write_word_sccb  zf_device_config.lib(zf_device_config.o)
    0x0800790a   0x0800790a   0x00000002   PAD
    0x0800790c   0x0800790c   0x00000348   Code   RO         2578    .text.pho_center    vision.o
    0x08007c54   0x08007c54   0x00000132   Code   RO          425    .text.pit_init      zf_driver_pit.o
    0x08007d86   0x08007d86   0x00000002   PAD
    0x08007d88   0x08007d88   0x00000256   Code   RO          438    .text.pwm_init      zf_driver_pwm.o
    0x08007fde   0x08007fde   0x00000002   PAD
    0x08007fe0   0x08007fe0   0x0000012e   Code   RO          436    .text.pwm_set_duty  zf_driver_pwm.o
    0x0800810e   0x0800810e   0x00000002   PAD
    0x08008110   0x08008110   0x00000014   Code   RO         2553    .text.servo_init    servo.o
    0x08008124   0x08008124   0x00000066   Code   RO         2555    .text.servo_set_angle  servo.o
    0x0800818a   0x0800818a   0x00000002   PAD
    0x0800818c   0x0800818c   0x00000348   Code   RO         2615    .text.servo_update  control.o
    0x080084d4   0x080084d4   0x0000008a   Code   RO         1376    .text.set_camera_type  zf_device_type.o
    0x0800855e   0x0800855e   0x00000002   PAD
    0x08008560   0x08008560   0x0000009e   Code   RO         2469    .text.show_key      mymenu.o
    0x080085fe   0x080085fe   0x00000002   PAD
    0x08008600   0x08008600   0x00000120   Code   RO         2467    .text.show_number   mymenu.o
    0x08008720   0x08008720   0x0000008e   Code   RO          521    .text.soft_iic_init  zf_driver_soft_iic.o
    0x080087ae   0x080087ae   0x00000002   PAD
    0x080087b0   0x080087b0   0x00000072   Code   RO          505    .text.soft_iic_read_8bit_register  zf_driver_soft_iic.o
    0x08008822   0x08008822   0x00000002   PAD
    0x08008824   0x08008824   0x00000098   Code   RO          507    .text.soft_iic_read_8bit_registers  zf_driver_soft_iic.o
    0x080088bc   0x080088bc   0x00000164   Code   RO          497    .text.soft_iic_read_data  zf_driver_soft_iic.o
    0x08008a20   0x08008a20   0x00000078   Code   RO          519    .text.soft_iic_sccb_read_register  zf_driver_soft_iic.o
    0x08008a98   0x08008a98   0x00000056   Code   RO          517    .text.soft_iic_sccb_write_register  zf_driver_soft_iic.o
    0x08008aee   0x08008aee   0x00000002   PAD
    0x08008af0   0x08008af0   0x0000011a   Code   RO          525    .text.soft_iic_send_ack  zf_driver_soft_iic.o
    0x08008c0a   0x08008c0a   0x00000002   PAD
    0x08008c0c   0x08008c0c   0x00000128   Code   RO          477    .text.soft_iic_send_data  zf_driver_soft_iic.o
    0x08008d34   0x08008d34   0x000000da   Code   RO          475    .text.soft_iic_start  zf_driver_soft_iic.o
    0x08008e0e   0x08008e0e   0x00000002   PAD
    0x08008e10   0x08008e10   0x000000da   Code   RO          479    .text.soft_iic_stop  zf_driver_soft_iic.o
    0x08008eea   0x08008eea   0x00000002   PAD
    0x08008eec   0x08008eec   0x000000f8   Code   RO          523    .text.soft_iic_wait_ack  zf_driver_soft_iic.o
    0x08008fe4   0x08008fe4   0x00000056   Code   RO          487    .text.soft_iic_write_8bit_register  zf_driver_soft_iic.o
    0x0800903a   0x0800903a   0x00000002   PAD
    0x0800903c   0x0800903c   0x00000366   Code   RO          621    .text.spi_init      zf_driver_spi.o
    0x080093a2   0x080093a2   0x00000002   PAD
    0x080093a4   0x080093a4   0x000000b8   Code   RO          589    .text.spi_write_16bit  zf_driver_spi.o
    0x0800945c   0x0800945c   0x00000086   Code   RO          585    .text.spi_write_8bit  zf_driver_spi.o
    0x080094e2   0x080094e2   0x00000002   PAD
    0x080094e4   0x080094e4   0x000006ce   Code   RO         2576    .text.sweep_boundaries  vision.o
    0x08009bb2   0x08009bb2   0x00000002   PAD
    0x08009bb4   0x08009bb4   0x0000009a   Code   RO          266    .text.system_delay_ms  zf_driver_delay.o
    0x08009c4e   0x08009c4e   0x00000002   PAD
    0x08009c50   0x08009c50   0x000000b2   Code   RO          642    .text.timer_clear   zf_driver_timer.o
    0x08009d02   0x08009d02   0x00000002   PAD
    0x08009d04   0x08009d04   0x000000b6   Code   RO          634    .text.timer_clock_enable  zf_driver_timer.o
    0x08009dba   0x08009dba   0x00000002   PAD
    0x08009dbc   0x08009dbc   0x0000012a   Code   RO          646    .text.timer_etr_init  zf_driver_timer.o
    0x08009ee6   0x08009ee6   0x00000002   PAD
    0x08009ee8   0x08009ee8   0x00000068   Code   RO          632    .text.timer_funciton_check  zf_driver_timer.o
    0x08009f50   0x08009f50   0x000000b6   Code   RO          640    .text.timer_get     zf_driver_timer.o
    0x0800a006   0x0800a006   0x00000002   PAD
    0x0800a008   0x0800a008   0x000000e0   Code   RO         1358    .text.tsl1401_collect_pit_handler  zf_device_tsl1401.o
    0x0800a0e8   0x0800a0e8   0x00000002   Code   RO         1374    .text.type_default_callback  zf_device_type.o
    0x0800a0ea   0x0800a0ea   0x00000002   PAD
    0x0800a0ec   0x0800a0ec   0x0000028c   Code   RO          672    .text.uart_init     zf_driver_uart.o
    0x0800a378   0x0800a378   0x00000066   Code   RO          666    .text.uart_query_byte  zf_driver_uart.o
    0x0800a3de   0x0800a3de   0x00000002   PAD
    0x0800a3e0   0x0800a3e0   0x000000a0   Code   RO          670    .text.uart_rx_interrupt  zf_driver_uart.o
    0x0800a480   0x0800a480   0x0000006c   Code   RO          660    .text.uart_write_buffer  zf_driver_uart.o
    0x0800a4ec   0x0800a4ec   0x00000040   Code   RO          658    .text.uart_write_byte  zf_driver_uart.o
    0x0800a52c   0x0800a52c   0x00000040   Code   RO          662    .text.uart_write_string  zf_driver_uart.o
    0x0800a56c   0x0800a56c   0x00000026   Code   RO         2582    .text.vis_bin_draw  vision.o
    0x0800a592   0x0800a592   0x00000002   PAD
    0x0800a594   0x0800a594   0x00000972   Code   RO         2568    .text.vis_deal      vision.o
    0x0800af06   0x0800af06   0x00000002   PAD
    0x0800af08   0x0800af08   0x00000184   Code   RO         2580    .text.vis_draw      vision.o
    0x0800b08c   0x0800b08c   0x00000028   Code   RO         2736    i.__0sprintf        mc_w.l(printfa.o)
    0x0800b0b4   0x0800b0b4   0x0000000e   Code   RO         2904    i.__scatterload_copy  mc_w.l(handlers.o)
    0x0800b0c2   0x0800b0c2   0x00000002   Code   RO         2905    i.__scatterload_null  mc_w.l(handlers.o)
    0x0800b0c4   0x0800b0c4   0x0000000e   Code   RO         2906    i.__scatterload_zeroinit  mc_w.l(handlers.o)
    0x0800b0d2   0x0800b0d2   0x00000002   PAD
    0x0800b0d4   0x0800b0d4   0x00000184   Code   RO         2741    i._fp_digits        mc_w.l(printfa.o)
    0x0800b258   0x0800b258   0x000006dc   Code   RO         2742    i._printf_core      mc_w.l(printfa.o)
    0x0800b934   0x0800b934   0x00000024   Code   RO         2743    i._printf_post_padding  mc_w.l(printfa.o)
    0x0800b958   0x0800b958   0x0000002e   Code   RO         2744    i._printf_pre_padding  mc_w.l(printfa.o)
    0x0800b986   0x0800b986   0x0000000a   Code   RO         2746    i._sputc            mc_w.l(printfa.o)
    0x0800b990   0x0800b990   0x000000ac   Data   RO          135    .rodata..L__const.debug_protective_handler.pin_list  zf_common_debug.o
    0x0800ba3c   0x0800ba3c   0x00000228   Data   RO          172    .rodata.ascii_font_6x8  zf_common_font.o
    0x0800bc64   0x0800bc64   0x000005f0   Data   RO          171    .rodata.ascii_font_8x16  zf_common_font.o
    0x0800c254   0x0800c254   0x00000004   Data   RO         1102    .rodata.key_index   zf_device_key.o
    0x0800c258   0x0800c258   0x00000066   Data   RO          133    .rodata.str1.1      zf_common_debug.o
    0x0800c2be   0x0800c2be   0x0000002b   Data   RO          163    .rodata.str1.1      zf_common_fifo.o
    0x0800c2e9   0x0800c2e9   0x0000002f   Data   RO          213    .rodata.str1.1      zf_common_function.o
    0x0800c318   0x0800c318   0x0000002c   Data   RO          270    .rodata.str1.1      zf_driver_delay.o
    0x0800c344   0x0800c344   0x0000002a   Data   RO          427    .rodata.str1.1      zf_driver_pit.o
    0x0800c36e   0x0800c36e   0x0000002a   Data   RO          440    .rodata.str1.1      zf_driver_pwm.o
    0x0800c398   0x0800c398   0x0000002f   Data   RO          527    .rodata.str1.1      zf_driver_soft_iic.o
    0x0800c3c7   0x0800c3c7   0x0000002a   Data   RO          624    .rodata.str1.1      zf_driver_spi.o
    0x0800c3f1   0x0800c3f1   0x0000002c   Data   RO          650    .rodata.str1.1      zf_driver_timer.o
    0x0800c41d   0x0800c41d   0x0000002b   Data   RO          675    .rodata.str1.1      zf_driver_uart.o
    0x0800c448   0x0800c448   0x00000008   Data   RO          849    .rodata.str1.1      zf_device_gps_tau1201.o
    0x0800c450   0x0800c450   0x0000002d   Data   RO         1082    .rodata.str1.1      zf_device_ips200.o
    0x0800c47d   0x0800c47d   0x0000002a   Data   RO         1106    .rodata.str1.1      zf_device_key.o
    0x0800c4a7   0x0800c4a7   0x00000048   Data   RO         1134    .rodata.str1.1      zf_device_mpu6050.o
    0x0800c4ef   0x0800c4ef   0x00000062   Data   RO         1164    .rodata.str1.1      zf_device_mt9v03x.o
    0x0800c551   0x0800c551   0x000000d4   Data   RO         2486    .rodata.str1.1      mymenu.o
    0x0800c625   0x0800c625   0x00000003   PAD
    0x0800c628   0x0800c628   0x00000020   Data   RO         2903    Region$$Table       anon$$obj.o


    Execution Region RW_m_data (Exec base: 0x20000000, Load base: 0x0800c648, Size: 0x0000c330, Max: 0x0001dc00, ABSOLUTE, COMPRESSED[0x000000cc])

    Exec Addr    Load Addr    Size         Type   Attr      Idx    E Section Name        Object

    0x20000000   COMPRESSED   0x00000008   Data   RW          256    .data.adc_index     zf_driver_adc.o
    0x20000008   COMPRESSED   0x00000004   Data   RW         2652    .data.angle_kd      attitude.o
    0x2000000c   COMPRESSED   0x00000001   Data   RW         2590    .data.asc_far       vision.o
    0x2000000d   COMPRESSED   0x00000003   PAD
    0x20000010   COMPRESSED   0x00000004   Data   RW         1383    .data.camera_dma_handler  zf_device_type.o
    0x20000014   COMPRESSED   0x00000004   Data   RW         1381    .data.camera_uart_handler  zf_device_type.o
    0x20000018   COMPRESSED   0x00000004   Data   RW         1382    .data.camera_vsync_handler  zf_device_type.o
    0x2000001c   COMPRESSED   0x00000002   Data   RW          808    .data.dm1xa_distance_mm  zf_device_dm1xa.o
    0x2000001e   COMPRESSED   0x00000002   PAD
    0x20000020   COMPRESSED   0x00000008   Data   RW          286    .data.dma_index     zf_driver_dma.o
    0x20000028   COMPRESSED   0x00000008   Data   RW          302    .data.encoder_dir_pin  zf_driver_encoder.o
    0x20000030   COMPRESSED   0x00000020   Data   RW          359    .data.gpio_group    zf_driver_gpio.o
    0x20000050   COMPRESSED   0x00000004   Data   RW         2631    .data.gyro_kd       control.o
    0x20000054   COMPRESSED   0x00000004   Data   RW         2632    .data.gyro_kd_curve  control.o
    0x20000058   COMPRESSED   0x00000002   Data   RW         1078    .data.ips200_bgcolor  zf_device_ips200.o
    0x2000005a   COMPRESSED   0x00000001   Data   RW         1080    .data.ips200_display_font  zf_device_ips200.o
    0x2000005b   COMPRESSED   0x00000001   PAD
    0x2000005c   COMPRESSED   0x00000002   Data   RW         1081    .data.ips200_pencolor  zf_device_ips200.o
    0x2000005e   COMPRESSED   0x00000002   Data   RW         1076    .data.ips200_x_max  zf_device_ips200.o
    0x20000060   COMPRESSED   0x00000002   Data   RW         1077    .data.ips200_y_max  zf_device_ips200.o
    0x20000062   COMPRESSED   0x00000001   Data   RW         1084    .data.ips_bl_pin    zf_device_ips200.o
    0x20000063   COMPRESSED   0x00000001   Data   RW         1075    .data.ips_cs_pin    zf_device_ips200.o
    0x20000064   COMPRESSED   0x00000001   Data   RW         1083    .data.ips_rst_pin   zf_device_ips200.o
    0x20000065   COMPRESSED   0x00000001   PAD
    0x20000066   COMPRESSED   0x00000002   Data   RW         2602    .data.last_valid_width  vision.o
    0x20000068   COMPRESSED   0x00000004   Data   RW         2628    .data.motor_base_duty  control.o
    0x2000006c   COMPRESSED   0x00000004   Data   RW         2629    .data.motor_curve_duty  control.o
    0x20000070   COMPRESSED   0x00000004   Data   RW         2635    .data.motor_diff_max  control.o
    0x20000074   COMPRESSED   0x00000004   Data   RW         2630    .data.motor_max_duty  control.o
    0x20000078   COMPRESSED   0x00000024   Data   RW         1165    .data.mt9v03x_get_confing_buffer  zf_device_mt9v03x.o
    0x2000009c   COMPRESSED   0x00000028   Data   RW         1162    .data.mt9v03x_set_confing_buffer  zf_device_mt9v03x.o
    0x200000c4   COMPRESSED   0x00000001   Data   RW         1161    .data.mt9v03x_type  zf_device_mt9v03x.o
    0x200000c5   COMPRESSED   0x00000003   PAD
    0x200000c8   COMPRESSED   0x00000004   Data   RW         2603    .data.pho_center.last_real_width  vision.o
    0x200000cc   COMPRESSED   0x00000004   Data   RW         2623    .data.servo_center  control.o
    0x200000d0   COMPRESSED   0x00000004   Data   RW         2625    .data.servo_dead    control.o
    0x200000d4   COMPRESSED   0x00000004   Data   RW         2627    .data.servo_dir     control.o
    0x200000d8   COMPRESSED   0x00000004   Data   RW         2622    .data.servo_kd_str  control.o
    0x200000dc   COMPRESSED   0x00000004   Data   RW         2619    .data.servo_kp1     control.o
    0x200000e0   COMPRESSED   0x00000004   Data   RW         2620    .data.servo_kp2     control.o
    0x200000e4   COMPRESSED   0x00000004   Data   RW         2626    .data.servo_max_add  control.o
    0x200000e8   COMPRESSED   0x00000004   Data   RW         2624    .data.servo_max_cha  control.o
    0x200000ec   COMPRESSED   0x00000008   Data   RW          623    .data.spi_index     zf_driver_spi.o
    0x200000f4   COMPRESSED   0x00000001   Data   RW         2591    .data.straight_far  vision.o
    0x200000f5   COMPRESSED   0x00000003   PAD
    0x200000f8   COMPRESSED   0x00000004   Data   RW           96    .data.system_clock  zf_common_clock.o
    0x200000fc   COMPRESSED   0x00000020   Data   RW          674    .data.uart_index    zf_driver_uart.o
    0x2000011c   COMPRESSED   0x00000008   Data   RW          677    .data.uart_irq      zf_driver_uart.o
    0x20000124   COMPRESSED   0x00000004   Data   RW         2593    .data.vis_deal.cached_th  vision.o
    0x20000128   COMPRESSED   0x00000004   Data   RW         1385    .data.wireless_module_uart_handler  zf_device_type.o
    0x2000012c   COMPRESSED   0x00000001   Data   RW          131    .data.zf_debug_assert_enable  zf_common_debug.o
    0x2000012d   COMPRESSED   0x00000003   PAD
    0x20000130        -       0x00005820   Zero   RW         2595    .bss.Image_Used     vision.o
    0x20005950        -       0x00000002   Zero   RW          257    .bss.adc_resolution  zf_driver_adc.o
    0x20005952   COMPRESSED   0x00000002   PAD
    0x20005954        -       0x00000004   Zero   RW         2650    .bss.angle_kp_a     attitude.o
    0x20005958        -       0x00000004   Zero   RW         2655    .bss.angle_pid_out  attitude.o
    0x2000595c        -       0x00000002   Zero   RW         2589    .bss.asc_range_dbg  vision.o
    0x2000595e   COMPRESSED   0x00000002   PAD
    0x20005960        -       0x00000004   Zero   RW         2649    .bss.atti_yaw       attitude.o
    0x20005964        -       0x00000008   Zero   RW          746    .bss.camera_receiver_buffer  zf_device_camera.o
    0x2000596c        -       0x00000018   Zero   RW          745    .bss.camera_receiver_fifo  zf_device_camera.o
    0x20005984        -       0x00000001   Zero   RW         1380    .bss.camera_type    zf_device_type.o
    0x20005985        -       0x00000001   Zero   RW         2636    .bss.car_run        control.o
    0x20005986        -       0x00000078   Zero   RW         2592    .bss.center_line    vision.o
    0x200059fe        -       0x00000001   Zero   RW          132    .bss.debug_assert_handler.assert_nest_index  zf_common_debug.o
    0x200059ff   COMPRESSED   0x00000001   PAD
    0x20005a00        -       0x00000014   Zero   RW          134    .bss.debug_output_info  zf_common_debug.o
    0x20005a14        -       0x00000001   Zero   RW         2489    .bss.display_mode   mymenu.o
    0x20005a15   COMPRESSED   0x00000003   PAD
    0x20005a18        -       0x00000004   Zero   RW          806    .bss.dm1xa_plus_count  zf_device_dm1xa.o
    0x20005a1c        -       0x00000001   Zero   RW          807    .bss.dm1xa_ranging_state  zf_device_dm1xa.o
    0x20005a1d        -       0x00000001   Zero   RW          805    .bss.dm1xa_type     zf_device_dm1xa.o
    0x20005a1e        -       0x00000002   Zero   RW         2523    .bss.encoder_left_speed  encoder.o
    0x20005a20        -       0x00000002   Zero   RW         2524    .bss.encoder_right_speed  encoder.o
    0x20005a22   COMPRESSED   0x00000002   PAD
    0x20005a24        -       0x00000004   Zero   RW         2601    .bss.err            vision.o
    0x20005a28        -       0x00000080   Zero   RW          846    .bss.gps_gga_buffer  zf_device_gps_tau1201.o
    0x20005aa8        -       0x00000001   Zero   RW          841    .bss.gps_gga_state  zf_device_gps_tau1201.o
    0x20005aa9        -       0x00000080   Zero   RW          844    .bss.gps_rmc_buffer  zf_device_gps_tau1201.o
    0x20005b29        -       0x00000001   Zero   RW          842    .bss.gps_rmc_state  zf_device_gps_tau1201.o
    0x20005b2a        -       0x00000001   Zero   RW          840    .bss.gps_tau1201_flag  zf_device_gps_tau1201.o
    0x20005b2b   COMPRESSED   0x00000001   PAD
    0x20005b2c        -       0x00000018   Zero   RW          848    .bss.gps_tau1201_receiver_fifo  zf_device_gps_tau1201.o
    0x20005b44        -       0x00000001   Zero   RW          847    .bss.gps_tau1201_state  zf_device_gps_tau1201.o
    0x20005b45   COMPRESSED   0x00000003   PAD
    0x20005b48        -       0x00000004   Zero   RW         2637    .bss.gyro_z_dbg     control.o
    0x20005b4c        -       0x0000002c   Zero   RW         2485    .bss.head           mymenu.o
    0x20005b78        -       0x00000004   Zero   RW          242    .bss.interrupt_nest_count  zf_common_interrupt.o
    0x20005b7c        -       0x00000001   Zero   RW         1079    .bss.ips200_display_dir  zf_device_ips200.o
    0x20005b7d        -       0x00000001   Zero   RW         1074    .bss.ips200_display_type  zf_device_ips200.o
    0x20005b7e        -       0x00000001   Zero   RW         2488    .bss.k3_wait_release  mymenu.o
    0x20005b7f   COMPRESSED   0x00000001   PAD
    0x20005b80        -       0x00000004   Zero   RW         2487    .bss.key            mymenu.o
    0x20005b84        -       0x00000010   Zero   RW         1103    .bss.key_press_time  zf_device_key.o
    0x20005b94        -       0x00000004   Zero   RW         1105    .bss.key_state      zf_device_key.o
    0x20005b98        -       0x00000078   Zero   RW         2596    .bss.l_border       vision.o
    0x20005c10        -       0x00000078   Zero   RW         2598    .bss.l_border_exist  vision.o
    0x20005c88        -       0x00000001   Zero   RW         2490    .bss.menu.disp_cnt  mymenu.o
    0x20005c89        -       0x00000001   Zero   RW         2454    .bss.menu_arr_index  menu.o
    0x20005c8a   COMPRESSED   0x00000002   PAD
    0x20005c8c        -       0x00000b00   Zero   RW         2455    .bss.menu_item_arr  menu.o
    0x2000678c        -       0x00000004   Zero   RW         2634    .bss.motor_kd       control.o
    0x20006790        -       0x00000004   Zero   RW         2633    .bss.motor_kp       control.o
    0x20006794        -       0x00000004   Zero   RW         2641    .bss.motor_last_err  control.o
    0x20006798        -       0x00000002   Zero   RW         1126    .bss.mpu6050_gyro_x  zf_device_mpu6050.o
    0x2000679a        -       0x00000002   Zero   RW         1127    .bss.mpu6050_gyro_y  zf_device_mpu6050.o
    0x2000679c        -       0x00000002   Zero   RW         1128    .bss.mpu6050_gyro_z  zf_device_mpu6050.o
    0x2000679e        -       0x00000002   Zero   RW         1132    .bss.mpu6050_gyro_z_offset  zf_device_mpu6050.o
    0x200067a0        -       0x00000010   Zero   RW         1133    .bss.mpu6050_iic_struct  zf_device_mpu6050.o
    0x200067b0        -       0x00000001   Zero   RW         1160    .bss.mt9v03x_finish_flag  zf_device_mt9v03x.o
    0x200067b1   COMPRESSED   0x00000003   PAD
    0x200067b4        -       0x00000004   Zero   RW         2675    .bss.mt9v03x_h_blank  zf_device_config.lib(zf_device_config.o)
    0x200067b8        -       0x00000010   Zero   RW         2673    .bss.mt9v03x_iic_inf_struct  zf_device_config.lib(zf_device_config.o)
    0x200067c8        -       0x00005820   Zero   RW         1166    .bss.mt9v03x_image  zf_device_mt9v03x.o
    0x2000bfe8        -       0x00000014   Zero   RW         2674    .bss.mt9v03x_init_config  zf_device_config.lib(zf_device_config.o)
    0x2000bffc        -       0x00000004   Zero   RW         2676    .bss.mt9v03x_v_blank  zf_device_config.lib(zf_device_config.o)
    0x2000c000        -       0x00000002   Zero   RW         1163    .bss.mt9v03x_version  zf_device_mt9v03x.o
    0x2000c002        -       0x00000078   Zero   RW         2597    .bss.r_border       vision.o
    0x2000c07a        -       0x00000078   Zero   RW         2599    .bss.r_border_exist  vision.o
    0x2000c0f2   COMPRESSED   0x00000002   PAD
    0x2000c0f4        -       0x00000004   Zero   RW         1104    .bss.scanner_period  zf_device_key.o
    0x2000c0f8        -       0x00000004   Zero   RW         2654    .bss.servo_fusion_alpha  attitude.o
    0x2000c0fc        -       0x00000004   Zero   RW         2621    .bss.servo_kd       control.o
    0x2000c100        -       0x00000004   Zero   RW         2639    .bss.servo_last_angle  control.o
    0x2000c104        -       0x00000004   Zero   RW         2640    .bss.servo_last_err  control.o
    0x2000c108        -       0x00000004   Zero   RW         2638    .bss.steer_dbg      control.o
    0x2000c10c        -       0x00000001   Zero   RW         2588    .bss.straight_dbg   vision.o
    0x2000c10d        -       0x00000008   Zero   RW          648    .bss.timer_function_state  zf_driver_timer.o
    0x2000c115        -       0x00000008   Zero   RW          649    .bss.timer_mode_state  zf_driver_timer.o
    0x2000c11d   COMPRESSED   0x00000001   PAD
    0x2000c11e        -       0x00000200   Zero   RW         1365    .bss.tsl1401_data   zf_device_tsl1401.o
    0x2000c31e        -       0x00000001   Zero   RW         1366    .bss.tsl1401_finish_flag  zf_device_tsl1401.o
    0x2000c31f        -       0x00000001   Zero   RW         1364    .bss.tsl1401_init_state  zf_device_tsl1401.o
    0x2000c320        -       0x00000008   Zero   RW          676    .bss.uart_interrupt_state  zf_driver_uart.o
    0x2000c328        -       0x00000004   Zero   RW         2594    .bss.vis_deal.frame_since_otsu  vision.o
    0x2000c32c        -       0x00000001   Zero   RW         2600    .bss.vis_frame_ready  vision.o
    0x2000c32d        -       0x00000001   Zero   RW          130    .bss.zf_debug_init_flag  zf_common_debug.o


    Execution Region ARM_LIB_HEAP (Exec base: 0x2000c330, Load base: 0x0800c714, Size: 0x00000400, Max: 0x00000400, ABSOLUTE)

    Exec Addr    Load Addr    Size         Type   Attr      Idx    E Section Name        Object

    0x2000c330        -       0x00000400   Zero   RW            1    ARM_LIB_HEAP.bss    anon$$obj.o


    Execution Region ARM_LIB_STACK (Exec base: 0x2001e000, Load base: 0x0800c714, Size: 0x00002000, Max: 0x00002000, ABSOLUTE)

    Exec Addr    Load Addr    Size         Type   Attr      Idx    E Section Name        Object

    0x2001e000        -       0x00002000   Zero   RW            2    ARM_LIB_STACK.bss   anon$$obj.o


==============================================================================

Image component sizes


      Code (inc. data)   RO Data    RW Data    ZI Data      Debug   Object Name

         0          0          0          4         16        518   attitude.o
      1486          0          0         56         33       3142   control.o
        60          0          0          0          4       1944   encoder.o
      1772          0          0          0          0       6817   isr.o
       328          0          0          0          0       3201   main.o
       408          0          0          0       2817       2761   menu.o
       374          0          0          0          0       3483   motor.o
        74          0          0          0          0       1255   mpu6050.o
      4104         44        212          0         51       6504   mymenu.o
       122          0          0          0          0       1940   servo.o
        36          8        400          0          0        852   startup_mm32f3277g.o
        16          0          0          0          0        425   system_mm32f3277g.o
      6928          0          0         12      23172      12964   vision.o
       796          0          0          4          0       2940   zf_common_clock.o
      1614          0        274          1         22       8242   zf_common_debug.o
      1602          0         43          0          0       5432   zf_common_fifo.o
         0          0       2072          0          0        741   zf_common_font.o
       896          0         47          0          0       8063   zf_common_function.o
       344          0          0          0          4       4677   zf_common_interrupt.o
       230          0          0          0         32       5196   zf_device_camera.o
       314          4          0          2          6       3535   zf_device_dm1xa.o
       314          0          8          0        284       8153   zf_device_gps_tau1201.o
      4858          4         45         12          2      12104   zf_device_ips200.o
       428          0         46          0         24       2990   zf_device_key.o
       516          0         72          0         24       3370   zf_device_mpu6050.o
      1258          0         98         77      22563       7021   zf_device_mt9v03x.o
       224          0          0          0        514       3520   zf_device_tsl1401.o
       140          0          0         16          1       1528   zf_device_type.o
       150          0          0          8          2       4726   zf_driver_adc.o
       154          0         44          0          0       1233   zf_driver_delay.o
       490         22          0          8          0       4150   zf_driver_dma.o
       366         16          0          8          0       5976   zf_driver_encoder.o
       672         28          0          0          0       5146   zf_driver_exti.o
      1016          0          0         32          0       4843   zf_driver_gpio.o
       306          8         42          0          0       5121   zf_driver_pit.o
       900         16         42          0          0       5395   zf_driver_pwm.o
      2318          0         47          0          0       8797   zf_driver_soft_iic.o
      1188          4         42          8          0       8699   zf_driver_spi.o
       944         32         44          0         16       7450   zf_driver_timer.o
      1150          8         43         40          8       7502   zf_driver_uart.o

    ----------------------------------------------------------------------
     39104        194       3656        304      58836     192356   Object Totals
         0          0         32          0       9216          0   (incl. Generated)
       208          0          3         16         25          0   (incl. Padding)

    ----------------------------------------------------------------------

      Code (inc. data)   RO Data    RW Data    ZI Data      Debug   Library Member Name

        86          0          0          0          0          0   __dczerorl2.o
         0          0          0          0          0          0   entry.o
         0          0          0          0          0          0   entry10a.o
         0          0          0          0          0          0   entry11a.o
         8          4          0          0          0          0   entry4.o
         4          0          0          0          0          0   entry5.o
         0          0          0          0          0          0   entry7b.o
         0          0          0          0          0          0   entry8b.o
         8          4          0          0          0          0   entry9a.o
        30          0          0          0          0          0   handlers.o
        48         10          0          0          0         68   init.o
         0          0          0          0          0          0   iusefp.o
        30          0          0          0          0         68   llshl.o
        36          0          0          0          0         68   llsshr.o
        32          0          0          0          0         68   llushr.o
        36          0          0          0          0         68   memcpya.o
        36          0          0          0          0        108   memseta.o
      2276         86          0          0          0        520   printfa.o
        14          0          0          0          0         68   strlen.o
        30          0          0          0          0         80   strncmp.o
        44          0          0          0          0         80   uidiv.o
        98          0          0          0          0         92   uldiv.o
        48          0          0          0          0         68   cdrcmple.o
       334          0          0          0          0        148   dadd.o
        56          0          0          0          0         80   dcmpeq.o
       222          0          0          0          0        100   ddiv.o
       186          0          0          0          0        176   depilogue.o
        62          0          0          0          0         80   dfixi.o
        48          0          0          0          0         68   dfixul.o
       228          0          0          0          0         96   dmul.o
        38          0          0          0          0         68   f2d.o
       176          0          0          0          0        140   fadd.o
        28          0          0          0          0         68   fcmpeq.o
        28          0          0          0          0         68   fcmpge.o
        28          0          0          0          0         68   fcmpgt.o
        28          0          0          0          0         68   fcmple.o
       124          0          0          0          0         88   fdiv.o
       110          0          0          0          0        168   fepilogue.o
        50          0          0          0          0         68   ffixi.o
        40          0          0          0          0         68   ffixui.o
        18          0          0          0          0         68   fflti.o
        10          0          0          0          0         68   ffltui.o
       100          0          0          0          0         76   fmul.o
      2588          0          0          0         44       3849   zf_device_config.o

    ----------------------------------------------------------------------
      7376        104          0          0         44       7037   Library Totals
        10          0          0          0          0          0   (incl. Padding)

    ----------------------------------------------------------------------

      Code (inc. data)   RO Data    RW Data    ZI Data      Debug   Library Name

      2816        104          0          0          0       1288   mc_w.l
      1962          0          0          0          0       1900   mf_w.l
      2588          0          0          0         44       3849   zf_device_config.lib

    ----------------------------------------------------------------------
      7376        104          0          0         44       7037   Library Totals

    ----------------------------------------------------------------------

==============================================================================


      Code (inc. data)   RO Data    RW Data    ZI Data      Debug   

     46480        298       3656        304      58880     197117   Grand Totals
     46480        298       3656        204      58880     197117   ELF Image Totals (compressed)
     46480        298       3656        204          0          0   ROM Totals

==============================================================================

    Total RO  Size (Code + RO Data)                50136 (  48.96kB)
    Total RW  Size (RW Data + ZI Data)             59184 (  57.80kB)
    Total ROM Size (Code + RO Data + RW Data)      50340 (  49.16kB)

==============================================================================

