Component: Arm Compiler for Embedded 6.24 Tool: armlink [5f371500]

==============================================================================

Section Cross References

    main.o(.text.main) refers to zf_common_clock.o(.text.clock_init) for clock_init
    main.o(.text.main) refers to zf_common_debug.o(.text.debug_init) for debug_init
    main.o(.text.main) refers to zf_device_ips200.o(.text.ips200_set_dir) for ips200_set_dir
    main.o(.text.main) refers to zf_device_ips200.o(.text.ips200_set_font) for ips200_set_font
    main.o(.text.main) refers to zf_device_ips200.o(.text.ips200_set_color) for ips200_set_color
    main.o(.text.main) refers to zf_device_ips200.o(.text.ips200_init) for ips200_init
    main.o(.text.main) refers to zf_device_ips200.o(.text.ips200_clear) for ips200_clear
    main.o(.text.main) refers to zf_device_mt9v03x.o(.text.mt9v03x_init) for mt9v03x_init
    main.o(.text.main) refers to zf_driver_delay.o(.text.system_delay_ms) for system_delay_ms
    main.o(.text.main) refers to zf_device_key.o(.text.key_init) for key_init
    main.o(.text.main) refers to zf_common_clock.o(.data.system_clock) for system_clock
    main.o(.text.main) refers to zf_driver_pit.o(.text.pit_init) for pit_init
    main.o(.text.main) refers to mymenu.o(.text.menu_init) for menu_init
    main.o(.text.main) refers to motor.o(.text.motor_init) for motor_init
    main.o(.text.main) refers to encoder.o(.text.encoder_init) for encoder_init
    main.o(.text.main) refers to mpu6050.o(.text.mpu6050_module_init) for mpu6050_module_init
    main.o(.text.main) refers to zf_common_interrupt.o(.text.interrupt_set_priority) for interrupt_set_priority
    main.o(.text.main) refers to servo.o(.text.servo_init) for servo_init
    main.o(.text.main) refers to control.o(.text.control_init) for control_init
    main.o(.text.main) refers to zf_device_wireless_uart.o(.text.wireless_uart_init) for wireless_uart_init
    main.o(.text.main) refers to vofa_uart.o(.text.vofa_uart_init) for vofa_uart_init
    main.o(.text.main) refers to mymenu.o(.text.menu_show) for menu_show
    main.o(.text.main) refers to zf_device_mt9v03x.o(.bss.mt9v03x_finish_flag) for mt9v03x_finish_flag
    main.o(.text.main) refers to vision.o(.text.vis_deal) for vis_deal
    main.o(.text.main) refers to control.o(.bss.car_run) for car_run
    main.o(.text.main) refers to control.o(.text.control_update) for control_update
    main.o(.text.main) refers to main.o(.bss.main.vofa_cnt) for main.vofa_cnt
    main.o(.text.main) refers to control.o(.text.control_vofa_send) for control_vofa_send
    main.o(.text.main) refers to vision.o(.bss.vis_frame_ready) for vis_frame_ready
    main.o(.text.main) refers to motor.o(.text.motor_stop) for motor_stop
    main.o(.text.main) refers to pid.o(.bss.Speed_PID_Enable) for Speed_PID_Enable
    main.o(.text.main) refers to vofa_uart.o(.text.vofa_uart_poll) for vofa_uart_poll
    main.o(.text.main) refers to mymenu.o(.text.menu) for menu
    main.o(.ARM.exidx.text.main) refers to main.o(.text.main) for [Anonymous Symbol]
    isr.o(.ARM.exidx.text.TIM1_UP_IRQHandler) refers to isr.o(.text.TIM1_UP_IRQHandler) for [Anonymous Symbol]
    isr.o(.ARM.exidx.text.TIM2_IRQHandler) refers to isr.o(.text.TIM2_IRQHandler) for [Anonymous Symbol]
    isr.o(.ARM.exidx.text.TIM3_IRQHandler) refers to isr.o(.text.TIM3_IRQHandler) for [Anonymous Symbol]
    isr.o(.ARM.exidx.text.TIM4_IRQHandler) refers to isr.o(.text.TIM4_IRQHandler) for [Anonymous Symbol]
    isr.o(.ARM.exidx.text.TIM5_IRQHandler) refers to isr.o(.text.TIM5_IRQHandler) for [Anonymous Symbol]
    isr.o(.text.TIM6_IRQHandler) refers to encoder.o(.text.encoder_pit_callback) for encoder_pit_callback
    isr.o(.text.TIM6_IRQHandler) refers to encoder.o(.text.encoder_get_left_speed) for encoder_get_left_speed
    isr.o(.text.TIM6_IRQHandler) refers to fflti.o(.text) for __aeabi_i2f
    isr.o(.text.TIM6_IRQHandler) refers to fmul.o(.text) for __aeabi_fmul
    isr.o(.text.TIM6_IRQHandler) refers to pid.o(.data.Motor_L_PID) for Motor_L_PID
    isr.o(.text.TIM6_IRQHandler) refers to encoder.o(.text.encoder_get_right_speed) for encoder_get_right_speed
    isr.o(.text.TIM6_IRQHandler) refers to pid.o(.data.Motor_R_PID) for Motor_R_PID
    isr.o(.text.TIM6_IRQHandler) refers to control.o(.bss.car_run) for car_run
    isr.o(.text.TIM6_IRQHandler) refers to pid.o(.text.Speed_PID_Crtl) for Speed_PID_Crtl
    isr.o(.ARM.exidx.text.TIM6_IRQHandler) refers to isr.o(.text.TIM6_IRQHandler) for [Anonymous Symbol]
    isr.o(.text.TIM7_IRQHandler) refers to zf_device_key.o(.text.key_get_state) for key_get_state
    isr.o(.text.TIM7_IRQHandler) refers to zf_device_key.o(.text.key_scanner) for key_scanner
    isr.o(.ARM.exidx.text.TIM7_IRQHandler) refers to isr.o(.text.TIM7_IRQHandler) for [Anonymous Symbol]
    isr.o(.text.TIM8_UP_IRQHandler) refers to zf_device_tsl1401.o(.text.tsl1401_collect_pit_handler) for tsl1401_collect_pit_handler
[...]
    TIM8_CC_IRQHandler                       0x0800042f   Thumb Code     0  startup_mm32f3277g.o(.text)
    TIM8_TRG_COM_IRQHandler                  0x0800042f   Thumb Code     0  startup_mm32f3277g.o(.text)
    WWDG_IRQHandler                          0x0800042f   Thumb Code     0  startup_mm32f3277g.o(.text)
    __aeabi_memcpy                           0x08000439   Thumb Code    36  memcpya.o(.text)
    __aeabi_memcpy4                          0x08000439   Thumb Code     0  memcpya.o(.text)
    __aeabi_memcpy8                          0x08000439   Thumb Code     0  memcpya.o(.text)
    __aeabi_memset                           0x0800045d   Thumb Code    14  memseta.o(.text)
    __aeabi_memset4                          0x0800045d   Thumb Code     0  memseta.o(.text)
    __aeabi_memset8                          0x0800045d   Thumb Code     0  memseta.o(.text)
    __aeabi_memclr                           0x0800046b   Thumb Code     4  memseta.o(.text)
    __aeabi_memclr4                          0x0800046b   Thumb Code     0  memseta.o(.text)
    __aeabi_memclr8                          0x0800046b   Thumb Code     0  memseta.o(.text)
    _memset$wrapper                          0x0800046f   Thumb Code    18  memseta.o(.text)
    strlen                                   0x08000481   Thumb Code    14  strlen.o(.text)
    strncmp                                  0x0800048f   Thumb Code    30  strncmp.o(.text)
    __aeabi_fadd                             0x080004ad   Thumb Code   164  fadd.o(.text)
    __aeabi_fsub                             0x08000551   Thumb Code     6  fadd.o(.text)
    __aeabi_frsub                            0x08000557   Thumb Code     6  fadd.o(.text)
    __aeabi_fmul                             0x0800055d   Thumb Code   100  fmul.o(.text)
    __aeabi_fdiv                             0x080005c1   Thumb Code   124  fdiv.o(.text)
    __aeabi_dadd                             0x0800063d   Thumb Code   322  dadd.o(.text)
    __aeabi_dsub                             0x0800077f   Thumb Code     6  dadd.o(.text)
    __aeabi_drsub                            0x08000785   Thumb Code     6  dadd.o(.text)
    __aeabi_dmul                             0x0800078b   Thumb Code   228  dmul.o(.text)
    __aeabi_ddiv                             0x0800086f   Thumb Code   222  ddiv.o(.text)
    __aeabi_fcmple                           0x0800094d   Thumb Code    28  fcmple.o(.text)
    __aeabi_fcmplt                           0x08000969   Thumb Code    28  fcmplt.o(.text)
    __aeabi_fcmpge                           0x08000985   Thumb Code    28  fcmpge.o(.text)
    __aeabi_fcmpgt                           0x080009a1   Thumb Code    28  fcmpgt.o(.text)
    __aeabi_dcmpeq                           0x080009bd   Thumb Code    56  dcmpeq.o(.text)
    __aeabi_i2f                              0x080009f5   Thumb Code    18  fflti.o(.text)
    __aeabi_ui2f                             0x08000a07   Thumb Code    10  ffltui.o(.text)
    __aeabi_f2iz                             0x08000a11   Thumb Code    50  ffixi.o(.text)
    __aeabi_f2uiz                            0x08000a43   Thumb Code    40  ffixui.o(.text)
    __aeabi_d2iz                             0x08000a6b   Thumb Code    62  dfixi.o(.text)
    __aeabi_f2d                              0x08000aa9   Thumb Code    38  f2d.o(.text)
    __aeabi_uidiv                            0x08000acf   Thumb Code     0  uidiv.o(.text)
    __aeabi_uidivmod                         0x08000acf   Thumb Code    44  uidiv.o(.text)
    __aeabi_uldivmod                         0x08000afb   Thumb Code    98  uldiv.o(.text)
    __aeabi_llsl                             0x08000b5d   Thumb Code    30  llshl.o(.text)
    _ll_shift_l                              0x08000b5d   Thumb Code     0  llshl.o(.text)
    __aeabi_llsr                             0x08000b7b   Thumb Code    32  llushr.o(.text)
    _ll_ushift_r                             0x08000b7b   Thumb Code     0  llushr.o(.text)
    __aeabi_lasr                             0x08000b9b   Thumb Code    36  llsshr.o(.text)
    _ll_sshift_r                             0x08000b9b   Thumb Code     0  llsshr.o(.text)
    __I$use$fp                               0x08000bbf   Thumb Code     0  iusefp.o(.text)
    _float_round                             0x08000bbf   Thumb Code    18  fepilogue.o(.text)
    _float_epilogue                          0x08000bd1   Thumb Code    92  fepilogue.o(.text)
    _double_round                            0x08000c2d   Thumb Code    30  depilogue.o(.text)
    _double_epilogue                         0x08000c4b   Thumb Code   156  depilogue.o(.text)
    __aeabi_d2ulz                            0x08000ce7   Thumb Code    48  dfixul.o(.text)
    __aeabi_cdrcmple                         0x08000d19   Thumb Code    48  cdrcmple.o(.text)
    __scatterload                            0x08000d49   Thumb Code    38  init.o(.text)
    __scatterload_rt2                        0x08000d49   Thumb Code     0  init.o(.text)
    __decompress                             0x08000d79   Thumb Code     0  __dczerorl2.o(.text)
    __decompress1                            0x08000d79   Thumb Code    86  __dczerorl2.o(.text)
    DMA1_Channel1_IRQHandler                 0x08000e85   Thumb Code    32  isr.o(.text.DMA1_Channel1_IRQHandler)
    DMA1_Channel2_IRQHandler                 0x08000ea5   Thumb Code    34  isr.o(.text.DMA1_Channel2_IRQHandler)
    DMA1_Channel3_IRQHandler                 0x08000ec9   Thumb Code    34  isr.o(.text.DMA1_Channel3_IRQHandler)
    DMA1_Channel4_IRQHandler                 0x08000eed   Thumb Code    48  isr.o(.text.DMA1_Channel4_IRQHandler)
    DMA1_Channel5_IRQHandler                 0x08000f1d   Thumb Code    34  isr.o(.text.DMA1_Channel5_IRQHandler)
    DMA1_Channel6_IRQHandler                 0x08000f41   Thumb Code    34  isr.o(.text.DMA1_Channel6_IRQHandler)
    DMA1_Channel7_IRQHandler                 0x08000f65   Thumb Code    34  isr.o(.text.DMA1_Channel7_IRQHandler)
    DMA2_Channel1_IRQHandler                 0x08000f89   Thumb Code    36  isr.o(.text.DMA2_Channel1_IRQHandler)
    DMA2_Channel2_IRQHandler                 0x08000fad   Thumb Code    38  isr.o(.text.DMA2_Channel2_IRQHandler)
    DMA2_Channel3_IRQHandler                 0x08000fd5   Thumb Code    38  isr.o(.text.DMA2_Channel3_IRQHandler)
    DMA2_Channel4_IRQHandler                 0x08000ffd   Thumb Code    38  isr.o(.text.DMA2_Channel4_IRQHandler)
    DMA2_Channel5_IRQHandler                 0x08001025   Thumb Code    38  isr.o(.text.DMA2_Channel5_IRQHandler)
    EXTI0_IRQHandler                         0x0800104d   Thumb Code    18  isr.o(.text.EXTI0_IRQHandler)
    EXTI15_10_IRQHandler                     0x08001061   Thumb Code   228  isr.o(.text.EXTI15_10_IRQHandler)
    EXTI1_IRQHandler                         0x08001145   Thumb Code    18  isr.o(.text.EXTI1_IRQHandler)
    EXTI2_IRQHandler                         0x08001159   Thumb Code    18  isr.o(.text.EXTI2_IRQHandler)
    EXTI3_IRQHandler                         0x0800116d   Thumb Code    18  isr.o(.text.EXTI3_IRQHandler)
    EXTI4_IRQHandler                         0x08001181   Thumb Code    18  isr.o(.text.EXTI4_IRQHandler)
    EXTI9_5_IRQHandler                       0x08001195   Thumb Code   196  isr.o(.text.EXTI9_5_IRQHandler)
    KF_init                                  0x08001289   Thumb Code    42  kf.o(.text.KF_init)
    Menu_Set_Limit                           0x080012b5   Thumb Code    38  menu.o(.text.Menu_Set_Limit)
    PID_INC_Init                             0x080012dd   Thumb Code    34  pid.o(.text.PID_INC_Init)
    PID_INC_Update                           0x08001301   Thumb Code   266  pid.o(.text.PID_INC_Update)
    Speed_PID_Crtl                           0x0800140d   Thumb Code    78  pid.o(.text.Speed_PID_Crtl)
    Speed_PID_Init                           0x0800145d   Thumb Code    28  pid.o(.text.Speed_PID_Init)
    SystemInit                               0x08001479   Thumb Code    16  system_mm32f3277g.o(.text.SystemInit)
    TIM1_UP_IRQHandler                       0x08001489   Thumb Code    18  isr.o(.text.TIM1_UP_IRQHandler)
    TIM2_IRQHandler                          0x0800149d   Thumb Code    16  isr.o(.text.TIM2_IRQHandler)
    TIM3_IRQHandler                          0x080014ad   Thumb Code    18  isr.o(.text.TIM3_IRQHandler)
    TIM4_IRQHandler                          0x080014c1   Thumb Code    18  isr.o(.text.TIM4_IRQHandler)
    TIM5_IRQHandler                          0x080014d5   Thumb Code    18  isr.o(.text.TIM5_IRQHandler)
    TIM6_IRQHandler                          0x080014e9   Thumb Code   138  isr.o(.text.TIM6_IRQHandler)
    TIM7_IRQHandler                          0x08001575   Thumb Code    74  isr.o(.text.TIM7_IRQHandler)
    TIM8_UP_IRQHandler                       0x080015c1   Thumb Code    24  isr.o(.text.TIM8_UP_IRQHandler)
    UART1_IRQHandler                         0x080015d9   Thumb Code    72  isr.o(.text.UART1_IRQHandler)
    UART2_IRQHandler                         0x08001621   Thumb Code    78  isr.o(.text.UART2_IRQHandler)
    UART3_IRQHandler                         0x08001671   Thumb Code    72  isr.o(.text.UART3_IRQHandler)
    UART4_IRQHandler                         0x080016b9   Thumb Code    72  isr.o(.text.UART4_IRQHandler)
    UART5_IRQHandler                         0x08001701   Thumb Code    72  isr.o(.text.UART5_IRQHandler)
    UART6_IRQHandler                         0x08001749   Thumb Code    90  isr.o(.text.UART6_IRQHandler)
    UART7_IRQHandler                         0x080017a5   Thumb Code    72  isr.o(.text.UART7_IRQHandler)
    UART8_IRQHandler                         0x080017ed   Thumb Code    86  isr.o(.text.UART8_IRQHandler)
    adc_convert                              0x0800192d   Thumb Code   150  zf_driver_adc.o(.text.adc_convert)
    afio_init                                0x080019c5   Thumb Code   384  zf_driver_gpio.o(.text.afio_init)
    camera_fifo_init                         0x08001ca9   Thumb Code    28  zf_device_camera.o(.text.camera_fifo_init)
    camera_init                              0x08001cc5   Thumb Code   202  zf_device_camera.o(.text.camera_init)
    clock_init                               0x08001d91   Thumb Code    36  zf_common_clock.o(.text.clock_init)
    control_init                             0x08002251   Thumb Code   164  control.o(.text.control_init)
    control_update                           0x080022f5   Thumb Code    24  control.o(.text.control_update)
    control_vofa_send                        0x0800230d   Thumb Code   288  control.o(.text.control_vofa_send)
    debug_assert_handler                     0x0800242d   Thumb Code   108  zf_common_debug.o(.text.debug_assert_handler)
    debug_init                               0x080024d9   Thumb Code    50  zf_common_debug.o(.text.debug_init)
    debug_log_handler                        0x0800250d   Thumb Code    66  zf_common_debug.o(.text.debug_log_handler)
    debug_output_init                        0x08002901   Thumb Code    76  zf_common_debug.o(.text.debug_output_init)
    debug_output_struct_init                 0x0800294d   Thumb Code    48  zf_common_debug.o(.text.debug_output_struct_init)
    dm1xa_light_callback                     0x08002a85   Thumb Code    58  zf_device_dm1xa.o(.text.dm1xa_light_callback)
    dm1xa_sound_callback                     0x08002ac1   Thumb Code   256  zf_device_dm1xa.o(.text.dm1xa_sound_callback)
    dma_camera_init                          0x08002bc1   Thumb Code   338  zf_driver_dma.o(.text.dma_camera_init)
    dma_disable                              0x08002d15   Thumb Code    50  zf_driver_dma.o(.text.dma_disable)
    dma_enable                               0x08002d49   Thumb Code    50  zf_driver_dma.o(.text.dma_enable)
    dma_set_count                            0x08002d7d   Thumb Code    52  zf_driver_dma.o(.text.dma_set_count)
    dynamicCreate_Menu_Folder                0x08002db1   Thumb Code    90  menu.o(.text.dynamicCreate_Menu_Folder)
    dynamicCreate_Menu_Number                0x08002e0d   Thumb Code   100  menu.o(.text.dynamicCreate_Menu_Number)
    encoder_clear_count                      0x08002e71   Thumb Code   144  zf_driver_encoder.o(.text.encoder_clear_count)
    encoder_get_count                        0x08002f01   Thumb Code   222  zf_driver_encoder.o(.text.encoder_get_count)
    encoder_get_left_speed                   0x08002fe1   Thumb Code    14  encoder.o(.text.encoder_get_left_speed)
    encoder_get_right_speed                  0x08002ff1   Thumb Code    14  encoder.o(.text.encoder_get_right_speed)
    encoder_init                             0x08003001   Thumb Code    66  encoder.o(.text.encoder_init)
    encoder_pit_callback                     0x08003045   Thumb Code    60  encoder.o(.text.encoder_pit_callback)
    encoder_quad_init                        0x08003081   Thumb Code   346  zf_driver_encoder.o(.text.encoder_quad_init)
    exti_init                                0x080031dd   Thumb Code   672  zf_driver_exti.o(.text.exti_init)
    fifo_clear                               0x0800347d   Thumb Code   168  zf_common_fifo.o(.text.fifo_clear)
    fifo_init                                0x08003585   Thumb Code   110  zf_common_fifo.o(.text.fifo_init)
    fifo_read_buffer                         0x080035f5   Thumb Code   496  zf_common_fifo.o(.text.fifo_read_buffer)
    fifo_used                                0x080037e5   Thumb Code    40  zf_common_fifo.o(.text.fifo_used)
    fifo_write_buffer                        0x0800380d   Thumb Code   506  zf_common_fifo.o(.text.fifo_write_buffer)
    fifo_write_element                       0x08003a09   Thumb Code   190  zf_common_fifo.o(.text.fifo_write_element)
    func_float_to_str                        0x08003c1d   Thumb Code   588  zf_common_function.o(.text.func_float_to_str)
    func_get_greatest_common_divisor         0x08003e69   Thumb Code    66  zf_common_function.o(.text.func_get_greatest_common_divisor)
    func_int_to_str                          0x08003ead   Thumb Code   242  zf_common_function.o(.text.func_int_to_str)
    gpio_get_level                           0x08003fa1   Thumb Code    46  zf_driver_gpio.o(.text.gpio_get_level)
    gpio_init                                0x08003fd1   Thumb Code   488  zf_driver_gpio.o(.text.gpio_init)
    gpio_set_level                           0x080041b9   Thumb Code    98  zf_driver_gpio.o(.text.gpio_set_level)
    gps_uart_callback                        0x0800421d   Thumb Code   314  zf_device_gps_tau1201.o(.text.gps_uart_callback)
    interrupt_disable                        0x08004359   Thumb Code    20  zf_common_interrupt.o(.text.interrupt_disable)
    interrupt_enable                         0x0800436d   Thumb Code    20  zf_common_interrupt.o(.text.interrupt_enable)
    interrupt_global_disable                 0x08004381   Thumb Code    36  zf_common_interrupt.o(.text.interrupt_global_disable)
    interrupt_init                           0x080043a5   Thumb Code    10  zf_common_interrupt.o(.text.interrupt_init)
    interrupt_set_priority                   0x080043b1   Thumb Code    28  zf_common_interrupt.o(.text.interrupt_set_priority)
    ips200_clear                             0x080043cd   Thumb Code   270  zf_device_ips200.o(.text.ips200_clear)
    ips200_draw_point                        0x08004569   Thumb Code   234  zf_device_ips200.o(.text.ips200_draw_point)
    ips200_init                              0x08004655   Thumb Code  1138  zf_device_ips200.o(.text.ips200_init)
    ips200_set_color                         0x08004ac9   Thumb Code    42  zf_device_ips200.o(.text.ips200_set_color)
    ips200_set_dir                           0x08004af5   Thumb Code   102  zf_device_ips200.o(.text.ips200_set_dir)
    ips200_set_font                          0x08004b5d   Thumb Code    24  zf_device_ips200.o(.text.ips200_set_font)
    ips200_show_char                         0x08004c39   Thumb Code   734  zf_device_ips200.o(.text.ips200_show_char)
    ips200_show_float                        0x08004f19   Thumb Code   350  zf_device_ips200.o(.text.ips200_show_float)
    ips200_show_gray_image                   0x08005079   Thumb Code   532  zf_device_ips200.o(.text.ips200_show_gray_image)
    ips200_show_int                          0x0800528d   Thumb Code   256  zf_device_ips200.o(.text.ips200_show_int)
    ips200_show_string                       0x0800538d   Thumb Code   220  zf_device_ips200.o(.text.ips200_show_string)
    key_clear_state                          0x08005eed   Thumb Code    26  zf_device_key.o(.text.key_clear_state)
    key_get_state                            0x08005f09   Thumb Code    24  zf_device_key.o(.text.key_get_state)
    key_init                                 0x08005f21   Thumb Code   122  zf_device_key.o(.text.key_init)
    key_scanner                              0x08005f9d   Thumb Code   256  zf_device_key.o(.text.key_scanner)
    main                                     0x0800609d   Thumb Code   366  main.o(.text.main)
    menu                                     0x0800620d   Thumb Code   404  mymenu.o(.text.menu)
    menu_init                                0x080063a1   Thumb Code   896  mymenu.o(.text.menu_init)
    menu_show                                0x08006721   Thumb Code    86  mymenu.o(.text.menu_show)
    motor_init                               0x08006779   Thumb Code    76  motor.o(.text.motor_init)
    motor_set_left                           0x080067c5   Thumb Code   122  motor.o(.text.motor_set_left)
    motor_set_right                          0x08006841   Thumb Code   122  motor.o(.text.motor_set_right)
    motor_stop                               0x080068bd   Thumb Code    22  motor.o(.text.motor_stop)
    mpu6050_get_gyro                         0x08006c6d   Thumb Code    94  zf_device_mpu6050.o(.text.mpu6050_get_gyro)
    mpu6050_get_gyro_z                       0x08006ccd   Thumb Code    14  mpu6050.o(.text.mpu6050_get_gyro_z)
    mpu6050_gyro_transition                  0x08006cdd   Thumb Code    40  zf_device_mpu6050.o(.text.mpu6050_gyro_transition)
    mpu6050_init                             0x08006d05   Thumb Code   306  zf_device_mpu6050.o(.text.mpu6050_init)
    mpu6050_module_init                      0x08006e39   Thumb Code    74  mpu6050.o(.text.mpu6050_module_init)
    mt9v03x_get_version                      0x08007035   Thumb Code   160  zf_device_mt9v03x.o(.text.mt9v03x_get_version)
    mt9v03x_init                             0x080070d5   Thumb Code   420  zf_device_mt9v03x.o(.text.mt9v03x_init)
    mt9v03x_set_config_sccb                  0x080073ad   Thumb Code  2478  zf_device_config.o(.text.mt9v03x_set_config_sccb)
    pit_init                                 0x0800819d   Thumb Code   306  zf_driver_pit.o(.text.pit_init)
    pwm_init                                 0x080082d1   Thumb Code   598  zf_driver_pwm.o(.text.pwm_init)
    pwm_set_duty                             0x08008529   Thumb Code   302  zf_driver_pwm.o(.text.pwm_set_duty)
    servo_init                               0x08008659   Thumb Code    20  servo.o(.text.servo_init)
    servo_set_angle                          0x0800866d   Thumb Code   102  servo.o(.text.servo_set_angle)
    set_camera_type                          0x08008a61   Thumb Code   138  zf_device_type.o(.text.set_camera_type)
    set_wireless_type                        0x08008aed   Thumb Code    62  zf_device_type.o(.text.set_wireless_type)
    soft_iic_init                            0x08008ced   Thumb Code   142  zf_driver_soft_iic.o(.text.soft_iic_init)
    soft_iic_read_8bit_register              0x08008d7d   Thumb Code   114  zf_driver_soft_iic.o(.text.soft_iic_read_8bit_register)
    soft_iic_read_8bit_registers             0x08008df1   Thumb Code   152  zf_driver_soft_iic.o(.text.soft_iic_read_8bit_registers)
    soft_iic_sccb_read_register              0x08008fed   Thumb Code   120  zf_driver_soft_iic.o(.text.soft_iic_sccb_read_register)
    soft_iic_sccb_write_register             0x08009065   Thumb Code    86  zf_driver_soft_iic.o(.text.soft_iic_sccb_write_register)
    soft_iic_write_8bit_register             0x080095b1   Thumb Code    86  zf_driver_soft_iic.o(.text.soft_iic_write_8bit_register)
    spi_init                                 0x08009609   Thumb Code   870  zf_driver_spi.o(.text.spi_init)
    spi_write_16bit                          0x08009971   Thumb Code   184  zf_driver_spi.o(.text.spi_write_16bit)
    spi_write_8bit                           0x08009a29   Thumb Code   134  zf_driver_spi.o(.text.spi_write_8bit)
    system_delay_ms                          0x0800a181   Thumb Code   154  zf_driver_delay.o(.text.system_delay_ms)
    timer_clear                              0x0800a21d   Thumb Code   178  zf_driver_timer.o(.text.timer_clear)
    timer_clock_enable                       0x0800a2d1   Thumb Code   182  zf_driver_timer.o(.text.timer_clock_enable)
    timer_etr_init                           0x0800a389   Thumb Code   298  zf_driver_timer.o(.text.timer_etr_init)
    timer_funciton_check                     0x0800a4b5   Thumb Code   104  zf_driver_timer.o(.text.timer_funciton_check)
    timer_get                                0x0800a51d   Thumb Code   182  zf_driver_timer.o(.text.timer_get)
    tsl1401_collect_pit_handler              0x0800a5d5   Thumb Code   224  zf_device_tsl1401.o(.text.tsl1401_collect_pit_handler)
    uart_init                                0x0800a6b9   Thumb Code   652  zf_driver_uart.o(.text.uart_init)
    uart_query_byte                          0x0800a945   Thumb Code   102  zf_driver_uart.o(.text.uart_query_byte)
    uart_rx_interrupt                        0x0800a9ad   Thumb Code   160  zf_driver_uart.o(.text.uart_rx_interrupt)
    uart_write_buffer                        0x0800aa4d   Thumb Code   108  zf_driver_uart.o(.text.uart_write_buffer)
    uart_write_byte                          0x0800aab9   Thumb Code    64  zf_driver_uart.o(.text.uart_write_byte)
    uart_write_string                        0x0800aaf9   Thumb Code    64  zf_driver_uart.o(.text.uart_write_string)
    vis_bin_draw                             0x0800ab39   Thumb Code    38  vision.o(.text.vis_bin_draw)
    vis_deal                                 0x0800ab61   Thumb Code   422  vision.o(.text.vis_deal)
    vis_draw                                 0x0800ad09   Thumb Code   388  vision.o(.text.vis_draw)
    vofa_uart_init                           0x0800aea9   Thumb Code    34  vofa_uart.o(.text.vofa_uart_init)
    vofa_uart_poll                           0x0800aecd   Thumb Code    64  vofa_uart.o(.text.vofa_uart_poll)
    vofa_uart_send                           0x0800af0d   Thumb Code   176  vofa_uart.o(.text.vofa_uart_send)
    vofa_uart_tx_isr                         0x0800afbd   Thumb Code   130  vofa_uart.o(.text.vofa_uart_tx_isr)
    wireless_uart_callback                   0x0800b041   Thumb Code    40  zf_device_wireless_uart.o(.text.wireless_uart_callback)
    wireless_uart_init                       0x0800b069   Thumb Code   100  zf_device_wireless_uart.o(.text.wireless_uart_init)
    __0snprintf                              0x0800b0cd   Thumb Code    48  printfa.o(i.__0snprintf)
    __1snprintf                              0x0800b0cd   Thumb Code     0  printfa.o(i.__0snprintf)
    __2snprintf                              0x0800b0cd   Thumb Code     0  printfa.o(i.__0snprintf)
    __c89snprintf                            0x0800b0cd   Thumb Code     0  printfa.o(i.__0snprintf)
    snprintf                                 0x0800b0cd   Thumb Code     0  printfa.o(i.__0snprintf)
    __0sprintf                               0x0800b101   Thumb Code    34  printfa.o(i.__0sprintf)
    __1sprintf                               0x0800b101   Thumb Code     0  printfa.o(i.__0sprintf)
    __2sprintf                               0x0800b101   Thumb Code     0  printfa.o(i.__0sprintf)
    __c89sprintf                             0x0800b101   Thumb Code     0  printfa.o(i.__0sprintf)
    sprintf                                  0x0800b101   Thumb Code     0  printfa.o(i.__0sprintf)
    __scatterload_copy                       0x0800b129   Thumb Code    14  handlers.o(i.__scatterload_copy)
    __scatterload_null                       0x0800b137   Thumb Code     2  handlers.o(i.__scatterload_null)
    __scatterload_zeroinit                   0x0800b139   Thumb Code    14  handlers.o(i.__scatterload_zeroinit)
    ascii_font_6x8                           0x0800bac8   Data         552  zf_common_font.o(.rodata.ascii_font_6x8)
    ascii_font_8x16                          0x0800bcf0   Data        1520  zf_common_font.o(.rodata.ascii_font_8x16)
    Region$$Table$$Base                      0x0800c6e4   Number         0  anon$$obj.o(Region$$Table)
    Region$$Table$$Limit                     0x0800c704   Number         0  anon$$obj.o(Region$$Table)
    Kf_L                                     0x20000000   Data          20  kf.o(.data.Kf_L)
    Kf_R                                     0x20000014   Data          20  kf.o(.data.Kf_R)
    Motor_L_PID                              0x20000028   Data          48  pid.o(.data.Motor_L_PID)
    Motor_R_PID                              0x20000058   Data          48  pid.o(.data.Motor_R_PID)
    ackermann_gain                           0x20000088   Data           4  control.o(.data.ackermann_gain)
    asc_far                                  0x20000094   Data           1  vision.o(.data.asc_far)
    camera_dma_handler                       0x20000098   Data           4  zf_device_type.o(.data.camera_dma_handler)
    camera_uart_handler                      0x2000009c   Data           4  zf_device_type.o(.data.camera_uart_handler)
    camera_vsync_handler                     0x200000a0   Data           4  zf_device_type.o(.data.camera_vsync_handler)
    gpio_group                               0x200000b8   Data          32  zf_driver_gpio.o(.data.gpio_group)
    gyro_kd                                  0x200000d8   Data           4  control.o(.data.gyro_kd)
    gyro_kd_curve                            0x200000dc   Data           4  control.o(.data.gyro_kd_curve)
    motor_base_duty                          0x200000f0   Data           4  control.o(.data.motor_base_duty)
    motor_curve_duty                         0x200000f4   Data           4  control.o(.data.motor_curve_duty)
    motor_max_duty                           0x200000f8   Data           4  control.o(.data.motor_max_duty)
    motor_speed_kd_l                         0x200000fc   Data           4  control.o(.data.motor_speed_kd_l)
    motor_speed_kd_r                         0x20000100   Data           4  control.o(.data.motor_speed_kd_r)
    motor_speed_ki_l                         0x20000104   Data           4  control.o(.data.motor_speed_ki_l)
    motor_speed_ki_r                         0x20000108   Data           4  control.o(.data.motor_speed_ki_r)
    motor_speed_kp_l                         0x2000010c   Data           4  control.o(.data.motor_speed_kp_l)
    motor_speed_kp_r                         0x20000110   Data           4  control.o(.data.motor_speed_kp_r)
    servo_center                             0x20000168   Data           4  control.o(.data.servo_center)
    servo_dead                               0x2000016c   Data           4  control.o(.data.servo_dead)
    servo_dir                                0x20000170   Data           4  control.o(.data.servo_dir)
    servo_kd_str                             0x20000174   Data           4  control.o(.data.servo_kd_str)
    servo_kp1                                0x20000178   Data           4  control.o(.data.servo_kp1)
    servo_kp2                                0x2000017c   Data           4  control.o(.data.servo_kp2)
    servo_max_add                            0x20000180   Data           4  control.o(.data.servo_max_add)
    servo_max_cha                            0x20000184   Data           4  control.o(.data.servo_max_cha)
    system_clock                             0x20000190   Data           4  zf_common_clock.o(.data.system_clock)
    wireless_module_uart_handler             0x200001c0   Data           4  zf_device_type.o(.data.wireless_module_uart_handler)
    Image_Used                               0x200001c8   Data       22560  vision.o(.bss.Image_Used)
    Speed_PID_Enable                         0x200059e8   Data           1  pid.o(.bss.Speed_PID_Enable)
    angle_pid_out                            0x200059ec   Data           4  attitude.o(.bss.angle_pid_out)
    asc_range_dbg                            0x200059f0   Data           2  vision.o(.bss.asc_range_dbg)
    camera_receiver_buffer                   0x200059f2   Data           8  zf_device_camera.o(.bss.camera_receiver_buffer)
    camera_receiver_fifo                     0x200059fc   Data          24  zf_device_camera.o(.bss.camera_receiver_fifo)
    camera_type                              0x20005a14   Data           1  zf_device_type.o(.bss.camera_type)
    car_run                                  0x20005a15   Data           1  control.o(.bss.car_run)
    center_line                              0x20005a16   Data         120  vision.o(.bss.center_line)
    encoder_left_speed                       0x20005aae   Data           2  encoder.o(.bss.encoder_left_speed)
    encoder_right_speed                      0x20005ab0   Data           2  encoder.o(.bss.encoder_right_speed)
    err                                      0x20005ab4   Data           4  vision.o(.bss.err)
    gps_gga_state                            0x20005b38   Data           1  zf_device_gps_tau1201.o(.bss.gps_gga_state)
    gps_rmc_state                            0x20005bb9   Data           1  zf_device_gps_tau1201.o(.bss.gps_rmc_state)
    gps_tau1201_flag                         0x20005bba   Data           1  zf_device_gps_tau1201.o(.bss.gps_tau1201_flag)
    gyro_z_dbg                               0x20005bd8   Data           4  control.o(.bss.gyro_z_dbg)
    l_border                                 0x20005c28   Data         120  vision.o(.bss.l_border)
    l_border_exist                           0x20005ca0   Data         120  vision.o(.bss.l_border_exist)
    mpu6050_gyro_x                           0x20006828   Data           2  zf_device_mpu6050.o(.bss.mpu6050_gyro_x)
    mpu6050_gyro_y                           0x2000682a   Data           2  zf_device_mpu6050.o(.bss.mpu6050_gyro_y)
    mpu6050_gyro_z                           0x2000682c   Data           2  zf_device_mpu6050.o(.bss.mpu6050_gyro_z)
    mpu6050_gyro_z_offset                    0x2000682e   Data           2  zf_device_mpu6050.o(.bss.mpu6050_gyro_z_offset)
    mt9v03x_finish_flag                      0x20006840   Data           1  zf_device_mt9v03x.o(.bss.mt9v03x_finish_flag)
    mt9v03x_image                            0x20006858   Data       22560  zf_device_mt9v03x.o(.bss.mt9v03x_image)
    r_border                                 0x2000c092   Data         120  vision.o(.bss.r_border)
    r_border_exist                           0x2000c10a   Data         120  vision.o(.bss.r_border_exist)
    servo_kd                                 0x2000c188   Data           4  control.o(.bss.servo_kd)
    steer_dbg                                0x2000c194   Data           4  control.o(.bss.steer_dbg)
    tsl1401_data                             0x2000c1a8   Data         512  zf_device_tsl1401.o(.bss.tsl1401_data)
    tsl1401_finish_flag                      0x2000c3a8   Data           1  zf_device_tsl1401.o(.bss.tsl1401_finish_flag)
    vis_frame_ready                          0x2000c3b8   Data           1  vision.o(.bss.vis_frame_ready)
    wireless_type                            0x2000c43c   Data           1  zf_device_type.o(.bss.wireless_type)
    Image$$ARM_LIB_STACK$$ZI$$Limit          0x20020000   Number         0  anon$$obj.o ABSOLUTE



==============================================================================

Memory Map of the image

  Image Entry point : 0x08000401

  Load Region LR_m_text (Base: 0x08000000, Size: 0x0000c8cc, Max: 0x00080000, ABSOLUTE, COMPRESSED[0x0000c7f8])

    Execution Region VECTOR_ROM (Exec base: 0x08000000, Load base: 0x08000000, Size: 0x00000190, Max: 0x00000400, ABSOLUTE)

    Exec Addr    Load Addr    Size         Type   Attr      Idx    E Section Name        Object

    0x08000000   0x08000000   0x00000190   Data   RO         1512    RESET               startup_mm32f3277g.o


    Execution Region ER_m_text (Exec base: 0x08000400, Load base: 0x08000400, Size: 0x0000c304, Max: 0x0007fc00, ABSOLUTE, FIXED)

    Exec Addr    Load Addr    Size         Type   Attr      Idx    E Section Name        Object

    0x08000400   0x08000400   0x00000000   Code   RO         2773  * .ARM.Collect$$$$00000000  mc_w.l(entry.o)
    0x08000400   0x08000400   0x00000004   Code   RO         2907    .ARM.Collect$$$$00000003  mc_w.l(entry4.o)
    0x08000404   0x08000404   0x00000004   Code   RO         2910    .ARM.Collect$$$$00000004  mc_w.l(entry5.o)
    0x08000408   0x08000408   0x00000000   Code   RO         2912    .ARM.Collect$$$$00000008  mc_w.l(entry7b.o)
    0x08000408   0x08000408   0x00000000   Code   RO         2914    .ARM.Collect$$$$0000000A  mc_w.l(entry8b.o)
    0x08000408   0x08000408   0x00000008   Code   RO         2915    .ARM.Collect$$$$0000000B  mc_w.l(entry9a.o)
    0x08000410   0x08000410   0x00000000   Code   RO         2917    .ARM.Collect$$$$0000000D  mc_w.l(entry10a.o)
    0x08000410   0x08000410   0x00000000   Code   RO         2919    .ARM.Collect$$$$0000000F  mc_w.l(entry11a.o)
    0x08000410   0x08000410   0x00000004   Code   RO         2908    .ARM.Collect$$$$00002714  mc_w.l(entry4.o)
    0x08000414   0x08000414   0x00000024   Code   RO         1513    .text               startup_mm32f3277g.o
    0x08000438   0x08000438   0x00000024   Code   RO         2776    .text               mc_w.l(memcpya.o)
    0x0800045c   0x0800045c   0x00000024   Code   RO         2778    .text               mc_w.l(memseta.o)
    0x08000480   0x08000480   0x0000000e   Code   RO         2786    .text               mc_w.l(strlen.o)
    0x0800048e   0x0800048e   0x0000001e   Code   RO         2790    .text               mc_w.l(strncmp.o)
    0x080004ac   0x080004ac   0x000000b0   Code   RO         2824    .text               mf_w.l(fadd.o)
    0x0800055c   0x0800055c   0x00000064   Code   RO         2826    .text               mf_w.l(fmul.o)
    0x080005c0   0x080005c0   0x0000007c   Code   RO         2828    .text               mf_w.l(fdiv.o)
    0x0800063c   0x0800063c   0x0000014e   Code   RO         2830    .text               mf_w.l(dadd.o)
    0x0800078a   0x0800078a   0x000000e4   Code   RO         2832    .text               mf_w.l(dmul.o)
    0x0800086e   0x0800086e   0x000000de   Code   RO         2834    .text               mf_w.l(ddiv.o)
    0x0800094c   0x0800094c   0x0000001c   Code   RO         2836    .text               mf_w.l(fcmple.o)
    0x08000968   0x08000968   0x0000001c   Code   RO         2838    .text               mf_w.l(fcmplt.o)
    0x08000984   0x08000984   0x0000001c   Code   RO         2840    .text               mf_w.l(fcmpge.o)
    0x080009a0   0x080009a0   0x0000001c   Code   RO         2842    .text               mf_w.l(fcmpgt.o)
    0x080009bc   0x080009bc   0x00000038   Code   RO         2850    .text               mf_w.l(dcmpeq.o)
    0x080009f4   0x080009f4   0x00000012   Code   RO         2852    .text               mf_w.l(fflti.o)
    0x08000a06   0x08000a06   0x0000000a   Code   RO         2854    .text               mf_w.l(ffltui.o)
    0x08000a10   0x08000a10   0x00000032   Code   RO         2860    .text               mf_w.l(ffixi.o)
    0x08000a42   0x08000a42   0x00000028   Code   RO         2862    .text               mf_w.l(ffixui.o)
    0x08000a6a   0x08000a6a   0x0000003e   Code   RO         2864    .text               mf_w.l(dfixi.o)
    0x08000aa8   0x08000aa8   0x00000026   Code   RO         2868    .text               mf_w.l(f2d.o)
    0x08000ace   0x08000ace   0x0000002c   Code   RO         2931    .text               mc_w.l(uidiv.o)
    0x08000afa   0x08000afa   0x00000062   Code   RO         2933    .text               mc_w.l(uldiv.o)
    0x08000b5c   0x08000b5c   0x0000001e   Code   RO         2935    .text               mc_w.l(llshl.o)
    0x08000b7a   0x08000b7a   0x00000020   Code   RO         2937    .text               mc_w.l(llushr.o)
    0x08000b9a   0x08000b9a   0x00000024   Code   RO         2939    .text               mc_w.l(llsshr.o)
    0x08000bbe   0x08000bbe   0x00000000   Code   RO         2948    .text               mc_w.l(iusefp.o)
    0x08000bbe   0x08000bbe   0x0000006e   Code   RO         2949    .text               mf_w.l(fepilogue.o)
    0x08000c2c   0x08000c2c   0x000000ba   Code   RO         2951    .text               mf_w.l(depilogue.o)
    0x08000ce6   0x08000ce6   0x00000030   Code   RO         2957    .text               mf_w.l(dfixul.o)
    0x08000d16   0x08000d16   0x00000002   PAD
    0x08000d18   0x08000d18   0x00000030   Code   RO         2961    .text               mf_w.l(cdrcmple.o)
    0x08000d48   0x08000d48   0x00000030   Code   RO         2963    .text               mc_w.l(init.o)
    0x08000d78   0x08000d78   0x00000056   Code   RO         2973    .text               mc_w.l(__dczerorl2.o)
    0x08000dce   0x08000dce   0x00000002   PAD
    0x08000dd0   0x08000dd0   0x000000b4   Code   RO         2445    .text.Create_Menu_Item  menu.o
    0x08000e84   0x08000e84   0x00000020   Code   RO           60    .text.DMA1_Channel1_IRQHandler  isr.o
    0x08000ea4   0x08000ea4   0x00000022   Code   RO           62    .text.DMA1_Channel2_IRQHandler  isr.o
    0x08000ec6   0x08000ec6   0x00000002   PAD
    0x08000ec8   0x08000ec8   0x00000022   Code   RO           64    .text.DMA1_Channel3_IRQHandler  isr.o
    0x08000eea   0x08000eea   0x00000002   PAD
    0x08000eec   0x08000eec   0x00000030   Code   RO           66    .text.DMA1_Channel4_IRQHandler  isr.o
    0x08000f1c   0x08000f1c   0x00000022   Code   RO           68    .text.DMA1_Channel5_IRQHandler  isr.o
    0x08000f3e   0x08000f3e   0x00000002   PAD
    0x08000f40   0x08000f40   0x00000022   Code   RO           70    .text.DMA1_Channel6_IRQHandler  isr.o
    0x08000f62   0x08000f62   0x00000002   PAD
    0x08000f64   0x08000f64   0x00000022   Code   RO           72    .text.DMA1_Channel7_IRQHandler  isr.o
    0x08000f86   0x08000f86   0x00000002   PAD
    0x08000f88   0x08000f88   0x00000024   Code   RO           74    .text.DMA2_Channel1_IRQHandler  isr.o
    0x08000fac   0x08000fac   0x00000026   Code   RO           76    .text.DMA2_Channel2_IRQHandler  isr.o
    0x08000fd2   0x08000fd2   0x00000002   PAD
    0x08000fd4   0x08000fd4   0x00000026   Code   RO           78    .text.DMA2_Channel3_IRQHandler  isr.o
    0x08000ffa   0x08000ffa   0x00000002   PAD
    0x08000ffc   0x08000ffc   0x00000026   Code   RO           80    .text.DMA2_Channel4_IRQHandler  isr.o
    0x08001022   0x08001022   0x00000002   PAD
    0x08001024   0x08001024   0x00000026   Code   RO           82    .text.DMA2_Channel5_IRQHandler  isr.o
    0x0800104a   0x0800104a   0x00000002   PAD
    0x0800104c   0x0800104c   0x00000012   Code   RO           46    .text.EXTI0_IRQHandler  isr.o
    0x0800105e   0x0800105e   0x00000002   PAD
    0x08001060   0x08001060   0x000000e4   Code   RO           58    .text.EXTI15_10_IRQHandler  isr.o
    0x08001144   0x08001144   0x00000012   Code   RO           48    .text.EXTI1_IRQHandler  isr.o
    0x08001156   0x08001156   0x00000002   PAD
    0x08001158   0x08001158   0x00000012   Code   RO           50    .text.EXTI2_IRQHandler  isr.o
    0x0800116a   0x0800116a   0x00000002   PAD
    0x0800116c   0x0800116c   0x00000012   Code   RO           52    .text.EXTI3_IRQHandler  isr.o
    0x0800117e   0x0800117e   0x00000002   PAD
    0x08001180   0x08001180   0x00000012   Code   RO           54    .text.EXTI4_IRQHandler  isr.o
    0x08001192   0x08001192   0x00000002   PAD
    0x08001194   0x08001194   0x000000c4   Code   RO           56    .text.EXTI9_5_IRQHandler  isr.o
    0x08001258   0x08001258   0x00000030   Code   RO         2484    .text.K4_back       mymenu.o
    0x08001288   0x08001288   0x0000002a   Code   RO         2688    .text.KF_init       kf.o
    0x080012b2   0x080012b2   0x00000002   PAD
    0x080012b4   0x080012b4   0x00000026   Code   RO         2453    .text.Menu_Set_Limit  menu.o
    0x080012da   0x080012da   0x00000002   PAD
    0x080012dc   0x080012dc   0x00000022   Code   RO         2670    .text.PID_INC_Init  pid.o
    0x080012fe   0x080012fe   0x00000002   PAD
    0x08001300   0x08001300   0x0000010a   Code   RO         2672    .text.PID_INC_Update  pid.o
    0x0800140a   0x0800140a   0x00000002   PAD
    0x0800140c   0x0800140c   0x0000004e   Code   RO         2676    .text.Speed_PID_Crtl  pid.o
    0x0800145a   0x0800145a   0x00000002   PAD
    0x0800145c   0x0800145c   0x0000001c   Code   RO         2674    .text.Speed_PID_Init  pid.o
    0x08001478   0x08001478   0x00000010   Code   RO         1505    .text.SystemInit    system_mm32f3277g.o
    0x08001488   0x08001488   0x00000012   Code   RO           14    .text.TIM1_UP_IRQHandler  isr.o
    0x0800149a   0x0800149a   0x00000002   PAD
    0x0800149c   0x0800149c   0x00000010   Code   RO           16    .text.TIM2_IRQHandler  isr.o
    0x080014ac   0x080014ac   0x00000012   Code   RO           18    .text.TIM3_IRQHandler  isr.o
    0x080014be   0x080014be   0x00000002   PAD
    0x080014c0   0x080014c0   0x00000012   Code   RO           20    .text.TIM4_IRQHandler  isr.o
    0x080014d2   0x080014d2   0x00000002   PAD
    0x080014d4   0x080014d4   0x00000012   Code   RO           22    .text.TIM5_IRQHandler  isr.o
    0x080014e6   0x080014e6   0x00000002   PAD
    0x080014e8   0x080014e8   0x0000008a   Code   RO           24    .text.TIM6_IRQHandler  isr.o
    0x08001572   0x08001572   0x00000002   PAD
    0x08001574   0x08001574   0x0000004a   Code   RO           26    .text.TIM7_IRQHandler  isr.o
    0x080015be   0x080015be   0x00000002   PAD
    0x080015c0   0x080015c0   0x00000018   Code   RO           28    .text.TIM8_UP_IRQHandler  isr.o
    0x080015d8   0x080015d8   0x00000048   Code   RO           30    .text.UART1_IRQHandler  isr.o
    0x08001620   0x08001620   0x0000004e   Code   RO           32    .text.UART2_IRQHandler  isr.o
    0x0800166e   0x0800166e   0x00000002   PAD
    0x08001670   0x08001670   0x00000048   Code   RO           34    .text.UART3_IRQHandler  isr.o
    0x080016b8   0x080016b8   0x00000048   Code   RO           36    .text.UART4_IRQHandler  isr.o
    0x08001700   0x08001700   0x00000048   Code   RO           38    .text.UART5_IRQHandler  isr.o
    0x08001748   0x08001748   0x0000005a   Code   RO           40    .text.UART6_IRQHandler  isr.o
    0x080017a2   0x080017a2   0x00000002   PAD
    0x080017a4   0x080017a4   0x00000048   Code   RO           42    .text.UART7_IRQHandler  isr.o
    0x080017ec   0x080017ec   0x00000056   Code   RO           44    .text.UART8_IRQHandler  isr.o
    0x08001842   0x08001842   0x00000002   PAD
    0x08001844   0x08001844   0x00000038   Code   RO          233    .text.__NVIC_DisableIRQ  zf_common_interrupt.o
    0x0800187c   0x0800187c   0x00000030   Code   RO          229    .text.__NVIC_EnableIRQ  zf_common_interrupt.o
    0x080018ac   0x080018ac   0x00000042   Code   RO          237    .text.__NVIC_SetPriority  zf_common_interrupt.o
    0x080018ee   0x080018ee   0x00000002   PAD
    0x080018f0   0x080018f0   0x0000003c   Code   RO          241    .text.__NVIC_SetPriorityGrouping  zf_common_interrupt.o
    0x0800192c   0x0800192c   0x00000096   Code   RO          251    .text.adc_convert   zf_driver_adc.o
    0x080019c2   0x080019c2   0x00000002   PAD
    0x080019c4   0x080019c4   0x00000180   Code   RO          358    .text.afio_init     zf_driver_gpio.o
    0x08001b44   0x08001b44   0x000000c0   Code   RO         2583    .text.border_smooth  vision.o
    0x08001c04   0x08001c04   0x000000a4   Code   RO         2585    .text.calc_adaptive_far  vision.o
    0x08001ca8   0x08001ca8   0x0000001c   Code   RO          740    .text.camera_fifo_init  zf_device_camera.o
    0x08001cc4   0x08001cc4   0x000000ca   Code   RO          742    .text.camera_init   zf_device_camera.o
    0x08001d8e   0x08001d8e   0x00000002   PAD
    0x08001d90   0x08001d90   0x00000024   Code   RO           91    .text.clock_init    zf_common_clock.o
    0x08001db4   0x08001db4   0x00000098   Code   RO           93    .text.clock_reset   zf_common_clock.o
    0x08001e4c   0x08001e4c   0x00000260   Code   RO           95    .text.clock_set_freq  zf_common_clock.o
    0x080020ac   0x080020ac   0x000001a4   Code   RO         2569    .text.compute_otsu  vision.o
    0x08002250   0x08002250   0x000000a4   Code   RO         2608    .text.control_init  control.o
    0x080022f4   0x080022f4   0x00000018   Code   RO         2612    .text.control_update  control.o
    0x0800230c   0x0800230c   0x00000120   Code   RO         2610    .text.control_vofa_send  control.o
    0x0800242c   0x0800242c   0x0000006c   Code   RO          113    .text.debug_assert_handler  zf_common_debug.o
    0x08002498   0x08002498   0x00000040   Code   RO          119    .text.debug_delay   zf_common_debug.o
    0x080024d8   0x080024d8   0x00000032   Code   RO          127    .text.debug_init    zf_common_debug.o
    0x0800250a   0x0800250a   0x00000002   PAD
    0x0800250c   0x0800250c   0x00000042   Code   RO          121    .text.debug_log_handler  zf_common_debug.o
    0x0800254e   0x0800254e   0x00000002   PAD
    0x08002550   0x08002550   0x000003ae   Code   RO          117    .text.debug_output  zf_common_debug.o
    0x080028fe   0x080028fe   0x00000002   PAD
    0x08002900   0x08002900   0x0000004c   Code   RO          125    .text.debug_output_init  zf_common_debug.o
    0x0800294c   0x0800294c   0x00000030   Code   RO          123    .text.debug_output_struct_init  zf_common_debug.o
    0x0800297c   0x0800297c   0x000000f2   Code   RO          115    .text.debug_protective_handler  zf_common_debug.o
    0x08002a6e   0x08002a6e   0x00000002   PAD
    0x08002a70   0x08002a70   0x00000012   Code   RO          129    .text.debug_uart_str_output  zf_common_debug.o
    0x08002a82   0x08002a82   0x00000002   PAD
    0x08002a84   0x08002a84   0x0000003a   Code   RO          798    .text.dm1xa_light_callback  zf_device_dm1xa.o
    0x08002abe   0x08002abe   0x00000002   PAD
    0x08002ac0   0x08002ac0   0x00000100   Code   RO          796    .text.dm1xa_sound_callback  zf_device_dm1xa.o
    0x08002bc0   0x08002bc0   0x00000152   Code   RO          285    .text.dma_camera_init  zf_driver_dma.o
    0x08002d12   0x08002d12   0x00000002   PAD
    0x08002d14   0x08002d14   0x00000032   Code   RO          283    .text.dma_disable   zf_driver_dma.o
    0x08002d46   0x08002d46   0x00000002   PAD
    0x08002d48   0x08002d48   0x00000032   Code   RO          281    .text.dma_enable    zf_driver_dma.o
    0x08002d7a   0x08002d7a   0x00000002   PAD
    0x08002d7c   0x08002d7c   0x00000034   Code   RO          279    .text.dma_set_count  zf_driver_dma.o
    0x08002db0   0x08002db0   0x0000005a   Code   RO         2449    .text.dynamicCreate_Menu_Folder  menu.o
    0x08002e0a   0x08002e0a   0x00000002   PAD
    0x08002e0c   0x08002e0c   0x00000064   Code   RO         2451    .text.dynamicCreate_Menu_Number  menu.o
    0x08002e70   0x08002e70   0x00000090   Code   RO          297    .text.encoder_clear_count  zf_driver_encoder.o
    0x08002f00   0x08002f00   0x000000de   Code   RO          295    .text.encoder_get_count  zf_driver_encoder.o
    0x08002fde   0x08002fde   0x00000002   PAD
    0x08002fe0   0x08002fe0   0x0000000e   Code   RO         2518    .text.encoder_get_left_speed  encoder.o
    0x08002fee   0x08002fee   0x00000002   PAD
    0x08002ff0   0x08002ff0   0x0000000e   Code   RO         2520    .text.encoder_get_right_speed  encoder.o
    0x08002ffe   0x08002ffe   0x00000002   PAD
    0x08003000   0x08003000   0x00000042   Code   RO         2516    .text.encoder_init  encoder.o
    0x08003042   0x08003042   0x00000002   PAD
    0x08003044   0x08003044   0x0000003c   Code   RO         2522    .text.encoder_pit_callback  encoder.o
    0x08003080   0x08003080   0x0000015a   Code   RO          299    .text.encoder_quad_init  zf_driver_encoder.o
    0x080031da   0x080031da   0x00000002   PAD
    0x080031dc   0x080031dc   0x000002a0   Code   RO          316    .text.exti_init     zf_driver_exti.o
    0x0800347c   0x0800347c   0x000000a8   Code   RO          144    .text.fifo_clear    zf_common_fifo.o
    0x08003524   0x08003524   0x0000002e   Code   RO          156    .text.fifo_end_offset  zf_common_fifo.o
    0x08003552   0x08003552   0x00000002   PAD
    0x08003554   0x08003554   0x0000002e   Code   RO          150    .text.fifo_head_offset  zf_common_fifo.o
    0x08003582   0x08003582   0x00000002   PAD
    0x08003584   0x08003584   0x0000006e   Code   RO          162    .text.fifo_init     zf_common_fifo.o
    0x080035f2   0x080035f2   0x00000002   PAD
    0x080035f4   0x080035f4   0x000001f0   Code   RO          158    .text.fifo_read_buffer  zf_common_fifo.o
    0x080037e4   0x080037e4   0x00000028   Code   RO          146    .text.fifo_used     zf_common_fifo.o
    0x0800380c   0x0800380c   0x000001fa   Code   RO          152    .text.fifo_write_buffer  zf_common_fifo.o
    0x08003a06   0x08003a06   0x00000002   PAD
    0x08003a08   0x08003a08   0x000000be   Code   RO          148    .text.fifo_write_element  zf_common_fifo.o
    0x08003ac6   0x08003ac6   0x00000002   PAD
    0x08003ac8   0x08003ac8   0x00000152   Code   RO         2573    .text.filter_bottom_connected  vision.o
    0x08003c1a   0x08003c1a   0x00000002   PAD
    0x08003c1c   0x08003c1c   0x0000024c   Code   RO          198    .text.func_float_to_str  zf_common_function.o
    0x08003e68   0x08003e68   0x00000042   Code   RO          184    .text.func_get_greatest_common_divisor  zf_common_function.o
    0x08003eaa   0x08003eaa   0x00000002   PAD
    0x08003eac   0x08003eac   0x000000f2   Code   RO          190    .text.func_int_to_str  zf_common_function.o
    0x08003f9e   0x08003f9e   0x00000002   PAD
    0x08003fa0   0x08003fa0   0x0000002e   Code   RO          350    .text.gpio_get_level  zf_driver_gpio.o
    0x08003fce   0x08003fce   0x00000002   PAD
    0x08003fd0   0x08003fd0   0x000001e8   Code   RO          356    .text.gpio_init     zf_driver_gpio.o
    0x080041b8   0x080041b8   0x00000062   Code   RO          348    .text.gpio_set_level  zf_driver_gpio.o
    0x0800421a   0x0800421a   0x00000002   PAD
    0x0800421c   0x0800421c   0x0000013a   Code   RO          827    .text.gps_uart_callback  zf_device_gps_tau1201.o
    0x08004356   0x08004356   0x00000002   PAD
    0x08004358   0x08004358   0x00000014   Code   RO          231    .text.interrupt_disable  zf_common_interrupt.o
    0x0800436c   0x0800436c   0x00000014   Code   RO          227    .text.interrupt_enable  zf_common_interrupt.o
    0x08004380   0x08004380   0x00000024   Code   RO          225    .text.interrupt_global_disable  zf_common_interrupt.o
    0x080043a4   0x080043a4   0x0000000a   Code   RO          239    .text.interrupt_init  zf_common_interrupt.o
    0x080043ae   0x080043ae   0x00000002   PAD
    0x080043b0   0x080043b0   0x0000001c   Code   RO          235    .text.interrupt_set_priority  zf_common_interrupt.o
    0x080043cc   0x080043cc   0x0000010e   Code   RO         1029    .text.ips200_clear  zf_device_ips200.o
    0x080044da   0x080044da   0x00000002   PAD
    0x080044dc   0x080044dc   0x0000008a   Code   RO         1073    .text.ips200_debug_init  zf_device_ips200.o
    0x08004566   0x08004566   0x00000002   PAD
    0x08004568   0x08004568   0x000000ea   Code   RO         1043    .text.ips200_draw_point  zf_device_ips200.o
    0x08004652   0x08004652   0x00000002   PAD
    0x08004654   0x08004654   0x00000472   Code   RO         1067    .text.ips200_init   zf_device_ips200.o
    0x08004ac6   0x08004ac6   0x00000002   PAD
    0x08004ac8   0x08004ac8   0x0000002a   Code   RO         1041    .text.ips200_set_color  zf_device_ips200.o
    0x08004af2   0x08004af2   0x00000002   PAD
    0x08004af4   0x08004af4   0x00000066   Code   RO         1037    .text.ips200_set_dir  zf_device_ips200.o
    0x08004b5a   0x08004b5a   0x00000002   PAD
    0x08004b5c   0x08004b5c   0x00000018   Code   RO         1039    .text.ips200_set_font  zf_device_ips200.o
    0x08004b74   0x08004b74   0x000000c4   Code   RO         1031    .text.ips200_set_region  zf_device_ips200.o
    0x08004c38   0x08004c38   0x000002de   Code   RO         1047    .text.ips200_show_char  zf_device_ips200.o
    0x08004f16   0x08004f16   0x00000002   PAD
    0x08004f18   0x08004f18   0x0000015e   Code   RO         1055    .text.ips200_show_float  zf_device_ips200.o
    0x08005076   0x08005076   0x00000002   PAD
    0x08005078   0x08005078   0x00000214   Code   RO         1059    .text.ips200_show_gray_image  zf_device_ips200.o
    0x0800528c   0x0800528c   0x00000100   Code   RO         1051    .text.ips200_show_int  zf_device_ips200.o
    0x0800538c   0x0800538c   0x000000dc   Code   RO         1049    .text.ips200_show_string  zf_device_ips200.o
    0x08005468   0x08005468   0x000000d6   Code   RO         1033    .text.ips200_write_16bit_data  zf_device_ips200.o
    0x0800553e   0x0800553e   0x00000002   PAD
    0x08005540   0x08005540   0x000000ae   Code   RO         1071    .text.ips200_write_8bit_data  zf_device_ips200.o
    0x080055ee   0x080055ee   0x00000002   PAD
    0x080055f0   0x080055f0   0x000000ea   Code   RO         1069    .text.ips200_write_command  zf_device_ips200.o
    0x080056da   0x080056da   0x00000002   PAD
    0x080056dc   0x080056dc   0x0000036a   Code   RO         2476    .text.k1_handle     mymenu.o
    0x08005a46   0x08005a46   0x00000002   PAD
    0x08005a48   0x08005a48   0x00000358   Code   RO         2478    .text.k2_handle     mymenu.o
    0x08005da0   0x08005da0   0x0000001a   Code   RO         2480    .text.k3_handle     mymenu.o
    0x08005dba   0x08005dba   0x00000002   PAD
    0x08005dbc   0x08005dbc   0x000000f2   Code   RO         2474    .text.k3_long_handle  mymenu.o
    0x08005eae   0x08005eae   0x00000002   PAD
    0x08005eb0   0x08005eb0   0x0000003a   Code   RO         2482    .text.k4_handle     mymenu.o
    0x08005eea   0x08005eea   0x00000002   PAD
    0x08005eec   0x08005eec   0x0000001a   Code   RO         1097    .text.key_clear_state  zf_device_key.o
    0x08005f06   0x08005f06   0x00000002   PAD
    0x08005f08   0x08005f08   0x00000018   Code   RO         1095    .text.key_get_state  zf_device_key.o
    0x08005f20   0x08005f20   0x0000007a   Code   RO         1101    .text.key_init      zf_device_key.o
    0x08005f9a   0x08005f9a   0x00000002   PAD
    0x08005f9c   0x08005f9c   0x00000100   Code   RO         1093    .text.key_scanner   zf_device_key.o
    0x0800609c   0x0800609c   0x0000016e   Code   RO            4    .text.main          main.o
    0x0800620a   0x0800620a   0x00000002   PAD
    0x0800620c   0x0800620c   0x00000194   Code   RO         2472    .text.menu          mymenu.o
    0x080063a0   0x080063a0   0x00000380   Code   RO         2464    .text.menu_init     mymenu.o
    0x08006720   0x08006720   0x00000056   Code   RO         2466    .text.menu_show     mymenu.o
    0x08006776   0x08006776   0x00000002   PAD
    0x08006778   0x08006778   0x0000004c   Code   RO         2499    .text.motor_init    motor.o
    0x080067c4   0x080067c4   0x0000007a   Code   RO         2503    .text.motor_set_left  motor.o
    0x0800683e   0x0800683e   0x00000002   PAD
    0x08006840   0x08006840   0x0000007a   Code   RO         2501    .text.motor_set_right  motor.o
    0x080068ba   0x080068ba   0x00000002   PAD
    0x080068bc   0x080068bc   0x00000016   Code   RO         2507    .text.motor_stop    motor.o
    0x080068d2   0x080068d2   0x00000002   PAD
    0x080068d4   0x080068d4   0x00000398   Code   RO         2616    .text.motor_update  control.o
    0x08006c6c   0x08006c6c   0x0000005e   Code   RO         1117    .text.mpu6050_get_gyro  zf_device_mpu6050.o
    0x08006cca   0x08006cca   0x00000002   PAD
    0x08006ccc   0x08006ccc   0x0000000e   Code   RO         2545    .text.mpu6050_get_gyro_z  mpu6050.o
    0x08006cda   0x08006cda   0x00000002   PAD
    0x08006cdc   0x08006cdc   0x00000028   Code   RO         1121    .text.mpu6050_gyro_transition  zf_device_mpu6050.o
    0x08006d04   0x08006d04   0x00000132   Code   RO         1123    .text.mpu6050_init  zf_device_mpu6050.o
    0x08006e36   0x08006e36   0x00000002   PAD
    0x08006e38   0x08006e38   0x0000004a   Code   RO         2533    .text.mpu6050_module_init  mpu6050.o
    0x08006e82   0x08006e82   0x00000002   PAD
    0x08006e84   0x08006e84   0x00000074   Code   RO         1125    .text.mpu6050_self1_check  zf_device_mpu6050.o
    0x08006ef8   0x08006ef8   0x00000016   Code   RO         1149    .text.mt9v03x_dma_handler  zf_device_mt9v03x.o
    0x08006f0e   0x08006f0e   0x00000002   PAD
    0x08006f10   0x08006f10   0x00000122   Code   RO         1159    .text.mt9v03x_get_config  zf_device_mt9v03x.o
    0x08007032   0x08007032   0x00000002   PAD
    0x08007034   0x08007034   0x000000a0   Code   RO         1143    .text.mt9v03x_get_version  zf_device_mt9v03x.o
    0x080070d4   0x080070d4   0x000001a4   Code   RO         1155    .text.mt9v03x_init  zf_device_mt9v03x.o
    0x08007278   0x08007278   0x0000003c   Code   RO         2728    .text.mt9v03x_read_word_sccb  zf_device_config.lib(zf_device_config.o)
    0x080072b4   0x080072b4   0x000000f8   Code   RO         1157    .text.mt9v03x_set_config  zf_device_mt9v03x.o
    0x080073ac   0x080073ac   0x000009ae   Code   RO         2724    .text.mt9v03x_set_config_sccb  zf_device_config.lib(zf_device_config.o)
    0x08007d5a   0x08007d5a   0x00000002   PAD
    0x08007d5c   0x08007d5c   0x00000040   Code   RO         1151    .text.mt9v03x_uart_handler  zf_device_mt9v03x.o
    0x08007d9c   0x08007d9c   0x00000036   Code   RO         1147    .text.mt9v03x_vsync_handler  zf_device_mt9v03x.o
    0x08007dd2   0x08007dd2   0x00000002   PAD
    0x08007dd4   0x08007dd4   0x00000032   Code   RO         2726    .text.mt9v03x_write_word_sccb  zf_device_config.lib(zf_device_config.o)
    0x08007e06   0x08007e06   0x00000002   PAD
    0x08007e08   0x08007e08   0x0000004a   Code   RO         2571    .text.out_of_bounds_check  vision.o
    0x08007e52   0x08007e52   0x00000002   PAD
    0x08007e54   0x08007e54   0x00000348   Code   RO         2577    .text.pho_center    vision.o
    0x0800819c   0x0800819c   0x00000132   Code   RO          426    .text.pit_init      zf_driver_pit.o
    0x080082ce   0x080082ce   0x00000002   PAD
    0x080082d0   0x080082d0   0x00000256   Code   RO          439    .text.pwm_init      zf_driver_pwm.o
    0x08008526   0x08008526   0x00000002   PAD
    0x08008528   0x08008528   0x0000012e   Code   RO          437    .text.pwm_set_duty  zf_driver_pwm.o
    0x08008656   0x08008656   0x00000002   PAD
    0x08008658   0x08008658   0x00000014   Code   RO         2554    .text.servo_init    servo.o
    0x0800866c   0x0800866c   0x00000066   Code   RO         2556    .text.servo_set_angle  servo.o
    0x080086d2   0x080086d2   0x00000002   PAD
    0x080086d4   0x080086d4   0x0000038a   Code   RO         2614    .text.servo_update  control.o
    0x08008a5e   0x08008a5e   0x00000002   PAD
    0x08008a60   0x08008a60   0x0000008a   Code   RO         1377    .text.set_camera_type  zf_device_type.o
    0x08008aea   0x08008aea   0x00000002   PAD
    0x08008aec   0x08008aec   0x0000003e   Code   RO         1379    .text.set_wireless_type  zf_device_type.o
    0x08008b2a   0x08008b2a   0x00000002   PAD
    0x08008b2c   0x08008b2c   0x0000009e   Code   RO         2470    .text.show_key      mymenu.o
    0x08008bca   0x08008bca   0x00000002   PAD
    0x08008bcc   0x08008bcc   0x00000120   Code   RO         2468    .text.show_number   mymenu.o
    0x08008cec   0x08008cec   0x0000008e   Code   RO          522    .text.soft_iic_init  zf_driver_soft_iic.o
    0x08008d7a   0x08008d7a   0x00000002   PAD
    0x08008d7c   0x08008d7c   0x00000072   Code   RO          506    .text.soft_iic_read_8bit_register  zf_driver_soft_iic.o
    0x08008dee   0x08008dee   0x00000002   PAD
    0x08008df0   0x08008df0   0x00000098   Code   RO          508    .text.soft_iic_read_8bit_registers  zf_driver_soft_iic.o
    0x08008e88   0x08008e88   0x00000164   Code   RO          498    .text.soft_iic_read_data  zf_driver_soft_iic.o
    0x08008fec   0x08008fec   0x00000078   Code   RO          520    .text.soft_iic_sccb_read_register  zf_driver_soft_iic.o
    0x08009064   0x08009064   0x00000056   Code   RO          518    .text.soft_iic_sccb_write_register  zf_driver_soft_iic.o
    0x080090ba   0x080090ba   0x00000002   PAD
    0x080090bc   0x080090bc   0x0000011a   Code   RO          526    .text.soft_iic_send_ack  zf_driver_soft_iic.o
    0x080091d6   0x080091d6   0x00000002   PAD
    0x080091d8   0x080091d8   0x00000128   Code   RO          478    .text.soft_iic_send_data  zf_driver_soft_iic.o
    0x08009300   0x08009300   0x000000da   Code   RO          476    .text.soft_iic_start  zf_driver_soft_iic.o
    0x080093da   0x080093da   0x00000002   PAD
    0x080093dc   0x080093dc   0x000000da   Code   RO          480    .text.soft_iic_stop  zf_driver_soft_iic.o
    0x080094b6   0x080094b6   0x00000002   PAD
    0x080094b8   0x080094b8   0x000000f8   Code   RO          524    .text.soft_iic_wait_ack  zf_driver_soft_iic.o
    0x080095b0   0x080095b0   0x00000056   Code   RO          488    .text.soft_iic_write_8bit_register  zf_driver_soft_iic.o
    0x08009606   0x08009606   0x00000002   PAD
    0x08009608   0x08009608   0x00000366   Code   RO          622    .text.spi_init      zf_driver_spi.o
    0x0800996e   0x0800996e   0x00000002   PAD
    0x08009970   0x08009970   0x000000b8   Code   RO          590    .text.spi_write_16bit  zf_driver_spi.o
    0x08009a28   0x08009a28   0x00000086   Code   RO          586    .text.spi_write_8bit  zf_driver_spi.o
    0x08009aae   0x08009aae   0x00000002   PAD
    0x08009ab0   0x08009ab0   0x000006ce   Code   RO         2575    .text.sweep_boundaries  vision.o
    0x0800a17e   0x0800a17e   0x00000002   PAD
    0x0800a180   0x0800a180   0x0000009a   Code   RO          267    .text.system_delay_ms  zf_driver_delay.o
    0x0800a21a   0x0800a21a   0x00000002   PAD
    0x0800a21c   0x0800a21c   0x000000b2   Code   RO          643    .text.timer_clear   zf_driver_timer.o
    0x0800a2ce   0x0800a2ce   0x00000002   PAD
    0x0800a2d0   0x0800a2d0   0x000000b6   Code   RO          635    .text.timer_clock_enable  zf_driver_timer.o
    0x0800a386   0x0800a386   0x00000002   PAD
    0x0800a388   0x0800a388   0x0000012a   Code   RO          647    .text.timer_etr_init  zf_driver_timer.o
    0x0800a4b2   0x0800a4b2   0x00000002   PAD
    0x0800a4b4   0x0800a4b4   0x00000068   Code   RO          633    .text.timer_funciton_check  zf_driver_timer.o
    0x0800a51c   0x0800a51c   0x000000b6   Code   RO          641    .text.timer_get     zf_driver_timer.o
    0x0800a5d2   0x0800a5d2   0x00000002   PAD
    0x0800a5d4   0x0800a5d4   0x000000e0   Code   RO         1359    .text.tsl1401_collect_pit_handler  zf_device_tsl1401.o
    0x0800a6b4   0x0800a6b4   0x00000002   Code   RO         1375    .text.type_default_callback  zf_device_type.o
    0x0800a6b6   0x0800a6b6   0x00000002   PAD
    0x0800a6b8   0x0800a6b8   0x0000028c   Code   RO          673    .text.uart_init     zf_driver_uart.o
    0x0800a944   0x0800a944   0x00000066   Code   RO          667    .text.uart_query_byte  zf_driver_uart.o
    0x0800a9aa   0x0800a9aa   0x00000002   PAD
    0x0800a9ac   0x0800a9ac   0x000000a0   Code   RO          671    .text.uart_rx_interrupt  zf_driver_uart.o
    0x0800aa4c   0x0800aa4c   0x0000006c   Code   RO          661    .text.uart_write_buffer  zf_driver_uart.o
    0x0800aab8   0x0800aab8   0x00000040   Code   RO          659    .text.uart_write_byte  zf_driver_uart.o
    0x0800aaf8   0x0800aaf8   0x00000040   Code   RO          663    .text.uart_write_string  zf_driver_uart.o
    0x0800ab38   0x0800ab38   0x00000026   Code   RO         2581    .text.vis_bin_draw  vision.o
    0x0800ab5e   0x0800ab5e   0x00000002   PAD
    0x0800ab60   0x0800ab60   0x000001a6   Code   RO         2567    .text.vis_deal      vision.o
    0x0800ad06   0x0800ad06   0x00000002   PAD
    0x0800ad08   0x0800ad08   0x00000184   Code   RO         2579    .text.vis_draw      vision.o
    0x0800ae8c   0x0800ae8c   0x0000001c   Code   RO         2705    .text.vofa_tx_used  vofa_uart.o
    0x0800aea8   0x0800aea8   0x00000022   Code   RO         2701    .text.vofa_uart_init  vofa_uart.o
    0x0800aeca   0x0800aeca   0x00000002   PAD
    0x0800aecc   0x0800aecc   0x00000040   Code   RO         2709    .text.vofa_uart_poll  vofa_uart.o
    0x0800af0c   0x0800af0c   0x000000b0   Code   RO         2703    .text.vofa_uart_send  vofa_uart.o
    0x0800afbc   0x0800afbc   0x00000082   Code   RO         2707    .text.vofa_uart_tx_isr  vofa_uart.o
    0x0800b03e   0x0800b03e   0x00000002   PAD
    0x0800b040   0x0800b040   0x00000028   Code   RO         1490    .text.wireless_uart_callback  zf_device_wireless_uart.o
    0x0800b068   0x0800b068   0x00000064   Code   RO         1492    .text.wireless_uart_init  zf_device_wireless_uart.o
    0x0800b0cc   0x0800b0cc   0x00000034   Code   RO         2798    i.__0snprintf       mc_w.l(printfa.o)
    0x0800b100   0x0800b100   0x00000028   Code   RO         2799    i.__0sprintf        mc_w.l(printfa.o)
    0x0800b128   0x0800b128   0x0000000e   Code   RO         2967    i.__scatterload_copy  mc_w.l(handlers.o)
    0x0800b136   0x0800b136   0x00000002   Code   RO         2968    i.__scatterload_null  mc_w.l(handlers.o)
    0x0800b138   0x0800b138   0x0000000e   Code   RO         2969    i.__scatterload_zeroinit  mc_w.l(handlers.o)
    0x0800b146   0x0800b146   0x00000002   PAD
    0x0800b148   0x0800b148   0x00000184   Code   RO         2804    i._fp_digits        mc_w.l(printfa.o)
    0x0800b2cc   0x0800b2cc   0x000006dc   Code   RO         2805    i._printf_core      mc_w.l(printfa.o)
    0x0800b9a8   0x0800b9a8   0x00000024   Code   RO         2806    i._printf_post_padding  mc_w.l(printfa.o)
    0x0800b9cc   0x0800b9cc   0x0000002e   Code   RO         2807    i._printf_pre_padding  mc_w.l(printfa.o)
    0x0800b9fa   0x0800b9fa   0x00000016   Code   RO         2808    i._snputc           mc_w.l(printfa.o)
    0x0800ba10   0x0800ba10   0x0000000a   Code   RO         2809    i._sputc            mc_w.l(printfa.o)
    0x0800ba1a   0x0800ba1a   0x00000002   PAD
    0x0800ba1c   0x0800ba1c   0x000000ac   Data   RO          136    .rodata..L__const.debug_protective_handler.pin_list  zf_common_debug.o
    0x0800bac8   0x0800bac8   0x00000228   Data   RO          173    .rodata.ascii_font_6x8  zf_common_font.o
    0x0800bcf0   0x0800bcf0   0x000005f0   Data   RO          172    .rodata.ascii_font_8x16  zf_common_font.o
    0x0800c2e0   0x0800c2e0   0x00000004   Data   RO         1103    .rodata.key_index   zf_device_key.o
    0x0800c2e4   0x0800c2e4   0x00000066   Data   RO          134    .rodata.str1.1      zf_common_debug.o
    0x0800c34a   0x0800c34a   0x0000002b   Data   RO          164    .rodata.str1.1      zf_common_fifo.o
    0x0800c375   0x0800c375   0x0000002f   Data   RO          214    .rodata.str1.1      zf_common_function.o
    0x0800c3a4   0x0800c3a4   0x0000002c   Data   RO          271    .rodata.str1.1      zf_driver_delay.o
    0x0800c3d0   0x0800c3d0   0x0000002e   Data   RO          304    .rodata.str1.1      zf_driver_encoder.o
    0x0800c3fe   0x0800c3fe   0x0000002a   Data   RO          428    .rodata.str1.1      zf_driver_pit.o
    0x0800c428   0x0800c428   0x0000002a   Data   RO          441    .rodata.str1.1      zf_driver_pwm.o
    0x0800c452   0x0800c452   0x0000002f   Data   RO          528    .rodata.str1.1      zf_driver_soft_iic.o
    0x0800c481   0x0800c481   0x0000002a   Data   RO          625    .rodata.str1.1      zf_driver_spi.o
    0x0800c4ab   0x0800c4ab   0x0000002c   Data   RO          651    .rodata.str1.1      zf_driver_timer.o
    0x0800c4d7   0x0800c4d7   0x0000002b   Data   RO          676    .rodata.str1.1      zf_driver_uart.o
    0x0800c502   0x0800c502   0x00000008   Data   RO          850    .rodata.str1.1      zf_device_gps_tau1201.o
    0x0800c50a   0x0800c50a   0x0000002d   Data   RO         1083    .rodata.str1.1      zf_device_ips200.o
    0x0800c537   0x0800c537   0x0000002a   Data   RO         1107    .rodata.str1.1      zf_device_key.o
    0x0800c561   0x0800c561   0x00000048   Data   RO         1135    .rodata.str1.1      zf_device_mpu6050.o
    0x0800c5a9   0x0800c5a9   0x00000062   Data   RO         1165    .rodata.str1.1      zf_device_mt9v03x.o
    0x0800c60b   0x0800c60b   0x000000aa   Data   RO         2487    .rodata.str1.1      mymenu.o
    0x0800c6b5   0x0800c6b5   0x0000002f   Data   RO         2646    .rodata.str1.1      control.o
    0x0800c6e4   0x0800c6e4   0x00000020   Data   RO         2966    Region$$Table       anon$$obj.o


    Execution Region RW_m_data (Exec base: 0x20000000, Load base: 0x0800c704, Size: 0x0000c49c, Max: 0x0001dc00, ABSOLUTE, COMPRESSED[0x000000f4])

    Exec Addr    Load Addr    Size         Type   Attr      Idx    E Section Name        Object

    0x20000000   COMPRESSED   0x00000014   Data   RW         2692    .data.Kf_L          kf.o
    0x20000014   COMPRESSED   0x00000014   Data   RW         2693    .data.Kf_R          kf.o
    0x20000028   COMPRESSED   0x00000030   Data   RW         2678    .data.Motor_L_PID   pid.o
    0x20000058   COMPRESSED   0x00000030   Data   RW         2679    .data.Motor_R_PID   pid.o
    0x20000088   COMPRESSED   0x00000004   Data   RW         2635    .data.ackermann_gain  control.o
    0x2000008c   COMPRESSED   0x00000008   Data   RW          257    .data.adc_index     zf_driver_adc.o
    0x20000094   COMPRESSED   0x00000001   Data   RW         2588    .data.asc_far       vision.o
    0x20000095   COMPRESSED   0x00000003   PAD
    0x20000098   COMPRESSED   0x00000004   Data   RW         1384    .data.camera_dma_handler  zf_device_type.o
    0x2000009c   COMPRESSED   0x00000004   Data   RW         1382    .data.camera_uart_handler  zf_device_type.o
    0x200000a0   COMPRESSED   0x00000004   Data   RW         1383    .data.camera_vsync_handler  zf_device_type.o
    0x200000a4   COMPRESSED   0x00000002   Data   RW          809    .data.dm1xa_distance_mm  zf_device_dm1xa.o
    0x200000a6   COMPRESSED   0x00000002   PAD
    0x200000a8   COMPRESSED   0x00000008   Data   RW          287    .data.dma_index     zf_driver_dma.o
    0x200000b0   COMPRESSED   0x00000008   Data   RW          303    .data.encoder_dir_pin  zf_driver_encoder.o
    0x200000b8   COMPRESSED   0x00000020   Data   RW          360    .data.gpio_group    zf_driver_gpio.o
    0x200000d8   COMPRESSED   0x00000004   Data   RW         2630    .data.gyro_kd       control.o
    0x200000dc   COMPRESSED   0x00000004   Data   RW         2631    .data.gyro_kd_curve  control.o
    0x200000e0   COMPRESSED   0x00000002   Data   RW         1079    .data.ips200_bgcolor  zf_device_ips200.o
    0x200000e2   COMPRESSED   0x00000001   Data   RW         1081    .data.ips200_display_font  zf_device_ips200.o
    0x200000e3   COMPRESSED   0x00000001   PAD
    0x200000e4   COMPRESSED   0x00000002   Data   RW         1082    .data.ips200_pencolor  zf_device_ips200.o
    0x200000e6   COMPRESSED   0x00000002   Data   RW         1077    .data.ips200_x_max  zf_device_ips200.o
    0x200000e8   COMPRESSED   0x00000002   Data   RW         1078    .data.ips200_y_max  zf_device_ips200.o
    0x200000ea   COMPRESSED   0x00000001   Data   RW         1085    .data.ips_bl_pin    zf_device_ips200.o
    0x200000eb   COMPRESSED   0x00000001   Data   RW         1076    .data.ips_cs_pin    zf_device_ips200.o
    0x200000ec   COMPRESSED   0x00000001   Data   RW         1084    .data.ips_rst_pin   zf_device_ips200.o
    0x200000ed   COMPRESSED   0x00000001   PAD
    0x200000ee   COMPRESSED   0x00000002   Data   RW         2599    .data.last_valid_width  vision.o
    0x200000f0   COMPRESSED   0x00000004   Data   RW         2627    .data.motor_base_duty  control.o
    0x200000f4   COMPRESSED   0x00000004   Data   RW         2628    .data.motor_curve_duty  control.o
    0x200000f8   COMPRESSED   0x00000004   Data   RW         2629    .data.motor_max_duty  control.o
    0x200000fc   COMPRESSED   0x00000004   Data   RW         2638    .data.motor_speed_kd_l  control.o
    0x20000100   COMPRESSED   0x00000004   Data   RW         2641    .data.motor_speed_kd_r  control.o
    0x20000104   COMPRESSED   0x00000004   Data   RW         2637    .data.motor_speed_ki_l  control.o
    0x20000108   COMPRESSED   0x00000004   Data   RW         2640    .data.motor_speed_ki_r  control.o
    0x2000010c   COMPRESSED   0x00000004   Data   RW         2636    .data.motor_speed_kp_l  control.o
    0x20000110   COMPRESSED   0x00000004   Data   RW         2639    .data.motor_speed_kp_r  control.o
    0x20000114   COMPRESSED   0x00000024   Data   RW         1166    .data.mt9v03x_get_confing_buffer  zf_device_mt9v03x.o
    0x20000138   COMPRESSED   0x00000028   Data   RW         1163    .data.mt9v03x_set_confing_buffer  zf_device_mt9v03x.o
    0x20000160   COMPRESSED   0x00000001   Data   RW         1162    .data.mt9v03x_type  zf_device_mt9v03x.o
    0x20000161   COMPRESSED   0x00000003   PAD
    0x20000164   COMPRESSED   0x00000004   Data   RW         2600    .data.pho_center.last_real_width  vision.o
    0x20000168   COMPRESSED   0x00000004   Data   RW         2622    .data.servo_center  control.o
    0x2000016c   COMPRESSED   0x00000004   Data   RW         2624    .data.servo_dead    control.o
    0x20000170   COMPRESSED   0x00000004   Data   RW         2626    .data.servo_dir     control.o
    0x20000174   COMPRESSED   0x00000004   Data   RW         2621    .data.servo_kd_str  control.o
    0x20000178   COMPRESSED   0x00000004   Data   RW         2618    .data.servo_kp1     control.o
    0x2000017c   COMPRESSED   0x00000004   Data   RW         2619    .data.servo_kp2     control.o
    0x20000180   COMPRESSED   0x00000004   Data   RW         2625    .data.servo_max_add  control.o
    0x20000184   COMPRESSED   0x00000004   Data   RW         2623    .data.servo_max_cha  control.o
    0x20000188   COMPRESSED   0x00000008   Data   RW          624    .data.spi_index     zf_driver_spi.o
    0x20000190   COMPRESSED   0x00000004   Data   RW           97    .data.system_clock  zf_common_clock.o
    0x20000194   COMPRESSED   0x00000020   Data   RW          675    .data.uart_index    zf_driver_uart.o
    0x200001b4   COMPRESSED   0x00000008   Data   RW          678    .data.uart_irq      zf_driver_uart.o
    0x200001bc   COMPRESSED   0x00000004   Data   RW         2589    .data.vis_deal.cached_th  vision.o
    0x200001c0   COMPRESSED   0x00000004   Data   RW         1386    .data.wireless_module_uart_handler  zf_device_type.o
    0x200001c4   COMPRESSED   0x00000001   Data   RW          132    .data.zf_debug_assert_enable  zf_common_debug.o
    0x200001c5   COMPRESSED   0x00000003   PAD
    0x200001c8        -       0x00005820   Zero   RW         2591    .bss.Image_Used     vision.o
    0x200059e8        -       0x00000001   Zero   RW         2680    .bss.Speed_PID_Enable  pid.o
    0x200059e9        -       0x00000002   Zero   RW          258    .bss.adc_resolution  zf_driver_adc.o
    0x200059eb   COMPRESSED   0x00000001   PAD
    0x200059ec        -       0x00000004   Zero   RW         2664    .bss.angle_pid_out  attitude.o
    0x200059f0        -       0x00000002   Zero   RW         2587    .bss.asc_range_dbg  vision.o
    0x200059f2        -       0x00000008   Zero   RW          747    .bss.camera_receiver_buffer  zf_device_camera.o
    0x200059fa   COMPRESSED   0x00000002   PAD
    0x200059fc        -       0x00000018   Zero   RW          746    .bss.camera_receiver_fifo  zf_device_camera.o
    0x20005a14        -       0x00000001   Zero   RW         1381    .bss.camera_type    zf_device_type.o
    0x20005a15        -       0x00000001   Zero   RW         2642    .bss.car_run        control.o
    0x20005a16        -       0x00000078   Zero   RW         2597    .bss.center_line    vision.o
    0x20005a8e        -       0x00000001   Zero   RW          133    .bss.debug_assert_handler.assert_nest_index  zf_common_debug.o
    0x20005a8f   COMPRESSED   0x00000001   PAD
    0x20005a90        -       0x00000014   Zero   RW          135    .bss.debug_output_info  zf_common_debug.o
    0x20005aa4        -       0x00000001   Zero   RW         2490    .bss.display_mode   mymenu.o
    0x20005aa5   COMPRESSED   0x00000003   PAD
    0x20005aa8        -       0x00000004   Zero   RW          807    .bss.dm1xa_plus_count  zf_device_dm1xa.o
    0x20005aac        -       0x00000001   Zero   RW          808    .bss.dm1xa_ranging_state  zf_device_dm1xa.o
    0x20005aad        -       0x00000001   Zero   RW          806    .bss.dm1xa_type     zf_device_dm1xa.o
    0x20005aae        -       0x00000002   Zero   RW         2524    .bss.encoder_left_speed  encoder.o
    0x20005ab0        -       0x00000002   Zero   RW         2525    .bss.encoder_right_speed  encoder.o
    0x20005ab2   COMPRESSED   0x00000002   PAD
    0x20005ab4        -       0x00000004   Zero   RW         2598    .bss.err            vision.o
    0x20005ab8        -       0x00000080   Zero   RW          847    .bss.gps_gga_buffer  zf_device_gps_tau1201.o
    0x20005b38        -       0x00000001   Zero   RW          842    .bss.gps_gga_state  zf_device_gps_tau1201.o
    0x20005b39        -       0x00000080   Zero   RW          845    .bss.gps_rmc_buffer  zf_device_gps_tau1201.o
    0x20005bb9        -       0x00000001   Zero   RW          843    .bss.gps_rmc_state  zf_device_gps_tau1201.o
    0x20005bba        -       0x00000001   Zero   RW          841    .bss.gps_tau1201_flag  zf_device_gps_tau1201.o
    0x20005bbb   COMPRESSED   0x00000001   PAD
    0x20005bbc        -       0x00000018   Zero   RW          849    .bss.gps_tau1201_receiver_fifo  zf_device_gps_tau1201.o
    0x20005bd4        -       0x00000001   Zero   RW          848    .bss.gps_tau1201_state  zf_device_gps_tau1201.o
    0x20005bd5   COMPRESSED   0x00000003   PAD
    0x20005bd8        -       0x00000004   Zero   RW         2643    .bss.gyro_z_dbg     control.o
    0x20005bdc        -       0x0000002c   Zero   RW         2486    .bss.head           mymenu.o
    0x20005c08        -       0x00000004   Zero   RW          243    .bss.interrupt_nest_count  zf_common_interrupt.o
    0x20005c0c        -       0x00000001   Zero   RW         1080    .bss.ips200_display_dir  zf_device_ips200.o
    0x20005c0d        -       0x00000001   Zero   RW         1075    .bss.ips200_display_type  zf_device_ips200.o
    0x20005c0e        -       0x00000001   Zero   RW         2489    .bss.k3_wait_release  mymenu.o
    0x20005c0f   COMPRESSED   0x00000001   PAD
    0x20005c10        -       0x00000004   Zero   RW         2488    .bss.key            mymenu.o
    0x20005c14        -       0x00000010   Zero   RW         1104    .bss.key_press_time  zf_device_key.o
    0x20005c24        -       0x00000004   Zero   RW         1106    .bss.key_state      zf_device_key.o
    0x20005c28        -       0x00000078   Zero   RW         2592    .bss.l_border       vision.o
    0x20005ca0        -       0x00000078   Zero   RW         2594    .bss.l_border_exist  vision.o
    0x20005d18        -       0x00000001   Zero   RW            6    .bss.main.vofa_cnt  main.o
    0x20005d19        -       0x00000001   Zero   RW         2491    .bss.menu.disp_cnt  mymenu.o
    0x20005d1a        -       0x00000001   Zero   RW         2455    .bss.menu_arr_index  menu.o
    0x20005d1b   COMPRESSED   0x00000001   PAD
    0x20005d1c        -       0x00000b00   Zero   RW         2456    .bss.menu_item_arr  menu.o
    0x2000681c        -       0x00000004   Zero   RW         2648    .bss.motor_update.base_cms_filtered  control.o
    0x20006820        -       0x00000004   Zero   RW         2649    .bss.motor_update.prev_target_l  control.o
    0x20006824        -       0x00000004   Zero   RW         2650    .bss.motor_update.prev_target_r  control.o
    0x20006828        -       0x00000002   Zero   RW         1127    .bss.mpu6050_gyro_x  zf_device_mpu6050.o
    0x2000682a        -       0x00000002   Zero   RW         1128    .bss.mpu6050_gyro_y  zf_device_mpu6050.o
    0x2000682c        -       0x00000002   Zero   RW         1129    .bss.mpu6050_gyro_z  zf_device_mpu6050.o
    0x2000682e        -       0x00000002   Zero   RW         1133    .bss.mpu6050_gyro_z_offset  zf_device_mpu6050.o
    0x20006830        -       0x00000010   Zero   RW         1134    .bss.mpu6050_iic_struct  zf_device_mpu6050.o
    0x20006840        -       0x00000001   Zero   RW         1161    .bss.mt9v03x_finish_flag  zf_device_mt9v03x.o
    0x20006841   COMPRESSED   0x00000003   PAD
    0x20006844        -       0x00000004   Zero   RW         2738    .bss.mt9v03x_h_blank  zf_device_config.lib(zf_device_config.o)
    0x20006848        -       0x00000010   Zero   RW         2736    .bss.mt9v03x_iic_inf_struct  zf_device_config.lib(zf_device_config.o)
    0x20006858        -       0x00005820   Zero   RW         1167    .bss.mt9v03x_image  zf_device_mt9v03x.o
    0x2000c078        -       0x00000014   Zero   RW         2737    .bss.mt9v03x_init_config  zf_device_config.lib(zf_device_config.o)
    0x2000c08c        -       0x00000004   Zero   RW         2739    .bss.mt9v03x_v_blank  zf_device_config.lib(zf_device_config.o)
    0x2000c090        -       0x00000002   Zero   RW         1164    .bss.mt9v03x_version  zf_device_mt9v03x.o
    0x2000c092        -       0x00000078   Zero   RW         2593    .bss.r_border       vision.o
    0x2000c10a        -       0x00000078   Zero   RW         2595    .bss.r_border_exist  vision.o
    0x2000c182   COMPRESSED   0x00000002   PAD
    0x2000c184        -       0x00000004   Zero   RW         1105    .bss.scanner_period  zf_device_key.o
    0x2000c188        -       0x00000004   Zero   RW         2620    .bss.servo_kd       control.o
    0x2000c18c        -       0x00000004   Zero   RW         2645    .bss.servo_last_angle  control.o
    0x2000c190        -       0x00000004   Zero   RW         2647    .bss.servo_last_err  control.o
    0x2000c194        -       0x00000004   Zero   RW         2644    .bss.steer_dbg      control.o
    0x2000c198        -       0x00000008   Zero   RW          649    .bss.timer_function_state  zf_driver_timer.o
    0x2000c1a0        -       0x00000008   Zero   RW          650    .bss.timer_mode_state  zf_driver_timer.o
    0x2000c1a8        -       0x00000200   Zero   RW         1366    .bss.tsl1401_data   zf_device_tsl1401.o
    0x2000c3a8        -       0x00000001   Zero   RW         1367    .bss.tsl1401_finish_flag  zf_device_tsl1401.o
    0x2000c3a9        -       0x00000001   Zero   RW         1365    .bss.tsl1401_init_state  zf_device_tsl1401.o
    0x2000c3aa        -       0x00000008   Zero   RW          677    .bss.uart_interrupt_state  zf_driver_uart.o
    0x2000c3b2   COMPRESSED   0x00000002   PAD
    0x2000c3b4        -       0x00000004   Zero   RW         2590    .bss.vis_deal.frame_since_otsu  vision.o
    0x2000c3b8        -       0x00000001   Zero   RW         2596    .bss.vis_frame_ready  vision.o
    0x2000c3b9        -       0x00000001   Zero   RW         2715    .bss.vofa_tx_active  vofa_uart.o
    0x2000c3ba        -       0x00000080   Zero   RW         2716    .bss.vofa_tx_buf    vofa_uart.o
    0x2000c43a        -       0x00000001   Zero   RW         2713    .bss.vofa_tx_head   vofa_uart.o
    0x2000c43b        -       0x00000001   Zero   RW         2714    .bss.vofa_tx_tail   vofa_uart.o
    0x2000c43c        -       0x00000001   Zero   RW         1385    .bss.wireless_type  zf_device_type.o
    0x2000c43d        -       0x00000040   Zero   RW         1497    .bss.wireless_uart_buffer  zf_device_wireless_uart.o
    0x2000c47d        -       0x00000001   Zero   RW         1496    .bss.wireless_uart_data  zf_device_wireless_uart.o
    0x2000c47e   COMPRESSED   0x00000002   PAD
    0x2000c480        -       0x00000018   Zero   RW         1495    .bss.wireless_uart_fifo  zf_device_wireless_uart.o
    0x2000c498        -       0x00000001   Zero   RW          131    .bss.zf_debug_init_flag  zf_common_debug.o


    Execution Region ARM_LIB_HEAP (Exec base: 0x2000c49c, Load base: 0x0800c7f8, Size: 0x00000400, Max: 0x00000400, ABSOLUTE)

    Exec Addr    Load Addr    Size         Type   Attr      Idx    E Section Name        Object

    0x2000c49c        -       0x00000400   Zero   RW            1    ARM_LIB_HEAP.bss    anon$$obj.o


    Execution Region ARM_LIB_STACK (Exec base: 0x2001e000, Load base: 0x0800c7f8, Size: 0x00002000, Max: 0x00002000, ABSOLUTE)

    Exec Addr    Load Addr    Size         Type   Attr      Idx    E Section Name        Object

    0x2001e000        -       0x00002000   Zero   RW            2    ARM_LIB_STACK.bss   anon$$obj.o


==============================================================================

Image component sizes


      Code (inc. data)   RO Data    RW Data    ZI Data      Debug   Object Name

         0          0          0          0          4        518   attitude.o
      2302          0         47         80         33       4181   control.o
       154          0          0          0          4       1944   encoder.o
      1890          0          0          0          0       6888   isr.o
        42          0          0         40          0       1060   kf.o
       366          0          0          0          1       3304   main.o
       408          0          0          0       2817       2736   menu.o
       342          0          0          0          0       3483   motor.o
        88          0          0          0          0       1255   mpu6050.o
      3936         44        170          0         51       6338   mymenu.o
       406          0          0         96          1       1688   pid.o
       122          0          0          0          0       1940   servo.o
        36          8        400          0          0        852   startup_mm32f3277g.o
        16          0          0          0          0        425   system_mm32f3277g.o
      4618          0          0         11      23171       9017   vision.o
       432          0          0          0        131       3093   vofa_uart.o
       796          0          0          4          0       2940   zf_common_clock.o
      1614          0        274          1         22       8242   zf_common_debug.o
      1602          0         43          0          0       5432   zf_common_fifo.o
         0          0       2072          0          0        741   zf_common_font.o
       896          0         47          0          0       8063   zf_common_function.o
       344          0          0          0          4       4677   zf_common_interrupt.o
       230          0          0          0         32       5196   zf_device_camera.o
       314          4          0          2          6       3535   zf_device_dm1xa.o
       314          0          8          0        284       8153   zf_device_gps_tau1201.o
      4858          4         45         12          2      12104   zf_device_ips200.o
       428          0         46          0         24       2990   zf_device_key.o
       556          0         72          0         24       3370   zf_device_mpu6050.o
      1258          0         98         77      22563       7021   zf_device_mt9v03x.o
       224          0          0          0        514       3520   zf_device_tsl1401.o
       202          0          0         16          2       1528   zf_device_type.o
       140          0          0          0         89       4696   zf_device_wireless_uart.o
       150          0          0          8          2       4726   zf_driver_adc.o
       154          0         44          0          0       1233   zf_driver_delay.o
       490         22          0          8          0       4150   zf_driver_dma.o
       712         24         46          8          0       5976   zf_driver_encoder.o
       672         28          0          0          0       5146   zf_driver_exti.o
      1016          0          0         32          0       4843   zf_driver_gpio.o
       306          8         42          0          0       5121   zf_driver_pit.o
       900         16         42          0          0       5395   zf_driver_pwm.o
      2318          0         47          0          0       8797   zf_driver_soft_iic.o
      1188          4         42          8          0       8699   zf_driver_spi.o
       944         32         44          0         16       7450   zf_driver_timer.o
      1150          8         43         40          8       7502   zf_driver_uart.o

    ----------------------------------------------------------------------
     39168        202       3704        456      59048     199968   Object Totals
         0          0         32          0       9216          0   (incl. Generated)
       234          0          0         13         27          0   (incl. Padding)

    ----------------------------------------------------------------------

      Code (inc. data)   RO Data    RW Data    ZI Data      Debug   Library Member Name

        86          0          0          0          0          0   __dczerorl2.o
         0          0          0          0          0          0   entry.o
         0          0          0          0          0          0   entry10a.o
         0          0          0          0          0          0   entry11a.o
         8          4          0          0          0          0   entry4.o
         4          0          0          0          0          0   entry5.o
         0          0          0          0          0          0   entry7b.o
         0          0          0          0          0          0   entry8b.o
         8          4          0          0          0          0   entry9a.o
        30          0          0          0          0          0   handlers.o
        48         10          0          0          0         68   init.o
         0          0          0          0          0          0   iusefp.o
        30          0          0          0          0         68   llshl.o
        36          0          0          0          0         68   llsshr.o
        32          0          0          0          0         68   llushr.o
        36          0          0          0          0         68   memcpya.o
        36          0          0          0          0        108   memseta.o
      2350         90          0          0          0        676   printfa.o
        14          0          0          0          0         68   strlen.o
        30          0          0          0          0         80   strncmp.o
        44          0          0          0          0         80   uidiv.o
        98          0          0          0          0         92   uldiv.o
        48          0          0          0          0         68   cdrcmple.o
       334          0          0          0          0        148   dadd.o
        56          0          0          0          0         80   dcmpeq.o
       222          0          0          0          0        100   ddiv.o
       186          0          0          0          0        176   depilogue.o
        62          0          0          0          0         80   dfixi.o
        48          0          0          0          0         68   dfixul.o
       228          0          0          0          0         96   dmul.o
        38          0          0          0          0         68   f2d.o
       176          0          0          0          0        140   fadd.o
        28          0          0          0          0         68   fcmpge.o
        28          0          0          0          0         68   fcmpgt.o
        28          0          0          0          0         68   fcmple.o
        28          0          0          0          0         68   fcmplt.o
       124          0          0          0          0         88   fdiv.o
       110          0          0          0          0        168   fepilogue.o
        50          0          0          0          0         68   ffixi.o
        40          0          0          0          0         68   ffixui.o
        18          0          0          0          0         68   fflti.o
        10          0          0          0          0         68   ffltui.o
       100          0          0          0          0         76   fmul.o
      2588          0          0          0         44       3849   zf_device_config.o

    ----------------------------------------------------------------------
      7452        108          0          0         44       7193   Library Totals
        12          0          0          0          0          0   (incl. Padding)

    ----------------------------------------------------------------------

      Code (inc. data)   RO Data    RW Data    ZI Data      Debug   Library Name

      2890        108          0          0          0       1444   mc_w.l
      1962          0          0          0          0       1900   mf_w.l
      2588          0          0          0         44       3849   zf_device_config.lib

    ----------------------------------------------------------------------
      7452        108          0          0         44       7193   Library Totals

    ----------------------------------------------------------------------

==============================================================================


      Code (inc. data)   RO Data    RW Data    ZI Data      Debug   

     46620        310       3704        456      59092     204701   Grand Totals
     46620        310       3704        244      59092     204701   ELF Image Totals (compressed)
     46620        310       3704        244          0          0   ROM Totals

==============================================================================

    Total RO  Size (Code + RO Data)                50324 (  49.14kB)
    Total RW  Size (RW Data + ZI Data)             59548 (  58.15kB)
    Total ROM Size (Code + RO Data + RW Data)      50568 (  49.38kB)

==============================================================================

