<html>
<body>
<pre>
<h1>µVision Build Log</h1>
<h2>Tool Versions:</h2>
IDE-Version: ¦ÌVision V5.43.1.0
Copyright (C) 2025 ARM Ltd and ARM Germany GmbH. All rights reserved.
License Information: A Lenovo, A, LIC=65ISZ-JXNBT-NN6AF-6S1ZM-2KWDT-J9B33
 
Tool Versions:
Toolchain:       MDK-ARM Plus  Version: 5.43.0.0
Toolchain Path:  C:\Users\Lenovo\AppData\Local\Keil_v5\ARM\ARMCLANG\Bin
C Compiler:      ArmClang.exe V6.24
Assembler:       Armasm.exe V6.24
Linker/Locator:  ArmLink.exe V6.24
Library Manager: ArmAr.exe V6.24
Hex Converter:   FromElf.exe V6.24
CPU DLL:         SARMCM3.DLL V5.43.0.0
Dialog DLL:      DCM.DLL V1.17.5.0
Target DLL:      CMSIS_AGDI.dll V1.33.24.0
Dialog DLL:      TCM.DLL V1.56.6.0
 
<h2>Project:</h2>
C:\Users\Lenovo\Desktop\summer-smartcar\summer-smartcar\smartcar\mdk\mm32f327x_g8p.uvprojx
Project File Date:  07/14/2026

<h2>Output:</h2>
*** Using Compiler 'V6.24', folder: 'C:\Users\Lenovo\AppData\Local\Keil_v5\ARM\ARMCLANG\Bin'
Build target 'mm32f327x_g8p_project'
compiling Mymenu.c...
compiling main.c...
linking...
Program Size: Code=32660 RO-data=3344 RW-data=228 ZI-data=35368  
".\Objects\MM32F327X_G8P.axf" - 0 Error(s), 0 Warning(s).

<h2>Software Packages used:</h2>

Package Vendor: MindMotion
                http://www.mindmotion.com.cn/Download/MDK_KEIL/MindMotion.MM32F3270_DFP.1.1.8.pack
                MindMotion::MM32F3270_DFP@1.1.8
                MindMotion MM32F3270 Series Device Support, Drivers and Examples

<h2>Collection of Component include folders:</h2>
  C:/Users/Lenovo/AppData/Local/Arm/Packs/MindMotion/MM32F3270_DFP/1.1.8/Device/MM32F327x/Include

<h2>Collection of Component Files used:</h2>
Build Time Elapsed:  00:00:01
</pre>
</body>
</html>
